Godot Engine v4.8.dev5.official.9552dfb68 - https://godotengine.org

[   0% ] [90m[1mfirst_scan_filesystem[22m | Started 项目初始化 (5 steps)[39m[0m
[   0% ] [90m[1mfirst_scan_filesystem[22m | 正在扫描文件结构……[39m[0m
[  16% ] [90m[1mfirst_scan_filesystem[22m | 正在加载全局类名……[39m[0m
[  33% ] [90m[1mfirst_scan_filesystem[22m | 正在校验 GDExtension……[39m[0m
[  50% ] [90m[1mfirst_scan_filesystem[22m | 正在创建自动加载脚本……[39m[0m
[  66% ] [90m[1mfirst_scan_filesystem[22m | 正在初始化插件……[39m[0m
[  83% ] [90m[1mfirst_scan_filesystem[22m | 正在启动文件扫描……[39m[0m
[92m[ DONE ][39m [1mfirst_scan_filesystem[22m
[0m
[   0% ] [90m[1mupdate_scripts_classes[22m | Started 正在注册全局类…… (23 steps)[39m[0m
[   0% ] [90m[1mupdate_scripts_classes[22m | [39m[0m
[   4% ] [90m[1mupdate_scripts_classes[22m | BattleScreen[39m[0m
[   8% ] [90m[1mupdate_scripts_classes[22m | [39m[0m
[  12% ] [90m[1mupdate_scripts_classes[22m | CodexScreen[39m[0m
[  16% ] [90m[1mupdate_scripts_classes[22m | CollectionScreen[39m[0m
[  20% ] [90m[1mupdate_scripts_classes[22m | DeckBuilderScreen[39m[0m
[  25% ] [90m[1mupdate_scripts_classes[22m | FormationScreen[39m[0m
[  29% ] [90m[1mupdate_scripts_classes[22m | [39m[0m
[  33% ] [90m[1mupdate_scripts_classes[22m | MainMenuScreen[39m[0m
[  37% ] [90m[1mupdate_scripts_classes[22m | [39m[0m
[  41% ] [90m[1mupdate_scripts_classes[22m | UIWidgets[39m[0m
[  45% ] [90m[1mupdate_scripts_classes[22m | [39m[0m
[  50% ] [90m[1mupdate_scripts_classes[22m | CollectionStore[39m[0m
[  54% ] [90m[1mupdate_scripts_classes[22m | GameAI[39m[0m
[  58% ] [90m[1mupdate_scripts_classes[22m | GameState[39m[0m
[  62% ] [90m[1mupdate_scripts_classes[22m | [39m[0m
[  66% ] [90m[1mupdate_scripts_classes[22m | [39m[0m
[  70% ] [90m[1mupdate_scripts_classes[22m | SaveStore[39m[0m
[  75% ] [90m[1mupdate_scripts_classes[22m | [39m[0m
[  79% ] [90m[1mupdate_scripts_classes[22m | [39m[0m
[  83% ] [90m[1mupdate_scripts_classes[22m | [39m[0m
[  87% ] [90m[1mupdate_scripts_classes[22m | [39m[0m
[  91% ] [90m[1mupdate_scripts_classes[22m | [39m[0m
[92m[ DONE ][39m [1mupdate_scripts_classes[22m
[0m
[   0% ] [90m[1m_update_scan_actions[22m | Started 正在扫描动作…… (484 steps)[39m[0m
[   0% ] [90m[1m_update_scan_actions[22m | bailang-awakened.svg[39m[0m
[   0% ] [90m[1m_update_scan_actions[22m | bailang.svg[39m[0m
[   0% ] [90m[1m_update_scan_actions[22m | bingyong-awakened.svg[39m[0m
[   0% ] [90m[1m_update_scan_actions[22m | bingyong.svg[39m[0m
[   0% ] [90m[1m_update_scan_actions[22m | caitongzi-awakened.svg[39m[0m
[   1% ] [90m[1m_update_scan_actions[22m | caitongzi.svg[39m[0m
[   1% ] [90m[1m_update_scan_actions[22m | datiangou-awakened.svg[39m[0m
[   1% ] [90m[1m_update_scan_actions[22m | datiangou.svg[39m[0m
[   1% ] [90m[1m_update_scan_actions[22m | fenghuanghuo-awakened.svg[39m[0m
[   1% ] [90m[1m_update_scan_actions[22m | fenghuanghuo.svg[39m[0m
[   2% ] [90m[1m_update_scan_actions[22m | guniao-awakened.svg[39m[0m
[   2% ] [90m[1m_update_scan_actions[22m | guniao.svg[39m[0m
[   2% ] [90m[1m_update_scan_actions[22m | haifangzhu-awakened.svg[39m[0m
[   2% ] [90m[1m_update_scan_actions[22m | haifangzhu.svg[39m[0m
[   2% ] [90m[1m_update_scan_actions[22m | jue-awakened.svg[39m[0m
[   3% ] [90m[1m_update_scan_actions[22m | jue.svg[39m[0m
[   3% ] [90m[1m_update_scan_actions[22m | jutun-tongzi-awakened.svg[39m[0m
[   3% ] [90m[1m_update_scan_actions[22m | jutun-tongzi.svg[39m[0m
[   3% ] [90m[1m_update_scan_actions[22m | panguan-awakened.svg[39m[0m
[   3% ] [90m[1m_update_scan_actions[22m | panguan.svg[39m[0m
[   4% ] [90m[1m_update_scan_actions[22m | qingfangzhu-awakened.svg[39m[0m
[   4% ] [90m[1m_update_scan_actions[22m | qingfangzhu.svg[39m[0m
[   4% ] [90m[1m_update_scan_actions[22m | qingshe-awakened.svg[39m[0m
[   4% ] [90m[1m_update_scan_actions[22m | qingshe.svg[39m[0m
[   4% ] [90m[1m_update_scan_actions[22m | qingwa-ciqi-awakened.svg[39m[0m
[   5% ] [90m[1m_update_scan_actions[22m | qingwa-ciqi.svg[39m[0m
[   5% ] [90m[1m_update_scan_actions[22m | qingxingdeng-awakened.svg[39m[0m
[   5% ] [90m[1m_update_scan_actions[22m | qingxingdeng.svg[39m[0m
[   5% ] [90m[1m_update_scan_actions[22m | quanshen-awakened.svg[39m[0m
[   5% ] [90m[1m_update_scan_actions[22m | quanshen.svg[39m[0m
[   6% ] [90m[1m_update_scan_actions[22m | shantong-awakened.svg[39m[0m
[   6% ] [90m[1m_update_scan_actions[22m | shantong.svg[39m[0m
[   6% ] [90m[1m_update_scan_actions[22m | shantu-awakened.svg[39m[0m
[   6% ] [90m[1m_update_scan_actions[22m | shantu.svg[39m[0m
[   7% ] [90m[1m_update_scan_actions[22m | shuweng-awakened.svg[39m[0m
[   7% ] [90m[1m_update_scan_actions[22m | shuweng.svg[39m[0m
[   7% ] [90m[1m_update_scan_actions[22m | taohuayao-awakened.svg[39m[0m
[   7% ] [90m[1m_update_scan_actions[22m | taohuayao.svg[39m[0m
[   7% ] [90m[1m_update_scan_actions[22m | tiaotiaodidi-awakened.svg[39m[0m
[   8% ] [90m[1m_update_scan_actions[22m | tiaotiaodidi.svg[39m[0m
[   8% ] [90m[1m_update_scan_actions[22m | xuenv-awakened.svg[39m[0m
[   8% ] [90m[1m_update_scan_actions[22m | xuenv.svg[39m[0m
[   8% ] [90m[1m_update_scan_actions[22m | xuetongzi-awakened.svg[39m[0m
[   8% ] [90m[1m_update_scan_actions[22m | xuetongzi.svg[39m[0m
[   9% ] [90m[1m_update_scan_actions[22m | yaodaoji-awakened.svg[39m[0m
[   9% ] [90m[1m_update_scan_actions[22m | yaodaoji.svg[39m[0m
[   9% ] [90m[1m_update_scan_actions[22m | yaoginshi-awakened.svg[39m[0m
[   9% ] [90m[1m_update_scan_actions[22m | yaoginshi.svg[39m[0m
[   9% ] [90m[1m_update_scan_actions[22m | yijin-zhentian-awakened.svg[39m[0m
[  10% ] [90m[1m_update_scan_actions[22m | yijin-zhentian.svg[39m[0m
[  10% ] [90m[1m_update_scan_actions[22m | yimulian-awakened.svg[39m[0m
[  10% ] [90m[1m_update_scan_actions[22m | yimulian.svg[39m[0m
[  10% ] [90m[1m_update_scan_actions[22m | yingcao-awakened.svg[39m[0m
[  10% ] [90m[1m_update_scan_actions[22m | yingcao.svg[39m[0m
[  11% ] [90m[1m_update_scan_actions[22m | zhen-awakened.svg[39m[0m
[  11% ] [90m[1m_update_scan_actions[22m | zhen.svg[39m[0m
[  11% ] [90m[1m_update_scan_actions[22m | zuofutongzi-awakened.svg[39m[0m
[  11% ] [90m[1m_update_scan_actions[22m | zuofutongzi.svg[39m[0m
[  11% ] [90m[1m_update_scan_actions[22m | buzhinhuo-awakened.svg[39m[0m
[  12% ] [90m[1m_update_scan_actions[22m | buzhinhuo.svg[39m[0m
[  12% ] [90m[1m_update_scan_actions[22m | lianyou-awakened.svg[39m[0m
[  12% ] [90m[1m_update_scan_actions[22m | lianyou.svg[39m[0m
[  12% ] [90m[1m_update_scan_actions[22m | lingyuyuqian-awakened.svg[39m[0m
[  12% ] [90m[1m_update_scan_actions[22m | lingyuyuqian.svg[39m[0m
[  13% ] [90m[1m_update_scan_actions[22m | rihefang-awakened.svg[39m[0m
[  13% ] [90m[1m_update_scan_actions[22m | rihefang.svg[39m[0m
[  13% ] [90m[1m_update_scan_actions[22m | tiaotiaomeimei-awakened.svg[39m[0m
[  13% ] [90m[1m_update_scan_actions[22m | tiaotiaomeimei.svg[39m[0m
[  14% ] [90m[1m_update_scan_actions[22m | xiaolunan-awakened.svg[39m[0m
[  14% ] [90m[1m_update_scan_actions[22m | xiaolunan.svg[39m[0m
[  14% ] [90m[1m_update_scan_actions[22m | yanyanluo-awakened.svg[39m[0m
[  14% ] [90m[1m_update_scan_actions[22m | yanyanluo.svg[39m[0m
[  14% ] [90m[1m_update_scan_actions[22m | yaohu-awakened.svg[39m[0m
[  15% ] [90m[1m_update_scan_actions[22m | yaohu.svg[39m[0m
[  15% ] [90m[1m_update_scan_actions[22m | yatiangou-awakened.svg[39m[0m
[  15% ] [90m[1m_update_scan_actions[22m | yatiangou.svg[39m[0m
[  15% ] [90m[1m_update_scan_actions[22m | biyehua-awakened.svg[39m[0m
[  15% ] [90m[1m_update_scan_actions[22m | biyehua.svg[39m[0m
[  16% ] [90m[1m_update_scan_actions[22m | dayueling-awakened.svg[39m[0m
[  16% ] [90m[1m_update_scan_actions[22m | dayueling.svg[39m[0m
[  16% ] [90m[1m_update_scan_actions[22m | guiqie-awakened.svg[39m[0m
[  16% ] [90m[1m_update_scan_actions[22m | guiqie.svg[39m[0m
[  16% ] [90m[1m_update_scan_actions[22m | huang-awakened.svg[39m[0m
[  17% ] [90m[1m_update_scan_actions[22m | huang.svg[39m[0m
[  17% ] [90m[1m_update_scan_actions[22m | huiyeji-awakened.svg[39m[0m
[  17% ] [90m[1m_update_scan_actions[22m | huiyeji.svg[39m[0m
[  17% ] [90m[1m_update_scan_actions[22m | jiuciliang-awakened.svg[39m[0m
[  17% ] [90m[1m_update_scan_actions[22m | jiuciliang.svg[39m[0m
[  18% ] [90m[1m_update_scan_actions[22m | longyechaji-awakened.svg[39m[0m
[  18% ] [90m[1m_update_scan_actions[22m | longyechaji.svg[39m[0m
[  18% ] [90m[1m_update_scan_actions[22m | mengpo-awakened.svg[39m[0m
[  18% ] [90m[1m_update_scan_actions[22m | mengpo.svg[39m[0m
[  18% ] [90m[1m_update_scan_actions[22m | renmianshu-awakened.svg[39m[0m
[  19% ] [90m[1m_update_scan_actions[22m | renmianshu.svg[39m[0m
[  19% ] [90m[1m_update_scan_actions[22m | sanmu-awakened.svg[39m[0m
[  19% ] [90m[1m_update_scan_actions[22m | sanmu.svg[39m[0m
[  19% ] [90m[1m_update_scan_actions[22m | shanfeng-awakened.svg[39m[0m
[  20% ] [90m[1m_update_scan_actions[22m | shanfeng.svg[39m[0m
[  20% ] [90m[1m_update_scan_actions[22m | shimengmo-awakened.svg[39m[0m
[  20% ] [90m[1m_update_scan_actions[22m | shimengmo.svg[39m[0m
[  20% ] [90m[1m_update_scan_actions[22m | tianjingxia-awakened.svg[39m[0m
[  20% ] [90m[1m_update_scan_actions[22m | tianjingxia.svg[39m[0m
[  21% ] [90m[1m_update_scan_actions[22m | tiaotiaogege-awakened.svg[39m[0m
[  21% ] [90m[1m_update_scan_actions[22m | tiaotiaogege.svg[39m[0m
[  21% ] [90m[1m_update_scan_actions[22m | wuguishi-awakened.svg[39m[0m
[  21% ] [90m[1m_update_scan_actions[22m | wuguishi.svg[39m[0m
[  21% ] [90m[1m_update_scan_actions[22m | xixueji-awakened.svg[39m[0m
[  22% ] [90m[1m_update_scan_actions[22m | xixueji.svg[39m[0m
[  22% ] [90m[1m_update_scan_actions[22m | xun-awakened.svg[39m[0m
[  22% ] [90m[1m_update_scan_actions[22m | xun.svg[39m[0m
[  22% ] [90m[1m_update_scan_actions[22m | yinghuayao-awakened.svg[39m[0m
[  22% ] [90m[1m_update_scan_actions[22m | yinghuayao.svg[39m[0m
[  23% ] [90m[1m_update_scan_actions[22m | yujiazhu-awakened.svg[39m[0m
[  23% ] [90m[1m_update_scan_actions[22m | yujiazhu.svg[39m[0m
[  23% ] [90m[1m_update_scan_actions[22m | axiuluo-awakened.svg[39m[0m
[  23% ] [90m[1m_update_scan_actions[22m | axiuluo.svg[39m[0m
[  23% ] [90m[1m_update_scan_actions[22m | baimugui-awakened.svg[39m[0m
[  24% ] [90m[1m_update_scan_actions[22m | baimugui.svg[39m[0m
[  24% ] [90m[1m_update_scan_actions[22m | banruo-awakened.svg[39m[0m
[  24% ] [90m[1m_update_scan_actions[22m | banruo.svg[39m[0m
[  24% ] [90m[1m_update_scan_actions[22m | bayiqidashe-awakened.svg[39m[0m
[  24% ] [90m[1m_update_scan_actions[22m | bayiqidashe.svg[39m[0m
[  25% ] [90m[1m_update_scan_actions[22m | dishitian-awakened.svg[39m[0m
[  25% ] [90m[1m_update_scan_actions[22m | dishitian.svg[39m[0m
[  25% ] [90m[1m_update_scan_actions[22m | duyanxiaoseng-awakened.svg[39m[0m
[  25% ] [90m[1m_update_scan_actions[22m | duyanxiaoseng.svg[39m[0m
[  25% ] [90m[1m_update_scan_actions[22m | egui-awakened.svg[39m[0m
[  26% ] [90m[1m_update_scan_actions[22m | egui.svg[39m[0m
[  26% ] [90m[1m_update_scan_actions[22m | gitongwan-awakened.svg[39m[0m
[  26% ] [90m[1m_update_scan_actions[22m | gitongwan.svg[39m[0m
[  26% ] [90m[1m_update_scan_actions[22m | gouchang-awakened.svg[39m[0m
[  27% ] [90m[1m_update_scan_actions[22m | gouchang.svg[39m[0m
[  27% ] [90m[1m_update_scan_actions[22m | guishiheibai-awakened.svg[39m[0m
[  27% ] [90m[1m_update_scan_actions[22m | guishiheibai.svg[39m[0m
[  27% ] [90m[1m_update_scan_actions[22m | hetong-awakened.svg[39m[0m
[  27% ] [90m[1m_update_scan_actions[22m | hetong.svg[39m[0m
[  28% ] [90m[1m_update_scan_actions[22m | huangkulou-awakened.svg[39m[0m
[  28% ] [90m[1m_update_scan_actions[22m | huangkulou.svg[39m[0m
[  28% ] [90m[1m_update_scan_actions[22m | huibishou-awakened.svg[39m[0m
[  28% ] [90m[1m_update_scan_actions[22m | huibishou.svg[39m[0m
[  28% ] [90m[1m_update_scan_actions[22m | huoqumo-awakened.svg[39m[0m
[  29% ] [90m[1m_update_scan_actions[22m | huoqumo.svg[39m[0m
[  29% ] [90m[1m_update_scan_actions[22m | jieshen-awakened.svg[39m[0m
[  29% ] [90m[1m_update_scan_actions[22m | jieshen.svg[39m[0m
[  29% ] [90m[1m_update_scan_actions[22m | jingliuliqian-awakened.svg[39m[0m
[  29% ] [90m[1m_update_scan_actions[22m | jingliuliqian.svg[39m[0m
[  30% ] [90m[1m_update_scan_actions[22m | jinyuji-awakened.svg[39m[0m
[  30% ] [90m[1m_update_scan_actions[22m | jinyuji.svg[39m[0m
[  30% ] [90m[1m_update_scan_actions[22m | jiumingmao-awakened.svg[39m[0m
[  30% ] [90m[1m_update_scan_actions[22m | jiumingmao.svg[39m[0m
[  30% ] [90m[1m_update_scan_actions[22m | mianqiling-awakened.svg[39m[0m
[  31% ] [90m[1m_update_scan_actions[22m | mianqiling.svg[39m[0m
[  31% ] [90m[1m_update_scan_actions[22m | tieshu-awakened.svg[39m[0m
[  31% ] [90m[1m_update_scan_actions[22m | tieshu.svg[39m[0m
[  31% ] [90m[1m_update_scan_actions[22m | wushizhiling-awakened.svg[39m[0m
[  31% ] [90m[1m_update_scan_actions[22m | wushizhiling.svg[39m[0m
[  32% ] [90m[1m_update_scan_actions[22m | xieji-awakened.svg[39m[0m
[  32% ] [90m[1m_update_scan_actions[22m | xieji.svg[39m[0m
[  32% ] [90m[1m_update_scan_actions[22m | yingxueji-awakened.svg[39m[0m
[  32% ] [90m[1m_update_scan_actions[22m | yingxueji.svg[39m[0m
[  32% ] [90m[1m_update_scan_actions[22m | yuanjiulanghu-awakened.svg[39m[0m
[  33% ] [90m[1m_update_scan_actions[22m | yuanjiulanghu.svg[39m[0m
[  33% ] [90m[1m_update_scan_actions[22m | yuzaoqian-awakened.svg[39m[0m
[  33% ] [90m[1m_update_scan_actions[22m | yuzaoqian.svg[39m[0m
[  33% ] [90m[1m_update_scan_actions[22m | zhuiyueshen-awakened.svg[39m[0m
[  34% ] [90m[1m_update_scan_actions[22m | zhuiyueshen.svg[39m[0m
[  34% ] [90m[1m_update_scan_actions[22m | baitongzi-awakened.svg[39m[0m
[  34% ] [90m[1m_update_scan_actions[22m | baitongzi.svg[39m[0m
[  34% ] [90m[1m_update_scan_actions[22m | baizangzhu-awakened.svg[39m[0m
[  34% ] [90m[1m_update_scan_actions[22m | baizangzhu.svg[39m[0m
[  35% ] [90m[1m_update_scan_actions[22m | fengli-awakened.svg[39m[0m
[  35% ] [90m[1m_update_scan_actions[22m | fengli.svg[39m[0m
[  35% ] [90m[1m_update_scan_actions[22m | guanhu-awakened.svg[39m[0m
[  35% ] [90m[1m_update_scan_actions[22m | guanhu.svg[39m[0m
[  35% ] [90m[1m_update_scan_actions[22m | heitongzi-awakened.svg[39m[0m
[  36% ] [90m[1m_update_scan_actions[22m | heitongzi.svg[39m[0m
[  36% ] [90m[1m_update_scan_actions[22m | huaniajuan-awakened.svg[39m[0m
[  36% ] [90m[1m_update_scan_actions[22m | huaniajuan.svg[39m[0m
[  36% ] [90m[1m_update_scan_actions[22m | kuileishi-awakened.svg[39m[0m
[  36% ] [90m[1m_update_scan_actions[22m | kuileishi.svg[39m[0m
[  37% ] [90m[1m_update_scan_actions[22m | liangmianfo-awakened.svg[39m[0m
[  37% ] [90m[1m_update_scan_actions[22m | liangmianfo.svg[39m[0m
[  37% ] [90m[1m_update_scan_actions[22m | limao-awakened.svg[39m[0m
[  37% ] [90m[1m_update_scan_actions[22m | limao.svg[39m[0m
[  37% ] [90m[1m_update_scan_actions[22m | maozhanggui-awakened.svg[39m[0m
[  38% ] [90m[1m_update_scan_actions[22m | maozhanggui.svg[39m[0m
[  38% ] [90m[1m_update_scan_actions[22m | qianji-awakened.svg[39m[0m
[  38% ] [90m[1m_update_scan_actions[22m | qianji.svg[39m[0m
[  38% ] [90m[1m_update_scan_actions[22m | rulianshi-awakened.svg[39m[0m
[  38% ] [90m[1m_update_scan_actions[22m | rulianshi.svg[39m[0m
[  39% ] [90m[1m_update_scan_actions[22m | shiling-awakened.svg[39m[0m
[  39% ] [90m[1m_update_scan_actions[22m | shiling.svg[39m[0m
[  39% ] [90m[1m_update_scan_actions[22m | song-awakened.svg[39m[0m
[  39% ] [90m[1m_update_scan_actions[22m | song.svg[39m[0m
[  40% ] [90m[1m_update_scan_actions[22m | tengji-awakened.svg[39m[0m
[  40% ] [90m[1m_update_scan_actions[22m | tengji.svg[39m[0m
[  40% ] [90m[1m_update_scan_actions[22m | tuwan-awakened.svg[39m[0m
[  40% ] [90m[1m_update_scan_actions[22m | tuwan.svg[39m[0m
[  40% ] [90m[1m_update_scan_actions[22m | wuwu-awakened.svg[39m[0m
[  41% ] [90m[1m_update_scan_actions[22m | wuwu.svg[39m[0m
[  41% ] [90m[1m_update_scan_actions[22m | xiaosongwan-awakened.svg[39m[0m
[  41% ] [90m[1m_update_scan_actions[22m | xiaosongwan.svg[39m[0m
[  41% ] [90m[1m_update_scan_actions[22m | xiazhongshaonv-awakened.svg[39m[0m
[  41% ] [90m[1m_update_scan_actions[22m | xiazhongshaonv.svg[39m[0m
[  42% ] [90m[1m_update_scan_actions[22m | xingxiongtongzi-awakened.svg[39m[0m
[  42% ] [90m[1m_update_scan_actions[22m | xingxiongtongzi.svg[39m[0m
[  42% ] [90m[1m_update_scan_actions[22m | yanmo-awakened.svg[39m[0m
[  42% ] [90m[1m_update_scan_actions[22m | yanmo.svg[39m[0m
[  42% ] [90m[1m_update_scan_actions[22m | yi-awakened.svg[39m[0m
[  43% ] [90m[1m_update_scan_actions[22m | yi.svg[39m[0m
[  43% ] [90m[1m_update_scan_actions[22m | yixigong-awakened.svg[39m[0m
[  43% ] [90m[1m_update_scan_actions[22m | yixigong.svg[39m[0m
[  43% ] [90m[1m_update_scan_actions[22m | yunwaijing-awakened.svg[39m[0m
[  43% ] [90m[1m_update_scan_actions[22m | yunwaijing.svg[39m[0m
[  44% ] [90m[1m_update_scan_actions[22m | baize-awakened.svg[39m[0m
[  44% ] [90m[1m_update_scan_actions[22m | baize.svg[39m[0m
[  44% ] [90m[1m_update_scan_actions[22m | bujianyue-awakened.svg[39m[0m
[  44% ] [90m[1m_update_scan_actions[22m | bujianyue.svg[39m[0m
[  44% ] [90m[1m_update_scan_actions[22m | chongshi-awakened.svg[39m[0m
[  45% ] [90m[1m_update_scan_actions[22m | chongshi.svg[39m[0m
[  45% ] [90m[1m_update_scan_actions[22m | choushizhinv-awakened.svg[39m[0m
[  45% ] [90m[1m_update_scan_actions[22m | choushizhinv.svg[39m[0m
[  45% ] [90m[1m_update_scan_actions[22m | gunvhongye-awakened.svg[39m[0m
[  45% ] [90m[1m_update_scan_actions[22m | gunvhongye.svg[39m[0m
[  46% ] [90m[1m_update_scan_actions[22m | hainren-awakened.svg[39m[0m
[  46% ] [90m[1m_update_scan_actions[22m | hainren.svg[39m[0m
[  46% ] [90m[1m_update_scan_actions[22m | huajing-awakened.svg[39m[0m
[  46% ] [90m[1m_update_scan_actions[22m | huajing.svg[39m[0m
[  47% ] [90m[1m_update_scan_actions[22m | huangchuanzhizhu-awakened.svg[39m[0m
[  47% ] [90m[1m_update_scan_actions[22m | huangchuanzhizhu.svg[39m[0m
[  47% ] [90m[1m_update_scan_actions[22m | hudiejing-awakened.svg[39m[0m
[  47% ] [90m[1m_update_scan_actions[22m | hudiejing.svg[39m[0m
[  47% ] [90m[1m_update_scan_actions[22m | jialouluo-awakened.svg[39m[0m
[  48% ] [90m[1m_update_scan_actions[22m | jialouluo.svg[39m[0m
[  48% ] [90m[1m_update_scan_actions[22m | jicanghai-awakened.svg[39m[0m
[  48% ] [90m[1m_update_scan_actions[22m | jicanghai.svg[39m[0m
[  48% ] [90m[1m_update_scan_actions[22m | jinnaluo-awakened.svg[39m[0m
[  48% ] [90m[1m_update_scan_actions[22m | jinnaluo.svg[39m[0m
[  49% ] [90m[1m_update_scan_actions[22m | linghaidie-awakened.svg[39m[0m
[  49% ] [90m[1m_update_scan_actions[22m | linghaidie.svg[39m[0m
[  49% ] [90m[1m_update_scan_actions[22m | lingyanji-awakened.svg[39m[0m
[  49% ] [90m[1m_update_scan_actions[22m | lingyanji.svg[39m[0m
[  49% ] [90m[1m_update_scan_actions[22m | liyujing-awakened.svg[39m[0m
[  50% ] [90m[1m_update_scan_actions[22m | liyujing.svg[39m[0m
[  50% ] [90m[1m_update_scan_actions[22m | luoxinfu-awakened.svg[39m[0m
[  50% ] [90m[1m_update_scan_actions[22m | luoxinfu.svg[39m[0m
[  50% ] [90m[1m_update_scan_actions[22m | ninghongye-awakened.svg[39m[0m
[  50% ] [90m[1m_update_scan_actions[22m | ninghongye.svg[39m[0m
[  51% ] [90m[1m_update_scan_actions[22m | rurineque-awakened.svg[39m[0m
[  51% ] [90m[1m_update_scan_actions[22m | rurineque.svg[39m[0m
[  51% ] [90m[1m_update_scan_actions[22m | sanweihu-awakened.svg[39m[0m
[  51% ] [90m[1m_update_scan_actions[22m | sanweihu.svg[39m[0m
[  51% ] [90m[1m_update_scan_actions[22m | shouwu-awakened.svg[39m[0m
[  52% ] [90m[1m_update_scan_actions[22m | shouwu.svg[39m[0m
[  52% ] [90m[1m_update_scan_actions[22m | shuzhu-awakened.svg[39m[0m
[  52% ] [90m[1m_update_scan_actions[22m | shuzhu.svg[39m[0m
[  52% ] [90m[1m_update_scan_actions[22m | tayumenhutao-awakened.svg[39m[0m
[  52% ] [90m[1m_update_scan_actions[22m | tayumenhutao.svg[39m[0m
[  53% ] [90m[1m_update_scan_actions[22m | wannianzhu-awakened.svg[39m[0m
[  53% ] [90m[1m_update_scan_actions[22m | wannianzhu.svg[39m[0m
[  53% ] [90m[1m_update_scan_actions[22m | wuchen-awakened.svg[39m[0m
[  53% ] [90m[1m_update_scan_actions[22m | wuchen.svg[39m[0m
[  54% ] [90m[1m_update_scan_actions[22m | xieenv-awakened.svg[39m[0m
[  54% ] [90m[1m_update_scan_actions[22m | xieenv.svg[39m[0m
[  54% ] [90m[1m_update_scan_actions[22m | xunxiangxing-awakened.svg[39m[0m
[  54% ] [90m[1m_update_scan_actions[22m | xunxiangxing.svg[39m[0m
[  54% ] [90m[1m_update_scan_actions[22m | xuzuozhinan-awakened.svg[39m[0m
[  55% ] [90m[1m_update_scan_actions[22m | xuzuozhinan.svg[39m[0m
[  55% ] [90m[1m_update_scan_actions[22m | yecha-awakened.svg[39m[0m
[  55% ] [90m[1m_update_scan_actions[22m | yecha.svg[39m[0m
[  55% ] [90m[1m_update_scan_actions[22m | yifanmumian-awakened.svg[39m[0m
[  55% ] [90m[1m_update_scan_actions[22m | yifanmumian.svg[39m[0m
[  56% ] [90m[1m_update_scan_actions[22m | yinge-awakened.svg[39m[0m
[  56% ] [90m[1m_update_scan_actions[22m | yinge.svg[39m[0m
[  56% ] [90m[1m_update_scan_actions[22m | yitiao-awakened.svg[39m[0m
[  56% ] [90m[1m_update_scan_actions[22m | yitiao.svg[39m[0m
[  56% ] [90m[1m_update_scan_actions[22m | yujuchong-awakened.svg[39m[0m
[  57% ] [90m[1m_update_scan_actions[22m | yujuchong.svg[39m[0m
[  57% ] [90m[1m_update_scan_actions[22m | caitong-lvli-awakened.svg[39m[0m
[  57% ] [90m[1m_update_scan_actions[22m | caitong-lvli.svg[39m[0m
[  57% ] [90m[1m_update_scan_actions[22m | chuanyuan-awakened.svg[39m[0m
[  57% ] [90m[1m_update_scan_actions[22m | chuanyuan.svg[39m[0m
[  58% ] [90m[1m_update_scan_actions[22m | datiangou-gangfeng-awakened.svg[39m[0m
[  58% ] [90m[1m_update_scan_actions[22m | datiangou-gangfeng.svg[39m[0m
[  58% ] [90m[1m_update_scan_actions[22m | erkounv-awakened.svg[39m[0m
[  58% ] [90m[1m_update_scan_actions[22m | erkounv.svg[39m[0m
[  58% ] [90m[1m_update_scan_actions[22m | fenpopo-awakened.svg[39m[0m
[  59% ] [90m[1m_update_scan_actions[22m | fenpopo.svg[39m[0m
[  59% ] [90m[1m_update_scan_actions[22m | gulonghuo-awakened.svg[39m[0m
[  59% ] [90m[1m_update_scan_actions[22m | gulonghuo.svg[39m[0m
[  59% ] [90m[1m_update_scan_actions[22m | guniao-yuxiang-awakened.svg[39m[0m
[  60% ] [90m[1m_update_scan_actions[22m | guniao-yuxiang.svg[39m[0m
[  60% ] [90m[1m_update_scan_actions[22m | huimingdeng-awakened.svg[39m[0m
[  60% ] [90m[1m_update_scan_actions[22m | huimingdeng.svg[39m[0m
[  60% ] [90m[1m_update_scan_actions[22m | ji-awakened.svg[39m[0m
[  60% ] [90m[1m_update_scan_actions[22m | ji.svg[39m[0m
[  61% ] [90m[1m_update_scan_actions[22m | jiao-awakened.svg[39m[0m
[  61% ] [90m[1m_update_scan_actions[22m | jiao.svg[39m[0m
[  61% ] [90m[1m_update_scan_actions[22m | jutun-wangkong-awakened.svg[39m[0m
[  61% ] [90m[1m_update_scan_actions[22m | jutun-wangkong.svg[39m[0m
[  61% ] [90m[1m_update_scan_actions[22m | kongquemingwang-awakened.svg[39m[0m
[  62% ] [90m[1m_update_scan_actions[22m | kongquemingwang.svg[39m[0m
[  62% ] [90m[1m_update_scan_actions[22m | langyazi-awakened.svg[39m[0m
[  62% ] [90m[1m_update_scan_actions[22m | langyazi.svg[39m[0m
[  62% ] [90m[1m_update_scan_actions[22m | panguan-xuanmo-awakened.svg[39m[0m
[  62% ] [90m[1m_update_scan_actions[22m | panguan-xuanmo.svg[39m[0m
[  63% ] [90m[1m_update_scan_actions[22m | qingfangzhu-fanchen-awakened.svg[39m[0m
[  63% ] [90m[1m_update_scan_actions[22m | qingfangzhu-fanchen.svg[39m[0m
[  63% ] [90m[1m_update_scan_actions[22m | qingxingdeng-huihuo-awakened.svg[39m[0m
[  63% ] [90m[1m_update_scan_actions[22m | qingxingdeng-huihuo.svg[39m[0m
[  63% ] [90m[1m_update_scan_actions[22m | quanshen-lizhan-awakened.svg[39m[0m
[  64% ] [90m[1m_update_scan_actions[22m | quanshen-lizhan.svg[39m[0m
[  64% ] [90m[1m_update_scan_actions[22m | shantu-zuofu-awakened.svg[39m[0m
[  64% ] [90m[1m_update_scan_actions[22m | shantu-zuofu.svg[39m[0m
[  64% ] [90m[1m_update_scan_actions[22m | shifagui-awakened.svg[39m[0m
[  64% ] [90m[1m_update_scan_actions[22m | shifagui.svg[39m[0m
[  65% ] [90m[1m_update_scan_actions[22m | taohua-luoying-awakened.svg[39m[0m
[  65% ] [90m[1m_update_scan_actions[22m | taohua-luoying.svg[39m[0m
[  65% ] [90m[1m_update_scan_actions[22m | tiannimei-awakened.svg[39m[0m
[  65% ] [90m[1m_update_scan_actions[22m | tiannimei.svg[39m[0m
[  65% ] [90m[1m_update_scan_actions[22m | xiaoxiuzhishou-awakened.svg[39m[0m
[  66% ] [90m[1m_update_scan_actions[22m | xiaoxiuzhishou.svg[39m[0m
[  66% ] [90m[1m_update_scan_actions[22m | yanling-awakened.svg[39m[0m
[  66% ] [90m[1m_update_scan_actions[22m | yanling.svg[39m[0m
[  66% ] [90m[1m_update_scan_actions[22m | yaodaoji-zhuren-awakened.svg[39m[0m
[  67% ] [90m[1m_update_scan_actions[22m | yaodaoji-zhuren.svg[39m[0m
[  67% ] [90m[1m_update_scan_actions[22m | yimulian-linglai-awakened.svg[39m[0m
[  67% ] [90m[1m_update_scan_actions[22m | yimulian-linglai.svg[39m[0m
[  67% ] [90m[1m_update_scan_actions[22m | alaina-awakened.svg[39m[0m
[  67% ] [90m[1m_update_scan_actions[22m | alaina.svg[39m[0m
[  68% ] [90m[1m_update_scan_actions[22m | chen-awakened.svg[39m[0m
[  68% ] [90m[1m_update_scan_actions[22m | chen.svg[39m[0m
[  68% ] [90m[1m_update_scan_actions[22m | daorenshen-awakened.svg[39m[0m
[  68% ] [90m[1m_update_scan_actions[22m | daorenshen.svg[39m[0m
[  68% ] [90m[1m_update_scan_actions[22m | ertong-awakened.svg[39m[0m
[  69% ] [90m[1m_update_scan_actions[22m | ertong.svg[39m[0m
[  69% ] [90m[1m_update_scan_actions[22m | fansi-awakened.svg[39m[0m
[  69% ] [90m[1m_update_scan_actions[22m | fansi.svg[39m[0m
[  69% ] [90m[1m_update_scan_actions[22m | guishibai-awakened.svg[39m[0m
[  69% ] [90m[1m_update_scan_actions[22m | guishibai.svg[39m[0m
[  70% ] [90m[1m_update_scan_actions[22m | guishihei-awakened.svg[39m[0m
[  70% ] [90m[1m_update_scan_actions[22m | guishihei.svg[39m[0m
[  70% ] [90m[1m_update_scan_actions[22m | gunv-awakened.svg[39m[0m
[  70% ] [90m[1m_update_scan_actions[22m | gunv.svg[39m[0m
[  70% ] [90m[1m_update_scan_actions[22m | huang-qiming-awakened.svg[39m[0m
[  71% ] [90m[1m_update_scan_actions[22m | huang-qiming.svg[39m[0m
[  71% ] [90m[1m_update_scan_actions[22m | longzi-awakened.svg[39m[0m
[  71% ] [90m[1m_update_scan_actions[22m | longzi.svg[39m[0m
[  71% ] [90m[1m_update_scan_actions[22m | maochuan-awakened.svg[39m[0m
[  71% ] [90m[1m_update_scan_actions[22m | maochuan.svg[39m[0m
[  72% ] [90m[1m_update_scan_actions[22m | mianqiling-xinsu-awakened.svg[39m[0m
[  72% ] [90m[1m_update_scan_actions[22m | mianqiling-xinsu.svg[39m[0m
[  72% ] [90m[1m_update_scan_actions[22m | rihefang-qingyang-awakened.svg[39m[0m
[  72% ] [90m[1m_update_scan_actions[22m | rihefang-qingyang.svg[39m[0m
[  72% ] [90m[1m_update_scan_actions[22m | tianzhao-awakened.svg[39m[0m
[  73% ] [90m[1m_update_scan_actions[22m | tianzhao.svg[39m[0m
[  73% ] [90m[1m_update_scan_actions[22m | tongnantongnv-awakened.svg[39m[0m
[  73% ] [90m[1m_update_scan_actions[22m | tongnantongnv.svg[39m[0m
[  73% ] [90m[1m_update_scan_actions[22m | wushi-maoshi-awakened.svg[39m[0m
[  74% ] [90m[1m_update_scan_actions[22m | wushi-maoshi.svg[39m[0m
[  74% ] [90m[1m_update_scan_actions[22m | xiaolunan-qianshou-awakened.svg[39m[0m
[  74% ] [90m[1m_update_scan_actions[22m | xiaolunan-qianshou.svg[39m[0m
[  74% ] [90m[1m_update_scan_actions[22m | yanyanluo-fumiao-awakened.svg[39m[0m
[  74% ] [90m[1m_update_scan_actions[22m | yanyanluo-fumiao.svg[39m[0m
[  75% ] [90m[1m_update_scan_actions[22m | yingcao-pupu-awakened.svg[39m[0m
[  75% ] [90m[1m_update_scan_actions[22m | yingcao-pupu.svg[39m[0m
[  75% ] [90m[1m_update_scan_actions[22m | yixienamei-awakened.svg[39m[0m
[  75% ] [90m[1m_update_scan_actions[22m | yixienamei.svg[39m[0m
[  75% ] [90m[1m_update_scan_actions[22m | youning-awakened.svg[39m[0m
[  76% ] [90m[1m_update_scan_actions[22m | youning.svg[39m[0m
[  76% ] [90m[1m_update_scan_actions[22m | yuedu-awakened.svg[39m[0m
[  76% ] [90m[1m_update_scan_actions[22m | yuedu.svg[39m[0m
[  76% ] [90m[1m_update_scan_actions[22m | yunv-awakened.svg[39m[0m
[  76% ] [90m[1m_update_scan_actions[22m | yunv.svg[39m[0m
[  77% ] [90m[1m_update_scan_actions[22m | zhiwu-awakened.svg[39m[0m
[  77% ] [90m[1m_update_scan_actions[22m | zhiwu.svg[39m[0m
[  77% ] [90m[1m_update_scan_actions[22m | zhuiyueshen-shuiyue-awakened.svg[39m[0m
[  77% ] [90m[1m_update_scan_actions[22m | zhuiyueshen-shuiyue.svg[39m[0m
[  77% ] [90m[1m_update_scan_actions[22m | baizangzhu-lixin-awakened.svg[39m[0m
[  78% ] [90m[1m_update_scan_actions[22m | baizangzhu-lixin.svg[39m[0m
[  78% ] [90m[1m_update_scan_actions[22m | chanxinyunwaijing-awakened.svg[39m[0m
[  78% ] [90m[1m_update_scan_actions[22m | chanxinyunwaijing.svg[39m[0m
[  78% ] [90m[1m_update_scan_actions[22m | chili-awakened.svg[39m[0m
[  78% ] [90m[1m_update_scan_actions[22m | chili.svg[39m[0m
[  79% ] [90m[1m_update_scan_actions[22m | chulingshanfeng-awakened.svg[39m[0m
[  79% ] [90m[1m_update_scan_actions[22m | chulingshanfeng.svg[39m[0m
[  79% ] [90m[1m_update_scan_actions[22m | daixiaoguhuoniao-awakened.svg[39m[0m
[  79% ] [90m[1m_update_scan_actions[22m | daixiaoguhuoniao.svg[39m[0m
[  80% ] [90m[1m_update_scan_actions[22m | dayueling-yuxin-awakened.svg[39m[0m
[  80% ] [90m[1m_update_scan_actions[22m | dayueling-yuxin.svg[39m[0m
[  80% ] [90m[1m_update_scan_actions[22m | fenghuanghuo-jingyu-awakened.svg[39m[0m
[  80% ] [90m[1m_update_scan_actions[22m | fenghuanghuo-jingyu.svg[39m[0m
[  80% ] [90m[1m_update_scan_actions[22m | fengyangjun-awakened.svg[39m[0m
[  81% ] [90m[1m_update_scan_actions[22m | fengyangjun.svg[39m[0m
[  81% ] [90m[1m_update_scan_actions[22m | geluoduo-awakened.svg[39m[0m
[  81% ] [90m[1m_update_scan_actions[22m | geluoduo.svg[39m[0m
[  81% ] [90m[1m_update_scan_actions[22m | guijinyang-awakened.svg[39m[0m
[  81% ] [90m[1m_update_scan_actions[22m | guijinyang.svg[39m[0m
[  82% ] [90m[1m_update_scan_actions[22m | huojinshen-awakened.svg[39m[0m
[  82% ] [90m[1m_update_scan_actions[22m | huojinshen.svg[39m[0m
[  82% ] [90m[1m_update_scan_actions[22m | jieshen-suiyuan-awakened.svg[39m[0m
[  82% ] [90m[1m_update_scan_actions[22m | jieshen-suiyuan.svg[39m[0m
[  82% ] [90m[1m_update_scan_actions[22m | jintianyuzaoqian-awakened.svg[39m[0m
[  83% ] [90m[1m_update_scan_actions[22m | jintianyuzaoqian.svg[39m[0m
[  83% ] [90m[1m_update_scan_actions[22m | longche-awakened.svg[39m[0m
[  83% ] [90m[1m_update_scan_actions[22m | longche.svg[39m[0m
[  83% ] [90m[1m_update_scan_actions[22m | longjue-awakened.svg[39m[0m
[  83% ] [90m[1m_update_scan_actions[22m | longjue.svg[39m[0m
[  84% ] [90m[1m_update_scan_actions[22m | maozhanggui-huanyan-awakened.svg[39m[0m
[  84% ] [90m[1m_update_scan_actions[22m | maozhanggui-huanyan.svg[39m[0m
[  84% ] [90m[1m_update_scan_actions[22m | pinfashen-awakened.svg[39m[0m
[  84% ] [90m[1m_update_scan_actions[22m | pinfashen.svg[39m[0m
[  84% ] [90m[1m_update_scan_actions[22m | shenqilou-awakened.svg[39m[0m
[  85% ] [90m[1m_update_scan_actions[22m | shenqilou.svg[39m[0m
[  85% ] [90m[1m_update_scan_actions[22m | shuweng-zhixing-awakened.svg[39m[0m
[  85% ] [90m[1m_update_scan_actions[22m | shuweng-zhixing.svg[39m[0m
[  85% ] [90m[1m_update_scan_actions[22m | sibing-awakened.svg[39m[0m
[  85% ] [90m[1m_update_scan_actions[22m | sibing.svg[39m[0m
[  86% ] [90m[1m_update_scan_actions[22m | tieshu-haojia-awakened.svg[39m[0m
[  86% ] [90m[1m_update_scan_actions[22m | tieshu-haojia.svg[39m[0m
[  86% ] [90m[1m_update_scan_actions[22m | xixueji-xiyi-awakened.svg[39m[0m
[  86% ] [90m[1m_update_scan_actions[22m | xixueji-xiyi.svg[39m[0m
[  87% ] [90m[1m_update_scan_actions[22m | yatiangou-qiuye-awakened.svg[39m[0m
[  87% ] [90m[1m_update_scan_actions[22m | yatiangou-qiuye.svg[39m[0m
[  87% ] [90m[1m_update_scan_actions[22m | yijin-qianxun-awakened.svg[39m[0m
[  87% ] [90m[1m_update_scan_actions[22m | yijin-qianxun.svg[39m[0m
[  87% ] [90m[1m_update_scan_actions[22m | yinfanhuiyeji-awakened.svg[39m[0m
[  88% ] [90m[1m_update_scan_actions[22m | yinfanhuiyeji.svg[39m[0m
[  88% ] [90m[1m_update_scan_actions[22m | yinghuayao-lijing-awakened.svg[39m[0m
[  88% ] [90m[1m_update_scan_actions[22m | yinghuayao-lijing.svg[39m[0m
[  88% ] [90m[1m_update_scan_actions[22m | zhaocaimao-awakened.svg[39m[0m
[  88% ] [90m[1m_update_scan_actions[22m | zhaocaimao.svg[39m[0m
[  89% ] [90m[1m_update_scan_actions[22m | nezuko-awakened.svg[39m[0m
[  89% ] [90m[1m_update_scan_actions[22m | nezuko.svg[39m[0m
[  89% ] [90m[1m_update_scan_actions[22m | tanjirou-awakened.svg[39m[0m
[  89% ] [90m[1m_update_scan_actions[22m | tanjirou.svg[39m[0m
[  89% ] [90m[1m_update_scan_actions[22m | bingqiang-awakened.svg[39m[0m
[  90% ] [90m[1m_update_scan_actions[22m | bingqiang.svg[39m[0m
[  90% ] [90m[1m_update_scan_actions[22m | fanqie-awakened.svg[39m[0m
[  90% ] [90m[1m_update_scan_actions[22m | fanqie.svg[39m[0m
[  90% ] [90m[1m_update_scan_actions[22m | huangjinyu-ling-awakened.svg[39m[0m
[  90% ] [90m[1m_update_scan_actions[22m | huangjinyu-ling.svg[39m[0m
[  91% ] [90m[1m_update_scan_actions[22m | jinran-buye-awakened.svg[39m[0m
[  91% ] [90m[1m_update_scan_actions[22m | jinran-buye.svg[39m[0m
[  91% ] [90m[1m_update_scan_actions[22m | mingdeng-shou-awakened.svg[39m[0m
[  91% ] [90m[1m_update_scan_actions[22m | mingdeng-shou.svg[39m[0m
[  91% ] [90m[1m_update_scan_actions[22m | shouhu-ling-awakened.svg[39m[0m
[  92% ] [90m[1m_update_scan_actions[22m | shouhu-ling.svg[39m[0m
[  92% ] [90m[1m_update_scan_actions[22m | xinmo-awakened.svg[39m[0m
[  92% ] [90m[1m_update_scan_actions[22m | xinmo.svg[39m[0m
[  92% ] [90m[1m_update_scan_actions[22m | xueqiu-jingling-awakened.svg[39m[0m
[  92% ] [90m[1m_update_scan_actions[22m | xueqiu-jingling.svg[39m[0m
[  93% ] [90m[1m_update_scan_actions[22m | yanyanluo-fenshen-awakened.svg[39m[0m
[  93% ] [90m[1m_update_scan_actions[22m | yanyanluo-fenshen.svg[39m[0m
[  93% ] [90m[1m_update_scan_actions[22m | zhiren-awakened.svg[39m[0m
[  93% ] [90m[1m_update_scan_actions[22m | zhiren.svg[39m[0m
[  94% ] [90m[1m_update_scan_actions[22m | jinguang-awakened.svg[39m[0m
[  94% ] [90m[1m_update_scan_actions[22m | jinguang.svg[39m[0m
[  94% ] [90m[1m_update_scan_actions[22m | leiyin-awakened.svg[39m[0m
[  94% ] [90m[1m_update_scan_actions[22m | leiyin.svg[39m[0m
[  94% ] [90m[1m_update_scan_actions[22m | momo-awakened.svg[39m[0m
[  95% ] [90m[1m_update_scan_actions[22m | momo.svg[39m[0m
[  95% ] [90m[1m_update_scan_actions[22m | shizhu-awakened.svg[39m[0m
[  95% ] [90m[1m_update_scan_actions[22m | shizhu.svg[39m[0m
[  95% ] [90m[1m_update_scan_actions[22m | shuimo-awakened.svg[39m[0m
[  95% ] [90m[1m_update_scan_actions[22m | shuimo.svg[39m[0m
[  96% ] [90m[1m_update_scan_actions[22m | xingchen-awakened.svg[39m[0m
[  96% ] [90m[1m_update_scan_actions[22m | xingchen.svg[39m[0m
[  96% ] [90m[1m_update_scan_actions[22m | yanling-huo-awakened.svg[39m[0m
[  96% ] [90m[1m_update_scan_actions[22m | yanling-huo.svg[39m[0m
[  96% ] [90m[1m_update_scan_actions[22m | yueying-awakened.svg[39m[0m
[  97% ] [90m[1m_update_scan_actions[22m | yueying.svg[39m[0m
[  97% ] [90m[1m_update_scan_actions[22m | baize-yuanqi-awakened.svg[39m[0m
[  97% ] [90m[1m_update_scan_actions[22m | baize-yuanqi.svg[39m[0m
[  97% ] [90m[1m_update_scan_actions[22m | luohou-awakened.svg[39m[0m
[  97% ] [90m[1m_update_scan_actions[22m | luohou.svg[39m[0m
[  98% ] [90m[1m_update_scan_actions[22m | shenqi-huang-awakened.svg[39m[0m
[  98% ] [90m[1m_update_scan_actions[22m | shenqi-huang.svg[39m[0m
[  98% ] [90m[1m_update_scan_actions[22m | shiyao-longyechaji-awakened.svg[39m[0m
[  98% ] [90m[1m_update_scan_actions[22m | shiyao-longyechaji.svg[39m[0m
[  98% ] [90m[1m_update_scan_actions[22m | xuan-awakened.svg[39m[0m
[  99% ] [90m[1m_update_scan_actions[22m | xuan.svg[39m[0m
[  99% ] [90m[1m_update_scan_actions[22m | yuyuan-banruo-awakened.svg[39m[0m
[  99% ] [90m[1m_update_scan_actions[22m | yuyuan-banruo.svg[39m[0m
[92m[ DONE ][39m [1m_update_scan_actions[22m
[0m
[   0% ] [90m[1mreimport[22m | Started 正在导入或重新导入资产 (484 steps)[39m[0m
[   0% ] [90m[1mreimport[22m | 正在准备重新导入文件……[39m[0m
[   0% ] [90m[1mreimport[22m | 正在准备重新导入文件……[39m[0m
[   0% ] [90m[1mreimport[22m | 正在准备重新导入文件……[39m[0m
[   0% ] [90m[1mreimport[22m | 正在准备重新导入文件……[39m[0m
[   0% ] [90m[1mreimport[22m | 正在准备重新导入文件……[39m[0m
[   1% ] [90m[1mreimport[22m | 正在准备重新导入文件……[39m[0m
[   1% ] [90m[1mreimport[22m | 正在准备重新导入文件……[39m[0m
[   1% ] [90m[1mreimport[22m | 正在准备重新导入文件……[39m[0m
[   1% ] [90m[1mreimport[22m | 正在准备重新导入文件……[39m[0m
[   1% ] [90m[1mreimport[22m | 正在准备重新导入文件……[39m[0m
[   2% ] [90m[1mreimport[22m | 正在准备重新导入文件……[39m[0m
[   2% ] [90m[1mreimport[22m | 正在准备重新导入文件……[39m[0m
[   2% ] [90m[1mreimport[22m | 正在准备重新导入文件……[39m[0m
[   2% ] [90m[1mreimport[22m | 正在准备重新导入文件……[39m[0m
[   2% ] [90m[1mreimport[22m | 正在准备重新导入文件……[39m[0m
[   3% ] [90m[1mreimport[22m | 正在准备重新导入文件……[39m[0m
[   3% ] [90m[1mreimport[22m | 正在准备重新导入文件……[39m[0m
[   3% ] [90m[1mreimport[22m | 正在准备重新导入文件……[39m[0m
[   3% ] [90m[1mreimport[22m | 正在准备重新导入文件……[39m[0m
[   3% ] [90m[1mreimport[22m | 正在准备重新导入文件……[39m[0m
[   4% ] [90m[1mreimport[22m | 正在准备重新导入文件……[39m[0m
[   4% ] [90m[1mreimport[22m | 正在准备重新导入文件……[39m[0m
[   4% ] [90m[1mreimport[22m | 正在准备重新导入文件……[39m[0m
[   4% ] [90m[1mreimport[22m | 正在准备重新导入文件……[39m[0m
[   4% ] [90m[1mreimport[22m | 正在准备重新导入文件……[39m[0m
[   5% ] [90m[1mreimport[22m | 正在准备重新导入文件……[39m[0m
[   5% ] [90m[1mreimport[22m | 正在准备重新导入文件……[39m[0m
[   5% ] [90m[1mreimport[22m | 正在准备重新导入文件……[39m[0m
[   5% ] [90m[1mreimport[22m | 正在准备重新导入文件……[39m[0m
[   5% ] [90m[1mreimport[22m | 正在准备重新导入文件……[39m[0m
[   6% ] [90m[1mreimport[22m | 正在准备重新导入文件……[39m[0m
[   6% ] [90m[1mreimport[22m | 正在准备重新导入文件……[39m[0m
[   6% ] [90m[1mreimport[22m | 正在准备重新导入文件……[39m[0m
[   6% ] [90m[1mreimport[22m | 正在准备重新导入文件……[39m[0m
[   7% ] [90m[1mreimport[22m | 正在准备重新导入文件……[39m[0m
[   7% ] [90m[1mreimport[22m | 正在准备重新导入文件……[39m[0m
[   7% ] [90m[1mreimport[22m | 正在准备重新导入文件……[39m[0m
[   7% ] [90m[1mreimport[22m | 正在准备重新导入文件……[39m[0m
[   7% ] [90m[1mreimport[22m | 正在准备重新导入文件……[39m[0m
[   8% ] [90m[1mreimport[22m | 正在准备重新导入文件……[39m[0m
[   8% ] [90m[1mreimport[22m | 正在准备重新导入文件……[39m[0m
[   8% ] [90m[1mreimport[22m | 正在准备重新导入文件……[39m[0m
[   8% ] [90m[1mreimport[22m | 正在准备重新导入文件……[39m[0m
[   8% ] [90m[1mreimport[22m | 正在准备重新导入文件……[39m[0m
[   9% ] [90m[1mreimport[22m | 正在准备重新导入文件……[39m[0m
[   9% ] [90m[1mreimport[22m | 正在准备重新导入文件……[39m[0m
[   9% ] [90m[1mreimport[22m | 正在准备重新导入文件……[39m[0m
[   9% ] [90m[1mreimport[22m | 正在准备重新导入文件……[39m[0m
[   9% ] [90m[1mreimport[22m | 正在准备重新导入文件……[39m[0m
[  10% ] [90m[1mreimport[22m | 正在准备重新导入文件……[39m[0m
[  10% ] [90m[1mreimport[22m | 正在准备重新导入文件……[39m[0m
[  10% ] [90m[1mreimport[22m | 正在准备重新导入文件……[39m[0m
[  10% ] [90m[1mreimport[22m | 正在准备重新导入文件……[39m[0m
[  10% ] [90m[1mreimport[22m | 正在准备重新导入文件……[39m[0m
[  11% ] [90m[1mreimport[22m | 正在准备重新导入文件……[39m[0m
[  11% ] [90m[1mreimport[22m | 正在准备重新导入文件……[39m[0m
[  11% ] [90m[1mreimport[22m | 正在准备重新导入文件……[39m[0m
[  11% ] [90m[1mreimport[22m | 正在准备重新导入文件……[39m[0m
[  11% ] [90m[1mreimport[22m | 正在准备重新导入文件……[39m[0m
[  12% ] [90m[1mreimport[22m | 正在准备重新导入文件……[39m[0m
[  12% ] [90m[1mreimport[22m | 正在准备重新导入文件……[39m[0m
[  12% ] [90m[1mreimport[22m | 正在准备重新导入文件……[39m[0m
[  12% ] [90m[1mreimport[22m | 正在准备重新导入文件……[39m[0m
[  12% ] [90m[1mreimport[22m | 正在准备重新导入文件……[39m[0m
[  13% ] [90m[1mreimport[22m | 正在准备重新导入文件……[39m[0m
[  13% ] [90m[1mreimport[22m | 正在准备重新导入文件……[39m[0m
[  13% ] [90m[1mreimport[22m | 正在准备重新导入文件……[39m[0m
[  13% ] [90m[1mreimport[22m | 正在准备重新导入文件……[39m[0m
[  14% ] [90m[1mreimport[22m | 正在准备重新导入文件……[39m[0m
[  14% ] [90m[1mreimport[22m | 正在准备重新导入文件……[39m[0m
[  14% ] [90m[1mreimport[22m | 正在准备重新导入文件……[39m[0m
[  14% ] [90m[1mreimport[22m | 正在准备重新导入文件……[39m[0m
[  14% ] [90m[1mreimport[22m | 正在准备重新导入文件……[39m[0m
[  15% ] [90m[1mreimport[22m | 正在准备重新导入文件……[39m[0m
[  15% ] [90m[1mreimport[22m | 正在准备重新导入文件……[39m[0m
[  15% ] [90m[1mreimport[22m | 正在准备重新导入文件……[39m[0m
[  15% ] [90m[1mreimport[22m | 正在准备重新导入文件……[39m[0m
[  15% ] [90m[1mreimport[22m | 正在准备重新导入文件……[39m[0m
[  16% ] [90m[1mreimport[22m | 正在准备重新导入文件……[39m[0m
[  16% ] [90m[1mreimport[22m | 正在准备重新导入文件……[39m[0m
[  16% ] [90m[1mreimport[22m | 正在准备重新导入文件……[39m[0m
[  16% ] [90m[1mreimport[22m | 正在准备重新导入文件……[39m[0m
[  16% ] [90m[1mreimport[22m | 正在准备重新导入文件……[39m[0m
[  17% ] [90m[1mreimport[22m | 正在准备重新导入文件……[39m[0m
[  17% ] [90m[1mreimport[22m | 正在准备重新导入文件……[39m[0m
[  17% ] [90m[1mreimport[22m | 正在准备重新导入文件……[39m[0m
[  17% ] [90m[1mreimport[22m | 正在准备重新导入文件……[39m[0m
[  17% ] [90m[1mreimport[22m | 正在准备重新导入文件……[39m[0m
[  18% ] [90m[1mreimport[22m | 正在准备重新导入文件……[39m[0m
[  18% ] [90m[1mreimport[22m | 正在准备重新导入文件……[39m[0m
[  18% ] [90m[1mreimport[22m | 正在准备重新导入文件……[39m[0m
[  18% ] [90m[1mreimport[22m | 正在准备重新导入文件……[39m[0m
[  18% ] [90m[1mreimport[22m | 正在准备重新导入文件……[39m[0m
[  19% ] [90m[1mreimport[22m | 正在准备重新导入文件……[39m[0m
[  19% ] [90m[1mreimport[22m | 正在准备重新导入文件……[39m[0m
[  19% ] [90m[1mreimport[22m | 正在准备重新导入文件……[39m[0m
[  19% ] [90m[1mreimport[22m | 正在准备重新导入文件……[39m[0m
[  20% ] [90m[1mreimport[22m | 正在准备重新导入文件……[39m[0m
[  20% ] [90m[1mreimport[22m | 正在准备重新导入文件……[39m[0m
[  20% ] [90m[1mreimport[22m | 正在准备重新导入文件……[39m[0m
[  20% ] [90m[1mreimport[22m | 正在准备重新导入文件……[39m[0m
[  20% ] [90m[1mreimport[22m | 正在准备重新导入文件……[39m[0m
[  21% ] [90m[1mreimport[22m | 正在准备重新导入文件……[39m[0m
[  21% ] [90m[1mreimport[22m | 正在准备重新导入文件……[39m[0m
[  21% ] [90m[1mreimport[22m | 正在准备重新导入文件……[39m[0m
[  21% ] [90m[1mreimport[22m | 正在准备重新导入文件……[39m[0m
[  21% ] [90m[1mreimport[22m | 正在准备重新导入文件……[39m[0m
[  22% ] [90m[1mreimport[22m | 正在准备重新导入文件……[39m[0m
[  22% ] [90m[1mreimport[22m | 正在准备重新导入文件……[39m[0m
[  22% ] [90m[1mreimport[22m | 正在准备重新导入文件……[39m[0m
[  22% ] [90m[1mreimport[22m | 正在准备重新导入文件……[39m[0m
[  22% ] [90m[1mreimport[22m | 正在准备重新导入文件……[39m[0m
[  23% ] [90m[1mreimport[22m | 正在准备重新导入文件……[39m[0m
[  23% ] [90m[1mreimport[22m | 正在准备重新导入文件……[39m[0m
[  23% ] [90m[1mreimport[22m | 正在准备重新导入文件……[39m[0m
[  23% ] [90m[1mreimport[22m | 正在准备重新导入文件……[39m[0m
[  23% ] [90m[1mreimport[22m | 正在准备重新导入文件……[39m[0m
[  24% ] [90m[1mreimport[22m | 正在准备重新导入文件……[39m[0m
[  24% ] [90m[1mreimport[22m | 正在准备重新导入文件……[39m[0m
[  24% ] [90m[1mreimport[22m | 正在准备重新导入文件……[39m[0m
[  24% ] [90m[1mreimport[22m | 正在准备重新导入文件……[39m[0m
[  24% ] [90m[1mreimport[22m | 正在准备重新导入文件……[39m[0m
[  25% ] [90m[1mreimport[22m | 正在准备重新导入文件……[39m[0m
[  25% ] [90m[1mreimport[22m | 正在准备重新导入文件……[39m[0m
[  25% ] [90m[1mreimport[22m | 正在准备重新导入文件……[39m[0m
[  25% ] [90m[1mreimport[22m | 正在准备重新导入文件……[39m[0m
[  25% ] [90m[1mreimport[22m | 正在准备重新导入文件……[39m[0m
[  26% ] [90m[1mreimport[22m | 正在准备重新导入文件……[39m[0m
[  26% ] [90m[1mreimport[22m | 正在准备重新导入文件……[39m[0m
[  26% ] [90m[1mreimport[22m | 正在准备重新导入文件……[39m[0m
[  26% ] [90m[1mreimport[22m | 正在准备重新导入文件……[39m[0m
[  27% ] [90m[1mreimport[22m | 正在准备重新导入文件……[39m[0m
[  27% ] [90m[1mreimport[22m | 正在准备重新导入文件……[39m[0m
[  27% ] [90m[1mreimport[22m | 正在准备重新导入文件……[39m[0m
[  27% ] [90m[1mreimport[22m | 正在准备重新导入文件……[39m[0m
[  27% ] [90m[1mreimport[22m | 正在准备重新导入文件……[39m[0m
[  28% ] [90m[1mreimport[22m | 正在准备重新导入文件……[39m[0m
[  28% ] [90m[1mreimport[22m | 正在准备重新导入文件……[39m[0m
[  28% ] [90m[1mreimport[22m | 正在准备重新导入文件……[39m[0m
[  28% ] [90m[1mreimport[22m | 正在准备重新导入文件……[39m[0m
[  28% ] [90m[1mreimport[22m | 正在准备重新导入文件……[39m[0m
[  29% ] [90m[1mreimport[22m | 正在准备重新导入文件……[39m[0m
[  29% ] [90m[1mreimport[22m | 正在准备重新导入文件……[39m[0m
[  29% ] [90m[1mreimport[22m | 正在准备重新导入文件……[39m[0m
[  29% ] [90m[1mreimport[22m | 正在准备重新导入文件……[39m[0m
[  29% ] [90m[1mreimport[22m | 正在准备重新导入文件……[39m[0m
[  30% ] [90m[1mreimport[22m | 正在准备重新导入文件……[39m[0m
[  30% ] [90m[1mreimport[22m | 正在准备重新导入文件……[39m[0m
[  30% ] [90m[1mreimport[22m | 正在准备重新导入文件……[39m[0m
[  30% ] [90m[1mreimport[22m | 正在准备重新导入文件……[39m[0m
[  30% ] [90m[1mreimport[22m | 正在准备重新导入文件……[39m[0m
[  31% ] [90m[1mreimport[22m | 正在准备重新导入文件……[39m[0m
[  31% ] [90m[1mreimport[22m | 正在准备重新导入文件……[39m[0m
[  31% ] [90m[1mreimport[22m | 正在准备重新导入文件……[39m[0m
[  31% ] [90m[1mreimport[22m | 正在准备重新导入文件……[39m[0m
[  31% ] [90m[1mreimport[22m | 正在准备重新导入文件……[39m[0m
[  32% ] [90m[1mreimport[22m | 正在准备重新导入文件……[39m[0m
[  32% ] [90m[1mreimport[22m | 正在准备重新导入文件……[39m[0m
[  32% ] [90m[1mreimport[22m | 正在准备重新导入文件……[39m[0m
[  32% ] [90m[1mreimport[22m | 正在准备重新导入文件……[39m[0m
[  32% ] [90m[1mreimport[22m | 正在准备重新导入文件……[39m[0m
[  33% ] [90m[1mreimport[22m | 正在准备重新导入文件……[39m[0m
[  33% ] [90m[1mreimport[22m | 正在准备重新导入文件……[39m[0m
[  33% ] [90m[1mreimport[22m | 正在准备重新导入文件……[39m[0m
[  33% ] [90m[1mreimport[22m | 正在准备重新导入文件……[39m[0m
[  34% ] [90m[1mreimport[22m | 正在准备重新导入文件……[39m[0m
[  34% ] [90m[1mreimport[22m | 正在准备重新导入文件……[39m[0m
[  34% ] [90m[1mreimport[22m | 正在准备重新导入文件……[39m[0m
[  34% ] [90m[1mreimport[22m | 正在准备重新导入文件……[39m[0m
[  34% ] [90m[1mreimport[22m | 正在准备重新导入文件……[39m[0m
[  35% ] [90m[1mreimport[22m | 正在准备重新导入文件……[39m[0m
[  35% ] [90m[1mreimport[22m | 正在准备重新导入文件……[39m[0m
[  35% ] [90m[1mreimport[22m | 正在准备重新导入文件……[39m[0m
[  35% ] [90m[1mreimport[22m | 正在准备重新导入文件……[39m[0m
[  35% ] [90m[1mreimport[22m | 正在准备重新导入文件……[39m[0m
[  36% ] [90m[1mreimport[22m | 正在准备重新导入文件……[39m[0m
[  36% ] [90m[1mreimport[22m | 正在准备重新导入文件……[39m[0m
[  36% ] [90m[1mreimport[22m | 正在准备重新导入文件……[39m[0m
[  36% ] [90m[1mreimport[22m | 正在准备重新导入文件……[39m[0m
[  36% ] [90m[1mreimport[22m | 正在准备重新导入文件……[39m[0m
[  37% ] [90m[1mreimport[22m | 正在准备重新导入文件……[39m[0m
[  37% ] [90m[1mreimport[22m | 正在准备重新导入文件……[39m[0m
[  37% ] [90m[1mreimport[22m | 正在准备重新导入文件……[39m[0m
[  37% ] [90m[1mreimport[22m | 正在准备重新导入文件……[39m[0m
[  37% ] [90m[1mreimport[22m | 正在准备重新导入文件……[39m[0m
[  38% ] [90m[1mreimport[22m | 正在准备重新导入文件……[39m[0m
[  38% ] [90m[1mreimport[22m | 正在准备重新导入文件……[39m[0m
[  38% ] [90m[1mreimport[22m | 正在准备重新导入文件……[39m[0m
[  38% ] [90m[1mreimport[22m | 正在准备重新导入文件……[39m[0m
[  38% ] [90m[1mreimport[22m | 正在准备重新导入文件……[39m[0m
[  39% ] [90m[1mreimport[22m | 正在准备重新导入文件……[39m[0m
[  39% ] [90m[1mreimport[22m | 正在准备重新导入文件……[39m[0m
[  39% ] [90m[1mreimport[22m | 正在准备重新导入文件……[39m[0m
[  39% ] [90m[1mreimport[22m | 正在准备重新导入文件……[39m[0m
[  40% ] [90m[1mreimport[22m | 正在准备重新导入文件……[39m[0m
[  40% ] [90m[1mreimport[22m | 正在准备重新导入文件……[39m[0m
[  40% ] [90m[1mreimport[22m | 正在准备重新导入文件……[39m[0m
[  40% ] [90m[1mreimport[22m | 正在准备重新导入文件……[39m[0m
[  40% ] [90m[1mreimport[22m | 正在准备重新导入文件……[39m[0m
[  41% ] [90m[1mreimport[22m | 正在准备重新导入文件……[39m[0m
[  41% ] [90m[1mreimport[22m | 正在准备重新导入文件……[39m[0m
[  41% ] [90m[1mreimport[22m | 正在准备重新导入文件……[39m[0m
[  41% ] [90m[1mreimport[22m | 正在准备重新导入文件……[39m[0m
[  41% ] [90m[1mreimport[22m | 正在准备重新导入文件……[39m[0m
[  42% ] [90m[1mreimport[22m | 正在准备重新导入文件……[39m[0m
[  42% ] [90m[1mreimport[22m | 正在准备重新导入文件……[39m[0m
[  42% ] [90m[1mreimport[22m | 正在准备重新导入文件……[39m[0m
[  42% ] [90m[1mreimport[22m | 正在准备重新导入文件……[39m[0m
[  42% ] [90m[1mreimport[22m | 正在准备重新导入文件……[39m[0m
[  43% ] [90m[1mreimport[22m | 正在准备重新导入文件……[39m[0m
[  43% ] [90m[1mreimport[22m | 正在准备重新导入文件……[39m[0m
[  43% ] [90m[1mreimport[22m | 正在准备重新导入文件……[39m[0m
[  43% ] [90m[1mreimport[22m | 正在准备重新导入文件……[39m[0m
[  43% ] [90m[1mreimport[22m | 正在准备重新导入文件……[39m[0m
[  44% ] [90m[1mreimport[22m | 正在准备重新导入文件……[39m[0m
[  44% ] [90m[1mreimport[22m | 正在准备重新导入文件……[39m[0m
[  44% ] [90m[1mreimport[22m | 正在准备重新导入文件……[39m[0m
[  44% ] [90m[1mreimport[22m | 正在准备重新导入文件……[39m[0m
[  44% ] [90m[1mreimport[22m | 正在准备重新导入文件……[39m[0m
[  45% ] [90m[1mreimport[22m | 正在准备重新导入文件……[39m[0m
[  45% ] [90m[1mreimport[22m | 正在准备重新导入文件……[39m[0m
[  45% ] [90m[1mreimport[22m | 正在准备重新导入文件……[39m[0m
[  45% ] [90m[1mreimport[22m | 正在准备重新导入文件……[39m[0m
[  45% ] [90m[1mreimport[22m | 正在准备重新导入文件……[39m[0m
[  46% ] [90m[1mreimport[22m | 正在准备重新导入文件……[39m[0m
[  46% ] [90m[1mreimport[22m | 正在准备重新导入文件……[39m[0m
[  46% ] [90m[1mreimport[22m | 正在准备重新导入文件……[39m[0m
[  46% ] [90m[1mreimport[22m | 正在准备重新导入文件……[39m[0m
[  47% ] [90m[1mreimport[22m | 正在准备重新导入文件……[39m[0m
[  47% ] [90m[1mreimport[22m | 正在准备重新导入文件……[39m[0m
[  47% ] [90m[1mreimport[22m | 正在准备重新导入文件……[39m[0m
[  47% ] [90m[1mreimport[22m | 正在准备重新导入文件……[39m[0m
[  47% ] [90m[1mreimport[22m | 正在准备重新导入文件……[39m[0m
[  48% ] [90m[1mreimport[22m | 正在准备重新导入文件……[39m[0m
[  48% ] [90m[1mreimport[22m | 正在准备重新导入文件……[39m[0m
[  48% ] [90m[1mreimport[22m | 正在准备重新导入文件……[39m[0m
[  48% ] [90m[1mreimport[22m | 正在准备重新导入文件……[39m[0m
[  48% ] [90m[1mreimport[22m | 正在准备重新导入文件……[39m[0m
[  49% ] [90m[1mreimport[22m | 正在准备重新导入文件……[39m[0m
[  49% ] [90m[1mreimport[22m | 正在准备重新导入文件……[39m[0m
[  49% ] [90m[1mreimport[22m | 正在准备重新导入文件……[39m[0m
[  49% ] [90m[1mreimport[22m | 正在准备重新导入文件……[39m[0m
[  49% ] [90m[1mreimport[22m | 正在准备重新导入文件……[39m[0m
[  50% ] [90m[1mreimport[22m | 正在准备重新导入文件……[39m[0m
[  50% ] [90m[1mreimport[22m | 正在准备重新导入文件……[39m[0m
[  50% ] [90m[1mreimport[22m | 正在准备重新导入文件……[39m[0m
[  50% ] [90m[1mreimport[22m | 正在准备重新导入文件……[39m[0m
[  50% ] [90m[1mreimport[22m | 正在准备重新导入文件……[39m[0m
[  51% ] [90m[1mreimport[22m | 正在准备重新导入文件……[39m[0m
[  51% ] [90m[1mreimport[22m | 正在准备重新导入文件……[39m[0m
[  51% ] [90m[1mreimport[22m | 正在准备重新导入文件……[39m[0m
[  51% ] [90m[1mreimport[22m | 正在准备重新导入文件……[39m[0m
[  51% ] [90m[1mreimport[22m | 正在准备重新导入文件……[39m[0m
[  52% ] [90m[1mreimport[22m | 正在准备重新导入文件……[39m[0m
[  52% ] [90m[1mreimport[22m | 正在准备重新导入文件……[39m[0m
[  52% ] [90m[1mreimport[22m | 正在准备重新导入文件……[39m[0m
[  52% ] [90m[1mreimport[22m | 正在准备重新导入文件……[39m[0m
[  52% ] [90m[1mreimport[22m | 正在准备重新导入文件……[39m[0m
[  53% ] [90m[1mreimport[22m | 正在准备重新导入文件……[39m[0m
[  53% ] [90m[1mreimport[22m | 正在准备重新导入文件……[39m[0m
[  53% ] [90m[1mreimport[22m | 正在准备重新导入文件……[39m[0m
[  53% ] [90m[1mreimport[22m | 正在准备重新导入文件……[39m[0m
[  54% ] [90m[1mreimport[22m | 正在准备重新导入文件……[39m[0m
[  54% ] [90m[1mreimport[22m | 正在准备重新导入文件……[39m[0m
[  54% ] [90m[1mreimport[22m | 正在准备重新导入文件……[39m[0m
[  54% ] [90m[1mreimport[22m | 正在准备重新导入文件……[39m[0m
[  54% ] [90m[1mreimport[22m | 正在准备重新导入文件……[39m[0m
[  55% ] [90m[1mreimport[22m | 正在准备重新导入文件……[39m[0m
[  55% ] [90m[1mreimport[22m | 正在准备重新导入文件……[39m[0m
[  55% ] [90m[1mreimport[22m | 正在准备重新导入文件……[39m[0m
[  55% ] [90m[1mreimport[22m | 正在准备重新导入文件……[39m[0m
[  55% ] [90m[1mreimport[22m | 正在准备重新导入文件……[39m[0m
[  56% ] [90m[1mreimport[22m | 正在准备重新导入文件……[39m[0m
[  56% ] [90m[1mreimport[22m | 正在准备重新导入文件……[39m[0m
[  56% ] [90m[1mreimport[22m | 正在准备重新导入文件……[39m[0m
[  56% ] [90m[1mreimport[22m | 正在准备重新导入文件……[39m[0m
[  56% ] [90m[1mreimport[22m | 正在准备重新导入文件……[39m[0m
[  57% ] [90m[1mreimport[22m | 正在准备重新导入文件……[39m[0m
[  57% ] [90m[1mreimport[22m | 正在准备重新导入文件……[39m[0m
[  57% ] [90m[1mreimport[22m | 正在准备重新导入文件……[39m[0m
[  57% ] [90m[1mreimport[22m | 正在准备重新导入文件……[39m[0m
[  57% ] [90m[1mreimport[22m | 正在准备重新导入文件……[39m[0m
[  58% ] [90m[1mreimport[22m | 正在准备重新导入文件……[39m[0m
[  58% ] [90m[1mreimport[22m | 正在准备重新导入文件……[39m[0m
[  58% ] [90m[1mreimport[22m | 正在准备重新导入文件……[39m[0m
[  58% ] [90m[1mreimport[22m | 正在准备重新导入文件……[39m[0m
[  58% ] [90m[1mreimport[22m | 正在准备重新导入文件……[39m[0m
[  59% ] [90m[1mreimport[22m | 正在准备重新导入文件……[39m[0m
[  59% ] [90m[1mreimport[22m | 正在准备重新导入文件……[39m[0m
[  59% ] [90m[1mreimport[22m | 正在准备重新导入文件……[39m[0m
[  59% ] [90m[1mreimport[22m | 正在准备重新导入文件……[39m[0m
[  60% ] [90m[1mreimport[22m | 正在准备重新导入文件……[39m[0m
[  60% ] [90m[1mreimport[22m | 正在准备重新导入文件……[39m[0m
[  60% ] [90m[1mreimport[22m | 正在准备重新导入文件……[39m[0m
[  60% ] [90m[1mreimport[22m | 正在准备重新导入文件……[39m[0m
[  60% ] [90m[1mreimport[22m | 正在准备重新导入文件……[39m[0m
[  61% ] [90m[1mreimport[22m | 正在准备重新导入文件……[39m[0m
[  61% ] [90m[1mreimport[22m | 正在准备重新导入文件……[39m[0m
[  61% ] [90m[1mreimport[22m | 正在准备重新导入文件……[39m[0m
[  61% ] [90m[1mreimport[22m | 正在准备重新导入文件……[39m[0m
[  61% ] [90m[1mreimport[22m | 正在准备重新导入文件……[39m[0m
[  62% ] [90m[1mreimport[22m | 正在准备重新导入文件……[39m[0m
[  62% ] [90m[1mreimport[22m | 正在准备重新导入文件……[39m[0m
[  62% ] [90m[1mreimport[22m | 正在准备重新导入文件……[39m[0m
[  62% ] [90m[1mreimport[22m | 正在准备重新导入文件……[39m[0m
[  62% ] [90m[1mreimport[22m | 正在准备重新导入文件……[39m[0m
[  63% ] [90m[1mreimport[22m | 正在准备重新导入文件……[39m[0m
[  63% ] [90m[1mreimport[22m | 正在准备重新导入文件……[39m[0m
[  63% ] [90m[1mreimport[22m | 正在准备重新导入文件……[39m[0m
[  63% ] [90m[1mreimport[22m | 正在准备重新导入文件……[39m[0m
[  63% ] [90m[1mreimport[22m | 正在准备重新导入文件……[39m[0m
[  64% ] [90m[1mreimport[22m | 正在准备重新导入文件……[39m[0m
[  64% ] [90m[1mreimport[22m | 正在准备重新导入文件……[39m[0m
[  64% ] [90m[1mreimport[22m | 正在准备重新导入文件……[39m[0m
[  64% ] [90m[1mreimport[22m | 正在准备重新导入文件……[39m[0m
[  64% ] [90m[1mreimport[22m | 正在准备重新导入文件……[39m[0m
[  65% ] [90m[1mreimport[22m | 正在准备重新导入文件……[39m[0m
[  65% ] [90m[1mreimport[22m | 正在准备重新导入文件……[39m[0m
[  65% ] [90m[1mreimport[22m | 正在准备重新导入文件……[39m[0m
[  65% ] [90m[1mreimport[22m | 正在准备重新导入文件……[39m[0m
[  65% ] [90m[1mreimport[22m | 正在准备重新导入文件……[39m[0m
[  66% ] [90m[1mreimport[22m | 正在准备重新导入文件……[39m[0m
[  66% ] [90m[1mreimport[22m | 正在准备重新导入文件……[39m[0m
[  66% ] [90m[1mreimport[22m | 正在准备重新导入文件……[39m[0m
[  66% ] [90m[1mreimport[22m | 正在准备重新导入文件……[39m[0m
[  67% ] [90m[1mreimport[22m | 正在准备重新导入文件……[39m[0m
[  67% ] [90m[1mreimport[22m | 正在准备重新导入文件……[39m[0m
[  67% ] [90m[1mreimport[22m | 正在准备重新导入文件……[39m[0m
[  67% ] [90m[1mreimport[22m | 正在准备重新导入文件……[39m[0m
[  67% ] [90m[1mreimport[22m | 正在准备重新导入文件……[39m[0m
[  68% ] [90m[1mreimport[22m | 正在准备重新导入文件……[39m[0m
[  68% ] [90m[1mreimport[22m | 正在准备重新导入文件……[39m[0m
[  68% ] [90m[1mreimport[22m | 正在准备重新导入文件……[39m[0m
[  68% ] [90m[1mreimport[22m | 正在准备重新导入文件……[39m[0m
[  68% ] [90m[1mreimport[22m | 正在准备重新导入文件……[39m[0m
[  69% ] [90m[1mreimport[22m | 正在准备重新导入文件……[39m[0m
[  69% ] [90m[1mreimport[22m | 正在准备重新导入文件……[39m[0m
[  69% ] [90m[1mreimport[22m | 正在准备重新导入文件……[39m[0m
[  69% ] [90m[1mreimport[22m | 正在准备重新导入文件……[39m[0m
[  69% ] [90m[1mreimport[22m | 正在准备重新导入文件……[39m[0m
[  70% ] [90m[1mreimport[22m | 正在准备重新导入文件……[39m[0m
[  70% ] [90m[1mreimport[22m | 正在准备重新导入文件……[39m[0m
[  70% ] [90m[1mreimport[22m | 正在准备重新导入文件……[39m[0m
[  70% ] [90m[1mreimport[22m | 正在准备重新导入文件……[39m[0m
[  70% ] [90m[1mreimport[22m | 正在准备重新导入文件……[39m[0m
[  71% ] [90m[1mreimport[22m | 正在准备重新导入文件……[39m[0m
[  71% ] [90m[1mreimport[22m | 正在准备重新导入文件……[39m[0m
[  71% ] [90m[1mreimport[22m | 正在准备重新导入文件……[39m[0m
[  71% ] [90m[1mreimport[22m | 正在准备重新导入文件……[39m[0m
[  71% ] [90m[1mreimport[22m | 正在准备重新导入文件……[39m[0m
[  72% ] [90m[1mreimport[22m | 正在准备重新导入文件……[39m[0m
[  72% ] [90m[1mreimport[22m | 正在准备重新导入文件……[39m[0m
[  72% ] [90m[1mreimport[22m | 正在准备重新导入文件……[39m[0m
[  72% ] [90m[1mreimport[22m | 正在准备重新导入文件……[39m[0m
[  72% ] [90m[1mreimport[22m | 正在准备重新导入文件……[39m[0m
[  73% ] [90m[1mreimport[22m | 正在准备重新导入文件……[39m[0m
[  73% ] [90m[1mreimport[22m | 正在准备重新导入文件……[39m[0m
[  73% ] [90m[1mreimport[22m | 正在准备重新导入文件……[39m[0m
[  73% ] [90m[1mreimport[22m | 正在准备重新导入文件……[39m[0m
[  74% ] [90m[1mreimport[22m | 正在准备重新导入文件……[39m[0m
[  74% ] [90m[1mreimport[22m | 正在准备重新导入文件……[39m[0m
[  74% ] [90m[1mreimport[22m | 正在准备重新导入文件……[39m[0m
[  74% ] [90m[1mreimport[22m | 正在准备重新导入文件……[39m[0m
[  74% ] [90m[1mreimport[22m | 正在准备重新导入文件……[39m[0m
[  75% ] [90m[1mreimport[22m | 正在准备重新导入文件……[39m[0m
[  75% ] [90m[1mreimport[22m | 正在准备重新导入文件……[39m[0m
[  75% ] [90m[1mreimport[22m | 正在准备重新导入文件……[39m[0m
[  75% ] [90m[1mreimport[22m | 正在准备重新导入文件……[39m[0m
[  75% ] [90m[1mreimport[22m | 正在准备重新导入文件……[39m[0m
[  76% ] [90m[1mreimport[22m | 正在准备重新导入文件……[39m[0m
[  76% ] [90m[1mreimport[22m | 正在准备重新导入文件……[39m[0m
[  76% ] [90m[1mreimport[22m | 正在准备重新导入文件……[39m[0m
[  76% ] [90m[1mreimport[22m | 正在准备重新导入文件……[39m[0m
[  76% ] [90m[1mreimport[22m | 正在准备重新导入文件……[39m[0m
[  77% ] [90m[1mreimport[22m | 正在准备重新导入文件……[39m[0m
[  77% ] [90m[1mreimport[22m | 正在准备重新导入文件……[39m[0m
[  77% ] [90m[1mreimport[22m | 正在准备重新导入文件……[39m[0m
[  77% ] [90m[1mreimport[22m | 正在准备重新导入文件……[39m[0m
[  77% ] [90m[1mreimport[22m | 正在准备重新导入文件……[39m[0m
[  78% ] [90m[1mreimport[22m | 正在准备重新导入文件……[39m[0m
[  78% ] [90m[1mreimport[22m | 正在准备重新导入文件……[39m[0m
[  78% ] [90m[1mreimport[22m | 正在准备重新导入文件……[39m[0m
[  78% ] [90m[1mreimport[22m | 正在准备重新导入文件……[39m[0m
[  78% ] [90m[1mreimport[22m | 正在准备重新导入文件……[39m[0m
[  79% ] [90m[1mreimport[22m | 正在准备重新导入文件……[39m[0m
[  79% ] [90m[1mreimport[22m | 正在准备重新导入文件……[39m[0m
[  79% ] [90m[1mreimport[22m | 正在准备重新导入文件……[39m[0m
[  79% ] [90m[1mreimport[22m | 正在准备重新导入文件……[39m[0m
[  80% ] [90m[1mreimport[22m | 正在准备重新导入文件……[39m[0m
[  80% ] [90m[1mreimport[22m | 正在准备重新导入文件……[39m[0m
[  80% ] [90m[1mreimport[22m | 正在准备重新导入文件……[39m[0m
[  80% ] [90m[1mreimport[22m | 正在准备重新导入文件……[39m[0m
[  80% ] [90m[1mreimport[22m | 正在准备重新导入文件……[39m[0m
[  81% ] [90m[1mreimport[22m | 正在准备重新导入文件……[39m[0m
[  81% ] [90m[1mreimport[22m | 正在准备重新导入文件……[39m[0m
[  81% ] [90m[1mreimport[22m | 正在准备重新导入文件……[39m[0m
[  81% ] [90m[1mreimport[22m | 正在准备重新导入文件……[39m[0m
[  81% ] [90m[1mreimport[22m | 正在准备重新导入文件……[39m[0m
[  82% ] [90m[1mreimport[22m | 正在准备重新导入文件……[39m[0m
[  82% ] [90m[1mreimport[22m | 正在准备重新导入文件……[39m[0m
[  82% ] [90m[1mreimport[22m | 正在准备重新导入文件……[39m[0m
[  82% ] [90m[1mreimport[22m | 正在准备重新导入文件……[39m[0m
[  82% ] [90m[1mreimport[22m | 正在准备重新导入文件……[39m[0m
[  83% ] [90m[1mreimport[22m | 正在准备重新导入文件……[39m[0m
[  83% ] [90m[1mreimport[22m | 正在准备重新导入文件……[39m[0m
[  83% ] [90m[1mreimport[22m | 正在准备重新导入文件……[39m[0m
[  83% ] [90m[1mreimport[22m | 正在准备重新导入文件……[39m[0m
[  83% ] [90m[1mreimport[22m | 正在准备重新导入文件……[39m[0m
[  84% ] [90m[1mreimport[22m | 正在准备重新导入文件……[39m[0m
[  84% ] [90m[1mreimport[22m | 正在准备重新导入文件……[39m[0m
[  84% ] [90m[1mreimport[22m | 正在准备重新导入文件……[39m[0m
[  84% ] [90m[1mreimport[22m | 正在准备重新导入文件……[39m[0m
[  84% ] [90m[1mreimport[22m | 正在准备重新导入文件……[39m[0m
[  85% ] [90m[1mreimport[22m | 正在准备重新导入文件……[39m[0m
[  85% ] [90m[1mreimport[22m | 正在准备重新导入文件……[39m[0m
[  85% ] [90m[1mreimport[22m | 正在准备重新导入文件……[39m[0m
[  85% ] [90m[1mreimport[22m | 正在准备重新导入文件……[39m[0m
[  85% ] [90m[1mreimport[22m | 正在准备重新导入文件……[39m[0m
[  86% ] [90m[1mreimport[22m | 正在准备重新导入文件……[39m[0m
[  86% ] [90m[1mreimport[22m | 正在准备重新导入文件……[39m[0m
[  86% ] [90m[1mreimport[22m | 正在准备重新导入文件……[39m[0m
[  86% ] [90m[1mreimport[22m | 正在准备重新导入文件……[39m[0m
[  87% ] [90m[1mreimport[22m | 正在准备重新导入文件……[39m[0m
[  87% ] [90m[1mreimport[22m | 正在准备重新导入文件……[39m[0m
[  87% ] [90m[1mreimport[22m | 正在准备重新导入文件……[39m[0m
[  87% ] [90m[1mreimport[22m | 正在准备重新导入文件……[39m[0m
[  87% ] [90m[1mreimport[22m | 正在准备重新导入文件……[39m[0m
[  88% ] [90m[1mreimport[22m | 正在准备重新导入文件……[39m[0m
[  88% ] [90m[1mreimport[22m | 正在准备重新导入文件……[39m[0m
[  88% ] [90m[1mreimport[22m | 正在准备重新导入文件……[39m[0m
[  88% ] [90m[1mreimport[22m | 正在准备重新导入文件……[39m[0m
[  88% ] [90m[1mreimport[22m | 正在准备重新导入文件……[39m[0m
[  89% ] [90m[1mreimport[22m | 正在准备重新导入文件……[39m[0m
[  89% ] [90m[1mreimport[22m | 正在准备重新导入文件……[39m[0m
[  89% ] [90m[1mreimport[22m | 正在准备重新导入文件……[39m[0m
[  89% ] [90m[1mreimport[22m | 正在准备重新导入文件……[39m[0m
[  89% ] [90m[1mreimport[22m | 正在准备重新导入文件……[39m[0m
[  90% ] [90m[1mreimport[22m | 正在准备重新导入文件……[39m[0m
[  90% ] [90m[1mreimport[22m | 正在准备重新导入文件……[39m[0m
[  90% ] [90m[1mreimport[22m | 正在准备重新导入文件……[39m[0m
[  90% ] [90m[1mreimport[22m | 正在准备重新导入文件……[39m[0m
[  90% ] [90m[1mreimport[22m | 正在准备重新导入文件……[39m[0m
[  91% ] [90m[1mreimport[22m | 正在准备重新导入文件……[39m[0m
[  91% ] [90m[1mreimport[22m | 正在准备重新导入文件……[39m[0m
[  91% ] [90m[1mreimport[22m | 正在准备重新导入文件……[39m[0m
[  91% ] [90m[1mreimport[22m | 正在准备重新导入文件……[39m[0m
[  91% ] [90m[1mreimport[22m | 正在准备重新导入文件……[39m[0m
[  92% ] [90m[1mreimport[22m | 正在准备重新导入文件……[39m[0m
[  92% ] [90m[1mreimport[22m | 正在准备重新导入文件……[39m[0m
[  92% ] [90m[1mreimport[22m | 正在准备重新导入文件……[39m[0m
[  92% ] [90m[1mreimport[22m | 正在准备重新导入文件……[39m[0m
[  92% ] [90m[1mreimport[22m | 正在准备重新导入文件……[39m[0m
[  93% ] [90m[1mreimport[22m | 正在准备重新导入文件……[39m[0m
[  93% ] [90m[1mreimport[22m | 正在准备重新导入文件……[39m[0m
[  93% ] [90m[1mreimport[22m | 正在准备重新导入文件……[39m[0m
[  93% ] [90m[1mreimport[22m | 正在准备重新导入文件……[39m[0m
[  94% ] [90m[1mreimport[22m | 正在准备重新导入文件……[39m[0m
[  94% ] [90m[1mreimport[22m | 正在准备重新导入文件……[39m[0m
[  94% ] [90m[1mreimport[22m | 正在准备重新导入文件……[39m[0m
[  94% ] [90m[1mreimport[22m | 正在准备重新导入文件……[39m[0m
[  94% ] [90m[1mreimport[22m | 正在准备重新导入文件……[39m[0m
[  95% ] [90m[1mreimport[22m | 正在准备重新导入文件……[39m[0m
[  95% ] [90m[1mreimport[22m | 正在准备重新导入文件……[39m[0m
[  95% ] [90m[1mreimport[22m | 正在准备重新导入文件……[39m[0m
[  95% ] [90m[1mreimport[22m | 正在准备重新导入文件……[39m[0m
[  95% ] [90m[1mreimport[22m | 正在准备重新导入文件……[39m[0m
[  96% ] [90m[1mreimport[22m | 正在准备重新导入文件……[39m[0m
[  96% ] [90m[1mreimport[22m | 正在准备重新导入文件……[39m[0m
[  96% ] [90m[1mreimport[22m | 正在准备重新导入文件……[39m[0m
[  96% ] [90m[1mreimport[22m | 正在准备重新导入文件……[39m[0m
[  96% ] [90m[1mreimport[22m | 正在准备重新导入文件……[39m[0m
[  97% ] [90m[1mreimport[22m | 正在准备重新导入文件……[39m[0m
[  97% ] [90m[1mreimport[22m | 正在准备重新导入文件……[39m[0m
[  97% ] [90m[1mreimport[22m | 正在准备重新导入文件……[39m[0m
[  97% ] [90m[1mreimport[22m | 正在准备重新导入文件……[39m[0m
[  97% ] [90m[1mreimport[22m | 正在准备重新导入文件……[39m[0m
[  98% ] [90m[1mreimport[22m | 正在准备重新导入文件……[39m[0m
[  98% ] [90m[1mreimport[22m | 正在准备重新导入文件……[39m[0m
[  98% ] [90m[1mreimport[22m | 正在准备重新导入文件……[39m[0m
[  98% ] [90m[1mreimport[22m | 正在准备重新导入文件……[39m[0m
[  98% ] [90m[1mreimport[22m | 正在准备重新导入文件……[39m[0m
[  99% ] [90m[1mreimport[22m | 正在准备重新导入文件……[39m[0m
[  99% ] [90m[1mreimport[22m | 正在准备重新导入文件……[39m[0m
[  99% ] [90m[1mreimport[22m | 正在准备重新导入文件……[39m[0m
[   0% ] [90m[1mreimport[22m | 正在执行重新导入的前置操作……[39m[0m
[   0% ] [90m[1mreimport[22m | daorenshen-awakened.svg[39m[0m
[   0% ] [90m[1mreimport[22m | chen.svg[39m[0m
[   0% ] [90m[1mreimport[22m | chen-awakened.svg[39m[0m
[   0% ] [90m[1mreimport[22m | alaina.svg[39m[0m
[   0% ] [90m[1mreimport[22m | alaina-awakened.svg[39m[0m
[   1% ] [90m[1mreimport[22m | yimulian-linglai.svg[39m[0m
[   1% ] [90m[1mreimport[22m | yimulian-linglai-awakened.svg[39m[0m
[   1% ] [90m[1mreimport[22m | yaodaoji-zhuren.svg[39m[0m
[   1% ] [90m[1mreimport[22m | yaodaoji-zhuren-awakened.svg[39m[0m
[   1% ] [90m[1mreimport[22m | yanling.svg[39m[0m
[   2% ] [90m[1mreimport[22m | yanling-awakened.svg[39m[0m
[   2% ] [90m[1mreimport[22m | xiaoxiuzhishou.svg[39m[0m
[   2% ] [90m[1mreimport[22m | xiaoxiuzhishou-awakened.svg[39m[0m
[   2% ] [90m[1mreimport[22m | tiannimei.svg[39m[0m
[   2% ] [90m[1mreimport[22m | tiannimei-awakened.svg[39m[0m
[   3% ] [90m[1mreimport[22m | taohua-luoying.svg[39m[0m
[   3% ] [90m[1mreimport[22m | taohua-luoying-awakened.svg[39m[0m
[   3% ] [90m[1mreimport[22m | shifagui.svg[39m[0m
[   3% ] [90m[1mreimport[22m | shifagui-awakened.svg[39m[0m
[   3% ] [90m[1mreimport[22m | shantu-zuofu.svg[39m[0m
[   4% ] [90m[1mreimport[22m | shantu-zuofu-awakened.svg[39m[0m
[   4% ] [90m[1mreimport[22m | quanshen-lizhan.svg[39m[0m
[   4% ] [90m[1mreimport[22m | quanshen-lizhan-awakened.svg[39m[0m
[   4% ] [90m[1mreimport[22m | qingxingdeng-huihuo.svg[39m[0m
[   4% ] [90m[1mreimport[22m | qingxingdeng-huihuo-awakened.svg[39m[0m
[   5% ] [90m[1mreimport[22m | qingfangzhu-fanchen.svg[39m[0m
[   5% ] [90m[1mreimport[22m | qingfangzhu-fanchen-awakened.svg[39m[0m
[   5% ] [90m[1mreimport[22m | panguan-xuanmo.svg[39m[0m
[   5% ] [90m[1mreimport[22m | panguan-xuanmo-awakened.svg[39m[0m
[   5% ] [90m[1mreimport[22m | langyazi.svg[39m[0m
[   6% ] [90m[1mreimport[22m | yanyanluo-fumiao-awakened.svg[39m[0m
[   6% ] [90m[1mreimport[22m | xiaolunan-qianshou.svg[39m[0m
[   6% ] [90m[1mreimport[22m | xiaolunan-qianshou-awakened.svg[39m[0m
[   6% ] [90m[1mreimport[22m | wushi-maoshi.svg[39m[0m
[   7% ] [90m[1mreimport[22m | wushi-maoshi-awakened.svg[39m[0m
[   7% ] [90m[1mreimport[22m | tongnantongnv.svg[39m[0m
[   7% ] [90m[1mreimport[22m | tongnantongnv-awakened.svg[39m[0m
[   7% ] [90m[1mreimport[22m | tianzhao.svg[39m[0m
[   7% ] [90m[1mreimport[22m | tianzhao-awakened.svg[39m[0m
[   8% ] [90m[1mreimport[22m | rihefang-qingyang.svg[39m[0m
[   8% ] [90m[1mreimport[22m | rihefang-qingyang-awakened.svg[39m[0m
[   8% ] [90m[1mreimport[22m | mianqiling-xinsu.svg[39m[0m
[   8% ] [90m[1mreimport[22m | mianqiling-xinsu-awakened.svg[39m[0m
[   8% ] [90m[1mreimport[22m | maochuan.svg[39m[0m
[   9% ] [90m[1mreimport[22m | maochuan-awakened.svg[39m[0m
[   9% ] [90m[1mreimport[22m | longzi.svg[39m[0m
[   9% ] [90m[1mreimport[22m | longzi-awakened.svg[39m[0m
[   9% ] [90m[1mreimport[22m | huang-qiming.svg[39m[0m
[   9% ] [90m[1mreimport[22m | huang-qiming-awakened.svg[39m[0m
[  10% ] [90m[1mreimport[22m | gunv.svg[39m[0m
[  10% ] [90m[1mreimport[22m | gunv-awakened.svg[39m[0m
[  10% ] [90m[1mreimport[22m | guishihei.svg[39m[0m
[  10% ] [90m[1mreimport[22m | guishihei-awakened.svg[39m[0m
[  10% ] [90m[1mreimport[22m | guishibai.svg[39m[0m
[  11% ] [90m[1mreimport[22m | guishibai-awakened.svg[39m[0m
[  11% ] [90m[1mreimport[22m | fansi.svg[39m[0m
[  11% ] [90m[1mreimport[22m | fansi-awakened.svg[39m[0m
[  11% ] [90m[1mreimport[22m | ertong.svg[39m[0m
[  11% ] [90m[1mreimport[22m | ertong-awakened.svg[39m[0m
[  12% ] [90m[1mreimport[22m | daorenshen.svg[39m[0m
[  12% ] [90m[1mreimport[22m | yifanmumian.svg[39m[0m
[  12% ] [90m[1mreimport[22m | yifanmumian-awakened.svg[39m[0m
[  12% ] [90m[1mreimport[22m | yecha.svg[39m[0m
[  12% ] [90m[1mreimport[22m | yecha-awakened.svg[39m[0m
[  13% ] [90m[1mreimport[22m | xuzuozhinan.svg[39m[0m
[  13% ] [90m[1mreimport[22m | xuzuozhinan-awakened.svg[39m[0m
[  13% ] [90m[1mreimport[22m | xunxiangxing.svg[39m[0m
[  13% ] [90m[1mreimport[22m | xunxiangxing-awakened.svg[39m[0m
[  14% ] [90m[1mreimport[22m | xieenv.svg[39m[0m
[  14% ] [90m[1mreimport[22m | xieenv-awakened.svg[39m[0m
[  14% ] [90m[1mreimport[22m | wuchen.svg[39m[0m
[  14% ] [90m[1mreimport[22m | wuchen-awakened.svg[39m[0m
[  14% ] [90m[1mreimport[22m | wannianzhu.svg[39m[0m
[  15% ] [90m[1mreimport[22m | wannianzhu-awakened.svg[39m[0m
[  15% ] [90m[1mreimport[22m | tayumenhutao.svg[39m[0m
[  15% ] [90m[1mreimport[22m | tayumenhutao-awakened.svg[39m[0m
[  15% ] [90m[1mreimport[22m | shuzhu.svg[39m[0m
[  15% ] [90m[1mreimport[22m | shuzhu-awakened.svg[39m[0m
[  16% ] [90m[1mreimport[22m | shouwu.svg[39m[0m
[  16% ] [90m[1mreimport[22m | shouwu-awakened.svg[39m[0m
[  16% ] [90m[1mreimport[22m | sanweihu.svg[39m[0m
[  16% ] [90m[1mreimport[22m | sanweihu-awakened.svg[39m[0m
[  16% ] [90m[1mreimport[22m | rurineque.svg[39m[0m
[  17% ] [90m[1mreimport[22m | rurineque-awakened.svg[39m[0m
[  17% ] [90m[1mreimport[22m | ninghongye.svg[39m[0m
[  17% ] [90m[1mreimport[22m | ninghongye-awakened.svg[39m[0m
[  17% ] [90m[1mreimport[22m | luoxinfu.svg[39m[0m
[  17% ] [90m[1mreimport[22m | luoxinfu-awakened.svg[39m[0m
[  18% ] [90m[1mreimport[22m | liyujing.svg[39m[0m
[  18% ] [90m[1mreimport[22m | liyujing-awakened.svg[39m[0m
[  18% ] [90m[1mreimport[22m | langyazi-awakened.svg[39m[0m
[  18% ] [90m[1mreimport[22m | kongquemingwang.svg[39m[0m
[  18% ] [90m[1mreimport[22m | kongquemingwang-awakened.svg[39m[0m
[  19% ] [90m[1mreimport[22m | jutun-wangkong.svg[39m[0m
[  19% ] [90m[1mreimport[22m | jutun-wangkong-awakened.svg[39m[0m
[  19% ] [90m[1mreimport[22m | jiao.svg[39m[0m
[  19% ] [90m[1mreimport[22m | jiao-awakened.svg[39m[0m
[  20% ] [90m[1mreimport[22m | ji.svg[39m[0m
[  20% ] [90m[1mreimport[22m | ji-awakened.svg[39m[0m
[  20% ] [90m[1mreimport[22m | huimingdeng.svg[39m[0m
[  20% ] [90m[1mreimport[22m | huimingdeng-awakened.svg[39m[0m
[  20% ] [90m[1mreimport[22m | guniao-yuxiang.svg[39m[0m
[  21% ] [90m[1mreimport[22m | guniao-yuxiang-awakened.svg[39m[0m
[  21% ] [90m[1mreimport[22m | gulonghuo.svg[39m[0m
[  21% ] [90m[1mreimport[22m | gulonghuo-awakened.svg[39m[0m
[  21% ] [90m[1mreimport[22m | fenpopo.svg[39m[0m
[  21% ] [90m[1mreimport[22m | fenpopo-awakened.svg[39m[0m
[  22% ] [90m[1mreimport[22m | erkounv.svg[39m[0m
[  22% ] [90m[1mreimport[22m | erkounv-awakened.svg[39m[0m
[  22% ] [90m[1mreimport[22m | datiangou-gangfeng.svg[39m[0m
[  22% ] [90m[1mreimport[22m | datiangou-gangfeng-awakened.svg[39m[0m
[  22% ] [90m[1mreimport[22m | chuanyuan.svg[39m[0m
[  23% ] [90m[1mreimport[22m | chuanyuan-awakened.svg[39m[0m
[  23% ] [90m[1mreimport[22m | caitong-lvli.svg[39m[0m
[  23% ] [90m[1mreimport[22m | caitong-lvli-awakened.svg[39m[0m
[  23% ] [90m[1mreimport[22m | yujuchong.svg[39m[0m
[  23% ] [90m[1mreimport[22m | yujuchong-awakened.svg[39m[0m
[  24% ] [90m[1mreimport[22m | yitiao.svg[39m[0m
[  24% ] [90m[1mreimport[22m | yitiao-awakened.svg[39m[0m
[  24% ] [90m[1mreimport[22m | yinge.svg[39m[0m
[  24% ] [90m[1mreimport[22m | yinge-awakened.svg[39m[0m
[  24% ] [90m[1mreimport[22m | yanyanluo-fenshen.svg[39m[0m
[  25% ] [90m[1mreimport[22m | yanyanluo-fenshen-awakened.svg[39m[0m
[  25% ] [90m[1mreimport[22m | xueqiu-jingling.svg[39m[0m
[  25% ] [90m[1mreimport[22m | xueqiu-jingling-awakened.svg[39m[0m
[  25% ] [90m[1mreimport[22m | xinmo.svg[39m[0m
[  25% ] [90m[1mreimport[22m | xinmo-awakened.svg[39m[0m
[  26% ] [90m[1mreimport[22m | shouhu-ling.svg[39m[0m
[  26% ] [90m[1mreimport[22m | shouhu-ling-awakened.svg[39m[0m
[  26% ] [90m[1mreimport[22m | mingdeng-shou.svg[39m[0m
[  26% ] [90m[1mreimport[22m | mingdeng-shou-awakened.svg[39m[0m
[  27% ] [90m[1mreimport[22m | jinran-buye.svg[39m[0m
[  27% ] [90m[1mreimport[22m | jinran-buye-awakened.svg[39m[0m
[  27% ] [90m[1mreimport[22m | huangjinyu-ling.svg[39m[0m
[  27% ] [90m[1mreimport[22m | huangjinyu-ling-awakened.svg[39m[0m
[  27% ] [90m[1mreimport[22m | fanqie.svg[39m[0m
[  28% ] [90m[1mreimport[22m | fanqie-awakened.svg[39m[0m
[  28% ] [90m[1mreimport[22m | bingqiang.svg[39m[0m
[  28% ] [90m[1mreimport[22m | bingqiang-awakened.svg[39m[0m
[  28% ] [90m[1mreimport[22m | tanjirou.svg[39m[0m
[  28% ] [90m[1mreimport[22m | tanjirou-awakened.svg[39m[0m
[  29% ] [90m[1mreimport[22m | nezuko.svg[39m[0m
[  29% ] [90m[1mreimport[22m | nezuko-awakened.svg[39m[0m
[  29% ] [90m[1mreimport[22m | zhaocaimao.svg[39m[0m
[  29% ] [90m[1mreimport[22m | zhaocaimao-awakened.svg[39m[0m
[  29% ] [90m[1mreimport[22m | yinghuayao-lijing.svg[39m[0m
[  30% ] [90m[1mreimport[22m | yinghuayao-lijing-awakened.svg[39m[0m
[  30% ] [90m[1mreimport[22m | yinfanhuiyeji.svg[39m[0m
[  30% ] [90m[1mreimport[22m | yinfanhuiyeji-awakened.svg[39m[0m
[  30% ] [90m[1mreimport[22m | yijin-qianxun.svg[39m[0m
[  30% ] [90m[1mreimport[22m | yijin-qianxun-awakened.svg[39m[0m
[  31% ] [90m[1mreimport[22m | yuyuan-banruo.svg[39m[0m
[  31% ] [90m[1mreimport[22m | yuyuan-banruo-awakened.svg[39m[0m
[  31% ] [90m[1mreimport[22m | xuan.svg[39m[0m
[  31% ] [90m[1mreimport[22m | xuan-awakened.svg[39m[0m
[  31% ] [90m[1mreimport[22m | shiyao-longyechaji.svg[39m[0m
[  32% ] [90m[1mreimport[22m | shiyao-longyechaji-awakened.svg[39m[0m
[  32% ] [90m[1mreimport[22m | shenqi-huang.svg[39m[0m
[  32% ] [90m[1mreimport[22m | shenqi-huang-awakened.svg[39m[0m
[  32% ] [90m[1mreimport[22m | luohou.svg[39m[0m
[  32% ] [90m[1mreimport[22m | luohou-awakened.svg[39m[0m
[  33% ] [90m[1mreimport[22m | baize-yuanqi.svg[39m[0m
[  33% ] [90m[1mreimport[22m | baize-yuanqi-awakened.svg[39m[0m
[  33% ] [90m[1mreimport[22m | yueying.svg[39m[0m
[  33% ] [90m[1mreimport[22m | yueying-awakened.svg[39m[0m
[  34% ] [90m[1mreimport[22m | yanling-huo.svg[39m[0m
[  34% ] [90m[1mreimport[22m | yanling-huo-awakened.svg[39m[0m
[  34% ] [90m[1mreimport[22m | xingchen.svg[39m[0m
[  34% ] [90m[1mreimport[22m | xingchen-awakened.svg[39m[0m
[  34% ] [90m[1mreimport[22m | shuimo.svg[39m[0m
[  35% ] [90m[1mreimport[22m | shuimo-awakened.svg[39m[0m
[  35% ] [90m[1mreimport[22m | shizhu.svg[39m[0m
[  35% ] [90m[1mreimport[22m | shizhu-awakened.svg[39m[0m
[  35% ] [90m[1mreimport[22m | momo.svg[39m[0m
[  35% ] [90m[1mreimport[22m | momo-awakened.svg[39m[0m
[  36% ] [90m[1mreimport[22m | leiyin.svg[39m[0m
[  36% ] [90m[1mreimport[22m | leiyin-awakened.svg[39m[0m
[  36% ] [90m[1mreimport[22m | jinguang.svg[39m[0m
[  36% ] [90m[1mreimport[22m | jinguang-awakened.svg[39m[0m
[  36% ] [90m[1mreimport[22m | zhiren.svg[39m[0m
[  37% ] [90m[1mreimport[22m | zhiren-awakened.svg[39m[0m
[  37% ] [90m[1mreimport[22m | fengyangjun-awakened.svg[39m[0m
[  37% ] [90m[1mreimport[22m | fenghuanghuo-jingyu.svg[39m[0m
[  37% ] [90m[1mreimport[22m | fenghuanghuo-jingyu-awakened.svg[39m[0m
[  37% ] [90m[1mreimport[22m | dayueling-yuxin.svg[39m[0m
[  38% ] [90m[1mreimport[22m | dayueling-yuxin-awakened.svg[39m[0m
[  38% ] [90m[1mreimport[22m | daixiaoguhuoniao.svg[39m[0m
[  38% ] [90m[1mreimport[22m | daixiaoguhuoniao-awakened.svg[39m[0m
[  38% ] [90m[1mreimport[22m | chulingshanfeng.svg[39m[0m
[  38% ] [90m[1mreimport[22m | chulingshanfeng-awakened.svg[39m[0m
[  39% ] [90m[1mreimport[22m | chili.svg[39m[0m
[  39% ] [90m[1mreimport[22m | chili-awakened.svg[39m[0m
[  39% ] [90m[1mreimport[22m | chanxinyunwaijing.svg[39m[0m
[  39% ] [90m[1mreimport[22m | chanxinyunwaijing-awakened.svg[39m[0m
[  40% ] [90m[1mreimport[22m | baizangzhu-lixin.svg[39m[0m
[  40% ] [90m[1mreimport[22m | baizangzhu-lixin-awakened.svg[39m[0m
[  40% ] [90m[1mreimport[22m | zhuiyueshen-shuiyue.svg[39m[0m
[  40% ] [90m[1mreimport[22m | zhuiyueshen-shuiyue-awakened.svg[39m[0m
[  40% ] [90m[1mreimport[22m | zhiwu.svg[39m[0m
[  41% ] [90m[1mreimport[22m | zhiwu-awakened.svg[39m[0m
[  41% ] [90m[1mreimport[22m | yunv.svg[39m[0m
[  41% ] [90m[1mreimport[22m | yunv-awakened.svg[39m[0m
[  41% ] [90m[1mreimport[22m | yuedu.svg[39m[0m
[  41% ] [90m[1mreimport[22m | yuedu-awakened.svg[39m[0m
[  42% ] [90m[1mreimport[22m | youning.svg[39m[0m
[  42% ] [90m[1mreimport[22m | youning-awakened.svg[39m[0m
[  42% ] [90m[1mreimport[22m | yixienamei.svg[39m[0m
[  42% ] [90m[1mreimport[22m | yixienamei-awakened.svg[39m[0m
[  42% ] [90m[1mreimport[22m | yingcao-pupu.svg[39m[0m
[  43% ] [90m[1mreimport[22m | yingcao-pupu-awakened.svg[39m[0m
[  43% ] [90m[1mreimport[22m | yanyanluo-fumiao.svg[39m[0m
[  43% ] [90m[1mreimport[22m | yatiangou-qiuye.svg[39m[0m
[  43% ] [90m[1mreimport[22m | yatiangou-qiuye-awakened.svg[39m[0m
[  43% ] [90m[1mreimport[22m | xixueji-xiyi.svg[39m[0m
[  44% ] [90m[1mreimport[22m | xixueji-xiyi-awakened.svg[39m[0m
[  44% ] [90m[1mreimport[22m | tieshu-haojia.svg[39m[0m
[  44% ] [90m[1mreimport[22m | tieshu-haojia-awakened.svg[39m[0m
[  44% ] [90m[1mreimport[22m | sibing.svg[39m[0m
[  44% ] [90m[1mreimport[22m | sibing-awakened.svg[39m[0m
[  45% ] [90m[1mreimport[22m | shuweng-zhixing.svg[39m[0m
[  45% ] [90m[1mreimport[22m | shuweng-zhixing-awakened.svg[39m[0m
[  45% ] [90m[1mreimport[22m | shenqilou.svg[39m[0m
[  45% ] [90m[1mreimport[22m | shenqilou-awakened.svg[39m[0m
[  45% ] [90m[1mreimport[22m | pinfashen.svg[39m[0m
[  46% ] [90m[1mreimport[22m | pinfashen-awakened.svg[39m[0m
[  46% ] [90m[1mreimport[22m | maozhanggui-huanyan.svg[39m[0m
[  46% ] [90m[1mreimport[22m | maozhanggui-huanyan-awakened.svg[39m[0m
[  46% ] [90m[1mreimport[22m | longjue.svg[39m[0m
[  47% ] [90m[1mreimport[22m | longjue-awakened.svg[39m[0m
[  47% ] [90m[1mreimport[22m | longche.svg[39m[0m
[  47% ] [90m[1mreimport[22m | longche-awakened.svg[39m[0m
[  47% ] [90m[1mreimport[22m | jintianyuzaoqian.svg[39m[0m
[  47% ] [90m[1mreimport[22m | jintianyuzaoqian-awakened.svg[39m[0m
[  48% ] [90m[1mreimport[22m | jieshen-suiyuan.svg[39m[0m
[  48% ] [90m[1mreimport[22m | jieshen-suiyuan-awakened.svg[39m[0m
[  48% ] [90m[1mreimport[22m | huojinshen.svg[39m[0m
[  48% ] [90m[1mreimport[22m | huojinshen-awakened.svg[39m[0m
[  48% ] [90m[1mreimport[22m | guijinyang.svg[39m[0m
[  49% ] [90m[1mreimport[22m | guijinyang-awakened.svg[39m[0m
[  49% ] [90m[1mreimport[22m | geluoduo.svg[39m[0m
[  49% ] [90m[1mreimport[22m | geluoduo-awakened.svg[39m[0m
[  49% ] [90m[1mreimport[22m | fengyangjun.svg[39m[0m
[  49% ] [90m[1mreimport[22m | mengpo-awakened.svg[39m[0m
[  50% ] [90m[1mreimport[22m | longyechaji.svg[39m[0m
[  50% ] [90m[1mreimport[22m | longyechaji-awakened.svg[39m[0m
[  50% ] [90m[1mreimport[22m | jiuciliang.svg[39m[0m
[  50% ] [90m[1mreimport[22m | jiuciliang-awakened.svg[39m[0m
[  50% ] [90m[1mreimport[22m | huiyeji.svg[39m[0m
[  51% ] [90m[1mreimport[22m | huiyeji-awakened.svg[39m[0m
[  51% ] [90m[1mreimport[22m | huang.svg[39m[0m
[  51% ] [90m[1mreimport[22m | huang-awakened.svg[39m[0m
[  51% ] [90m[1mreimport[22m | guiqie.svg[39m[0m
[  51% ] [90m[1mreimport[22m | guiqie-awakened.svg[39m[0m
[  52% ] [90m[1mreimport[22m | dayueling.svg[39m[0m
[  52% ] [90m[1mreimport[22m | dayueling-awakened.svg[39m[0m
[  52% ] [90m[1mreimport[22m | biyehua.svg[39m[0m
[  52% ] [90m[1mreimport[22m | biyehua-awakened.svg[39m[0m
[  52% ] [90m[1mreimport[22m | yatiangou.svg[39m[0m
[  53% ] [90m[1mreimport[22m | yatiangou-awakened.svg[39m[0m
[  53% ] [90m[1mreimport[22m | yaohu.svg[39m[0m
[  53% ] [90m[1mreimport[22m | yaohu-awakened.svg[39m[0m
[  53% ] [90m[1mreimport[22m | yanyanluo.svg[39m[0m
[  54% ] [90m[1mreimport[22m | yanyanluo-awakened.svg[39m[0m
[  54% ] [90m[1mreimport[22m | xiaolunan.svg[39m[0m
[  54% ] [90m[1mreimport[22m | xiaolunan-awakened.svg[39m[0m
[  54% ] [90m[1mreimport[22m | tiaotiaomeimei.svg[39m[0m
[  54% ] [90m[1mreimport[22m | tiaotiaomeimei-awakened.svg[39m[0m
[  55% ] [90m[1mreimport[22m | rihefang.svg[39m[0m
[  55% ] [90m[1mreimport[22m | rihefang-awakened.svg[39m[0m
[  55% ] [90m[1mreimport[22m | lingyuyuqian.svg[39m[0m
[  55% ] [90m[1mreimport[22m | lingyuyuqian-awakened.svg[39m[0m
[  55% ] [90m[1mreimport[22m | lianyou.svg[39m[0m
[  56% ] [90m[1mreimport[22m | bayiqidashe-awakened.svg[39m[0m
[  56% ] [90m[1mreimport[22m | banruo.svg[39m[0m
[  56% ] [90m[1mreimport[22m | banruo-awakened.svg[39m[0m
[  56% ] [90m[1mreimport[22m | baimugui.svg[39m[0m
[  56% ] [90m[1mreimport[22m | baimugui-awakened.svg[39m[0m
[  57% ] [90m[1mreimport[22m | axiuluo.svg[39m[0m
[  57% ] [90m[1mreimport[22m | axiuluo-awakened.svg[39m[0m
[  57% ] [90m[1mreimport[22m | yujiazhu.svg[39m[0m
[  57% ] [90m[1mreimport[22m | yujiazhu-awakened.svg[39m[0m
[  57% ] [90m[1mreimport[22m | yinghuayao.svg[39m[0m
[  58% ] [90m[1mreimport[22m | yinghuayao-awakened.svg[39m[0m
[  58% ] [90m[1mreimport[22m | xun.svg[39m[0m
[  58% ] [90m[1mreimport[22m | xun-awakened.svg[39m[0m
[  58% ] [90m[1mreimport[22m | xixueji.svg[39m[0m
[  58% ] [90m[1mreimport[22m | xixueji-awakened.svg[39m[0m
[  59% ] [90m[1mreimport[22m | wuguishi.svg[39m[0m
[  59% ] [90m[1mreimport[22m | wuguishi-awakened.svg[39m[0m
[  59% ] [90m[1mreimport[22m | tiaotiaogege.svg[39m[0m
[  59% ] [90m[1mreimport[22m | tiaotiaogege-awakened.svg[39m[0m
[  60% ] [90m[1mreimport[22m | tianjingxia.svg[39m[0m
[  60% ] [90m[1mreimport[22m | tianjingxia-awakened.svg[39m[0m
[  60% ] [90m[1mreimport[22m | shimengmo.svg[39m[0m
[  60% ] [90m[1mreimport[22m | shimengmo-awakened.svg[39m[0m
[  60% ] [90m[1mreimport[22m | shanfeng.svg[39m[0m
[  61% ] [90m[1mreimport[22m | shanfeng-awakened.svg[39m[0m
[  61% ] [90m[1mreimport[22m | sanmu.svg[39m[0m
[  61% ] [90m[1mreimport[22m | sanmu-awakened.svg[39m[0m
[  61% ] [90m[1mreimport[22m | renmianshu.svg[39m[0m
[  61% ] [90m[1mreimport[22m | renmianshu-awakened.svg[39m[0m
[  62% ] [90m[1mreimport[22m | mengpo.svg[39m[0m
[  62% ] [90m[1mreimport[22m | quanshen.svg[39m[0m
[  62% ] [90m[1mreimport[22m | quanshen-awakened.svg[39m[0m
[  62% ] [90m[1mreimport[22m | qingxingdeng.svg[39m[0m
[  62% ] [90m[1mreimport[22m | qingxingdeng-awakened.svg[39m[0m
[  63% ] [90m[1mreimport[22m | qingwa-ciqi.svg[39m[0m
[  63% ] [90m[1mreimport[22m | qingwa-ciqi-awakened.svg[39m[0m
[  63% ] [90m[1mreimport[22m | qingshe.svg[39m[0m
[  63% ] [90m[1mreimport[22m | qingshe-awakened.svg[39m[0m
[  63% ] [90m[1mreimport[22m | qingfangzhu.svg[39m[0m
[  64% ] [90m[1mreimport[22m | qingfangzhu-awakened.svg[39m[0m
[  64% ] [90m[1mreimport[22m | panguan.svg[39m[0m
[  64% ] [90m[1mreimport[22m | panguan-awakened.svg[39m[0m
[  64% ] [90m[1mreimport[22m | jutun-tongzi.svg[39m[0m
[  64% ] [90m[1mreimport[22m | jutun-tongzi-awakened.svg[39m[0m
[  65% ] [90m[1mreimport[22m | jue.svg[39m[0m
[  65% ] [90m[1mreimport[22m | jue-awakened.svg[39m[0m
[  65% ] [90m[1mreimport[22m | haifangzhu.svg[39m[0m
[  65% ] [90m[1mreimport[22m | haifangzhu-awakened.svg[39m[0m
[  65% ] [90m[1mreimport[22m | guniao.svg[39m[0m
[  66% ] [90m[1mreimport[22m | guniao-awakened.svg[39m[0m
[  66% ] [90m[1mreimport[22m | fenghuanghuo.svg[39m[0m
[  66% ] [90m[1mreimport[22m | fenghuanghuo-awakened.svg[39m[0m
[  66% ] [90m[1mreimport[22m | datiangou.svg[39m[0m
[  67% ] [90m[1mreimport[22m | datiangou-awakened.svg[39m[0m
[  67% ] [90m[1mreimport[22m | caitongzi.svg[39m[0m
[  67% ] [90m[1mreimport[22m | caitongzi-awakened.svg[39m[0m
[  67% ] [90m[1mreimport[22m | bingyong.svg[39m[0m
[  67% ] [90m[1mreimport[22m | bingyong-awakened.svg[39m[0m
[  68% ] [90m[1mreimport[22m | bailang.svg[39m[0m
[  68% ] [90m[1mreimport[22m | bailang-awakened.svg[39m[0m
[  68% ] [90m[1mreimport[22m | lianyou-awakened.svg[39m[0m
[  68% ] [90m[1mreimport[22m | buzhinhuo.svg[39m[0m
[  68% ] [90m[1mreimport[22m | buzhinhuo-awakened.svg[39m[0m
[  69% ] [90m[1mreimport[22m | zuofutongzi.svg[39m[0m
[  69% ] [90m[1mreimport[22m | zuofutongzi-awakened.svg[39m[0m
[  69% ] [90m[1mreimport[22m | zhen.svg[39m[0m
[  69% ] [90m[1mreimport[22m | zhen-awakened.svg[39m[0m
[  69% ] [90m[1mreimport[22m | yingcao.svg[39m[0m
[  70% ] [90m[1mreimport[22m | yingcao-awakened.svg[39m[0m
[  70% ] [90m[1mreimport[22m | yimulian.svg[39m[0m
[  70% ] [90m[1mreimport[22m | yimulian-awakened.svg[39m[0m
[  70% ] [90m[1mreimport[22m | yijin-zhentian.svg[39m[0m
[  70% ] [90m[1mreimport[22m | yijin-zhentian-awakened.svg[39m[0m
[  71% ] [90m[1mreimport[22m | yaoginshi.svg[39m[0m
[  71% ] [90m[1mreimport[22m | yaoginshi-awakened.svg[39m[0m
[  71% ] [90m[1mreimport[22m | yaodaoji.svg[39m[0m
[  71% ] [90m[1mreimport[22m | yaodaoji-awakened.svg[39m[0m
[  71% ] [90m[1mreimport[22m | xuetongzi.svg[39m[0m
[  72% ] [90m[1mreimport[22m | xuetongzi-awakened.svg[39m[0m
[  72% ] [90m[1mreimport[22m | xuenv.svg[39m[0m
[  72% ] [90m[1mreimport[22m | xuenv-awakened.svg[39m[0m
[  72% ] [90m[1mreimport[22m | tiaotiaodidi.svg[39m[0m
[  72% ] [90m[1mreimport[22m | tiaotiaodidi-awakened.svg[39m[0m
[  73% ] [90m[1mreimport[22m | taohuayao.svg[39m[0m
[  73% ] [90m[1mreimport[22m | taohuayao-awakened.svg[39m[0m
[  73% ] [90m[1mreimport[22m | shuweng.svg[39m[0m
[  73% ] [90m[1mreimport[22m | shuweng-awakened.svg[39m[0m
[  74% ] [90m[1mreimport[22m | shantu.svg[39m[0m
[  74% ] [90m[1mreimport[22m | shantu-awakened.svg[39m[0m
[  74% ] [90m[1mreimport[22m | shantong.svg[39m[0m
[  74% ] [90m[1mreimport[22m | shantong-awakened.svg[39m[0m
[  74% ] [90m[1mreimport[22m | yixigong.svg[39m[0m
[  75% ] [90m[1mreimport[22m | yixigong-awakened.svg[39m[0m
[  75% ] [90m[1mreimport[22m | yi.svg[39m[0m
[  75% ] [90m[1mreimport[22m | yi-awakened.svg[39m[0m
[  75% ] [90m[1mreimport[22m | yanmo.svg[39m[0m
[  75% ] [90m[1mreimport[22m | yanmo-awakened.svg[39m[0m
[  76% ] [90m[1mreimport[22m | xingxiongtongzi.svg[39m[0m
[  76% ] [90m[1mreimport[22m | xingxiongtongzi-awakened.svg[39m[0m
[  76% ] [90m[1mreimport[22m | xiazhongshaonv.svg[39m[0m
[  76% ] [90m[1mreimport[22m | xiazhongshaonv-awakened.svg[39m[0m
[  76% ] [90m[1mreimport[22m | xiaosongwan.svg[39m[0m
[  77% ] [90m[1mreimport[22m | xiaosongwan-awakened.svg[39m[0m
[  77% ] [90m[1mreimport[22m | wuwu.svg[39m[0m
[  77% ] [90m[1mreimport[22m | wuwu-awakened.svg[39m[0m
[  77% ] [90m[1mreimport[22m | tuwan.svg[39m[0m
[  77% ] [90m[1mreimport[22m | tuwan-awakened.svg[39m[0m
[  78% ] [90m[1mreimport[22m | tengji.svg[39m[0m
[  78% ] [90m[1mreimport[22m | tengji-awakened.svg[39m[0m
[  78% ] [90m[1mreimport[22m | song.svg[39m[0m
[  78% ] [90m[1mreimport[22m | song-awakened.svg[39m[0m
[  78% ] [90m[1mreimport[22m | shiling.svg[39m[0m
[  79% ] [90m[1mreimport[22m | shiling-awakened.svg[39m[0m
[  79% ] [90m[1mreimport[22m | rulianshi.svg[39m[0m
[  79% ] [90m[1mreimport[22m | rulianshi-awakened.svg[39m[0m
[  79% ] [90m[1mreimport[22m | qianji.svg[39m[0m
[  80% ] [90m[1mreimport[22m | qianji-awakened.svg[39m[0m
[  80% ] [90m[1mreimport[22m | maozhanggui.svg[39m[0m
[  80% ] [90m[1mreimport[22m | maozhanggui-awakened.svg[39m[0m
[  80% ] [90m[1mreimport[22m | limao.svg[39m[0m
[  80% ] [90m[1mreimport[22m | limao-awakened.svg[39m[0m
[  81% ] [90m[1mreimport[22m | lingyanji.svg[39m[0m
[  81% ] [90m[1mreimport[22m | lingyanji-awakened.svg[39m[0m
[  81% ] [90m[1mreimport[22m | linghaidie.svg[39m[0m
[  81% ] [90m[1mreimport[22m | linghaidie-awakened.svg[39m[0m
[  81% ] [90m[1mreimport[22m | jinnaluo.svg[39m[0m
[  82% ] [90m[1mreimport[22m | jinnaluo-awakened.svg[39m[0m
[  82% ] [90m[1mreimport[22m | jicanghai.svg[39m[0m
[  82% ] [90m[1mreimport[22m | jicanghai-awakened.svg[39m[0m
[  82% ] [90m[1mreimport[22m | jialouluo.svg[39m[0m
[  82% ] [90m[1mreimport[22m | jialouluo-awakened.svg[39m[0m
[  83% ] [90m[1mreimport[22m | hudiejing.svg[39m[0m
[  83% ] [90m[1mreimport[22m | hudiejing-awakened.svg[39m[0m
[  83% ] [90m[1mreimport[22m | huangchuanzhizhu.svg[39m[0m
[  83% ] [90m[1mreimport[22m | huangchuanzhizhu-awakened.svg[39m[0m
[  83% ] [90m[1mreimport[22m | huajing.svg[39m[0m
[  84% ] [90m[1mreimport[22m | huajing-awakened.svg[39m[0m
[  84% ] [90m[1mreimport[22m | hainren.svg[39m[0m
[  84% ] [90m[1mreimport[22m | hainren-awakened.svg[39m[0m
[  84% ] [90m[1mreimport[22m | gunvhongye.svg[39m[0m
[  84% ] [90m[1mreimport[22m | gunvhongye-awakened.svg[39m[0m
[  85% ] [90m[1mreimport[22m | choushizhinv.svg[39m[0m
[  85% ] [90m[1mreimport[22m | choushizhinv-awakened.svg[39m[0m
[  85% ] [90m[1mreimport[22m | chongshi.svg[39m[0m
[  85% ] [90m[1mreimport[22m | chongshi-awakened.svg[39m[0m
[  85% ] [90m[1mreimport[22m | bujianyue.svg[39m[0m
[  86% ] [90m[1mreimport[22m | bujianyue-awakened.svg[39m[0m
[  86% ] [90m[1mreimport[22m | baize.svg[39m[0m
[  86% ] [90m[1mreimport[22m | baize-awakened.svg[39m[0m
[  86% ] [90m[1mreimport[22m | yunwaijing.svg[39m[0m
[  87% ] [90m[1mreimport[22m | yunwaijing-awakened.svg[39m[0m
[  87% ] [90m[1mreimport[22m | mianqiling-awakened.svg[39m[0m
[  87% ] [90m[1mreimport[22m | jiumingmao.svg[39m[0m
[  87% ] [90m[1mreimport[22m | jiumingmao-awakened.svg[39m[0m
[  87% ] [90m[1mreimport[22m | jinyuji.svg[39m[0m
[  88% ] [90m[1mreimport[22m | jinyuji-awakened.svg[39m[0m
[  88% ] [90m[1mreimport[22m | jingliuliqian.svg[39m[0m
[  88% ] [90m[1mreimport[22m | jingliuliqian-awakened.svg[39m[0m
[  88% ] [90m[1mreimport[22m | jieshen.svg[39m[0m
[  88% ] [90m[1mreimport[22m | jieshen-awakened.svg[39m[0m
[  89% ] [90m[1mreimport[22m | huoqumo.svg[39m[0m
[  89% ] [90m[1mreimport[22m | huoqumo-awakened.svg[39m[0m
[  89% ] [90m[1mreimport[22m | huibishou.svg[39m[0m
[  89% ] [90m[1mreimport[22m | huibishou-awakened.svg[39m[0m
[  89% ] [90m[1mreimport[22m | huangkulou.svg[39m[0m
[  90% ] [90m[1mreimport[22m | huangkulou-awakened.svg[39m[0m
[  90% ] [90m[1mreimport[22m | hetong.svg[39m[0m
[  90% ] [90m[1mreimport[22m | hetong-awakened.svg[39m[0m
[  90% ] [90m[1mreimport[22m | guishiheibai.svg[39m[0m
[  90% ] [90m[1mreimport[22m | guishiheibai-awakened.svg[39m[0m
[  91% ] [90m[1mreimport[22m | gouchang.svg[39m[0m
[  91% ] [90m[1mreimport[22m | gouchang-awakened.svg[39m[0m
[  91% ] [90m[1mreimport[22m | gitongwan.svg[39m[0m
[  91% ] [90m[1mreimport[22m | gitongwan-awakened.svg[39m[0m
[  91% ] [90m[1mreimport[22m | egui.svg[39m[0m
[  92% ] [90m[1mreimport[22m | egui-awakened.svg[39m[0m
[  92% ] [90m[1mreimport[22m | duyanxiaoseng.svg[39m[0m
[  92% ] [90m[1mreimport[22m | duyanxiaoseng-awakened.svg[39m[0m
[  92% ] [90m[1mreimport[22m | dishitian.svg[39m[0m
[  92% ] [90m[1mreimport[22m | dishitian-awakened.svg[39m[0m
[  93% ] [90m[1mreimport[22m | bayiqidashe.svg[39m[0m
[  93% ] [90m[1mreimport[22m | liangmianfo.svg[39m[0m
[  93% ] [90m[1mreimport[22m | liangmianfo-awakened.svg[39m[0m
[  93% ] [90m[1mreimport[22m | kuileishi.svg[39m[0m
[  94% ] [90m[1mreimport[22m | kuileishi-awakened.svg[39m[0m
[  94% ] [90m[1mreimport[22m | huaniajuan.svg[39m[0m
[  94% ] [90m[1mreimport[22m | huaniajuan-awakened.svg[39m[0m
[  94% ] [90m[1mreimport[22m | heitongzi.svg[39m[0m
[  94% ] [90m[1mreimport[22m | heitongzi-awakened.svg[39m[0m
[  95% ] [90m[1mreimport[22m | guanhu.svg[39m[0m
[  95% ] [90m[1mreimport[22m | guanhu-awakened.svg[39m[0m
[  95% ] [90m[1mreimport[22m | fengli.svg[39m[0m
[  95% ] [90m[1mreimport[22m | fengli-awakened.svg[39m[0m
[  95% ] [90m[1mreimport[22m | baizangzhu.svg[39m[0m
[  96% ] [90m[1mreimport[22m | baizangzhu-awakened.svg[39m[0m
[  96% ] [90m[1mreimport[22m | baitongzi.svg[39m[0m
[  96% ] [90m[1mreimport[22m | baitongzi-awakened.svg[39m[0m
[  96% ] [90m[1mreimport[22m | zhuiyueshen.svg[39m[0m
[  96% ] [90m[1mreimport[22m | zhuiyueshen-awakened.svg[39m[0m
[  97% ] [90m[1mreimport[22m | yuzaoqian.svg[39m[0m
[  97% ] [90m[1mreimport[22m | yuzaoqian-awakened.svg[39m[0m
[  97% ] [90m[1mreimport[22m | yuanjiulanghu.svg[39m[0m
[  97% ] [90m[1mreimport[22m | yuanjiulanghu-awakened.svg[39m[0m
[  97% ] [90m[1mreimport[22m | yingxueji.svg[39m[0m
[  98% ] [90m[1mreimport[22m | yingxueji-awakened.svg[39m[0m
[  98% ] [90m[1mreimport[22m | xieji.svg[39m[0m
[  98% ] [90m[1mreimport[22m | xieji-awakened.svg[39m[0m
[  98% ] [90m[1mreimport[22m | wushizhiling.svg[39m[0m
[  98% ] [90m[1mreimport[22m | wushizhiling-awakened.svg[39m[0m
[  99% ] [90m[1mreimport[22m | tieshu.svg[39m[0m
[  99% ] [90m[1mreimport[22m | tieshu-awakened.svg[39m[0m
[  99% ] [90m[1mreimport[22m | mianqiling.svg[39m[0m
[  99% ] [90m[1mreimport[22m | 正在结束资产导入……[39m[0m
[92m[ DONE ][39m [1mreimport[22m
[0m
[   0% ] [90m[1mreimport[22m | Started 正在导入或重新导入资产 (484 steps)[39m[0m
[   0% ] [90m[1mreimport[22m | 正在执行重新导入的后置操作……[39m[0m
[92m[ DONE ][39m [1mreimport[22m
[0m
[   0% ] [90m[1mloading_editor_layout[22m | Started 正在加载编辑器 (5 steps)[39m[0m
[   0% ] [90m[1mloading_editor_layout[22m | 正在加载编辑器布局……[39m[0m
[  16% ] [90m[1mloading_editor_layout[22m | 正在加载停靠面板……[39m[0m
[  33% ] [90m[1mloading_editor_layout[22m | 正在重新打开场景……[39m[0m
[  50% ] [90m[1mloading_editor_layout[22m | 正在加载中央编辑器布局……[39m[0m
[  66% ] [90m[1mloading_editor_layout[22m | 正在加载插件窗口布局……[39m[0m
[  83% ] [90m[1mloading_editor_layout[22m | 编辑器布局就绪。[39m[0m
[92m[ DONE ][39m [1mloading_editor_layout[22m
[0m
