PASS yatiangou-qiuye original-unit-card 1024x1536 selected_bytes focus
PASS shuweng-zhixing original-unit-card 1024x1536 selected_bytes focus
PASS huojinshen original-unit-card 1024x1536 selected_bytes focus
PASS sibing original-unit-card 1024x1536 selected_bytes focus
PASS dayueling-yuxin original-unit-card 1024x1536 selected_bytes focus
PASS chili original-unit-card 1024x1536 selected_bytes focus
PASS jieshen-suiyuan original-unit-card 1024x1536 selected_bytes focus
PASS tieshu-haojia original-unit-card 1024x1536 selected_bytes focus
PASS yijin-qianxun original-unit-card 1024x1536 selected_bytes focus
PASS baizangzhu-lixin original-unit-card 1024x1536 selected_bytes focus
PASS guijinyang original-unit-card 1024x1536 selected_bytes focus
PASS longche original-unit-card 1024x1536 selected_bytes focus
PASS pinfashen original-unit-card 1024x1536 selected_bytes focus
PASS longjue original-unit-card 1024x1536 selected_bytes focus
PASS fengyangjun original-unit-card 1024x1536 selected_bytes focus
PASS jintianyuzaoqian original-unit-card 1024x1536 selected_bytes focus
PASS chanxinyunwaijing original-unit-card 1024x1536 selected_bytes focus
PASS zhaocaimao original-unit-card 1024x1536 selected_bytes focus
PASS maozhanggui-huanyan original-unit-card 1024x1536 selected_bytes focus
PASS geluoduo original-unit-card 1024x1536 selected_bytes focus
PASS yinfanhuiyeji original-unit-card 1024x1536 selected_bytes focus
PASS daixiaoguhuoniao original-unit-card 1024x1536 selected_bytes focus
PASS chulingshanfeng original-unit-card 1024x1536 selected_bytes focus
PASS fenghuanghuo-jingyu original-unit-card 1024x1536 selected_bytes focus
PASS xixueji-xiyi original-unit-card 1024x1536 selected_bytes focus
PASS yinghuayao-lijing original-unit-card 1024x1536 selected_bytes focus
PASS shenqilou original-unit-card 1024x1536 selected_bytes focus
PASS tanjirou original-unit-card 1024x1536 selected_bytes focus
PASS nezuko project-setting 1024x1536 selected_bytes focus
PASS fanqie original-derived-card 1024x1536 selected_bytes focus
PASS bingqiang original-spell-card 1024x1536 selected_bytes focus
PASS zhiren project-setting 1024x1536 selected_bytes focus
PASS yanyanluo-fenshen project-setting 1024x1536 selected_bytes focus
PASS jinran-buye project-setting 1024x1536 selected_bytes focus
PASS xueqiu-jingling project-setting 1024x1536 selected_bytes focus
PASS huangjinyu-ling project-setting 1024x1536 selected_bytes focus
PASS mingdeng-shou project-setting 1024x1536 selected_bytes focus
PASS xinmo project-setting 1024x1536 selected_bytes focus
PASS shouhu-ling project-setting 1024x1536 selected_bytes focus
PASS yueying project-setting 1024x1536 selected_bytes focus
PASS shizhu project-setting 1024x1536 selected_bytes focus
PASS yanling-huo project-setting 1024x1536 selected_bytes focus
PASS shuimo project-setting 1024x1536 selected_bytes focus
PASS leiyin project-setting 1024x1536 selected_bytes focus
PASS xingchen project-setting 1024x1536 selected_bytes focus
PASS momo project-setting 1024x1536 selected_bytes focus
PASS jinguang project-setting 1024x1536 selected_bytes focus
PASS shiyao-longyechaji project-setting 1024x1536 selected_bytes focus
PASS baize-yuanqi project-setting 1024x1536 selected_bytes focus
PASS shenqi-huang project-setting 1024x1536 selected_bytes focus
PASS xuan project-setting 1024x1536 selected_bytes focus
PASS yuyuan-banruo project-setting 1024x1536 selected_bytes focus
PASS luohou project-setting 1024x1536 selected_bytes focus
PASS ember project-setting 1024x1536 selected_bytes focus
PASS basalt project-setting 1024x1536 selected_bytes focus
PASS lumen project-setting 1024x1536 selected_bytes focus
PASS rime project-setting 1024x1536 selected_bytes focus
PASS storm project-setting 1024x1536 selected_bytes focus
PASS ink project-setting 1024x1536 selected_bytes focus
PASS frostblade project-setting 1024x1536 selected_bytes focus
PASS kongo project-setting 1024x1536 selected_bytes focus
ASSET_OK new=61 total=250 previous=189 reference=30 setting=31
