Godot Engine v4.8.dev5.official.9552dfb68 - https://godotengine.org
OpenGL API 4.1 Metal - 91.7 - Compatibility - Using Device: Apple - Apple M5

SHOT 01-wave9-portraits-01
SHOT 01-wave9-portraits-02
SHOT 01-wave9-portraits-03
SHOT 01-wave9-portraits-04
SHOT 02-wave9-formation
SHOT 03-wave9-deck-yatiangou-qiuye
SHOT 04-wave9-battle-01
SHOT 03-wave9-deck-dayueling-yuxin
SHOT 04-wave9-battle-02
SHOT 03-wave9-deck-yijin-qianxun
SHOT 04-wave9-battle-03
SHOT 03-wave9-deck-pinfashen
SHOT 04-wave9-battle-04
SHOT 03-wave9-deck-chanxinyunwaijing
SHOT 04-wave9-battle-05
SHOT 03-wave9-deck-yinfanhuiyeji
SHOT 04-wave9-battle-06
SHOT 03-wave9-deck-xixueji-xiyi
SHOT 04-wave9-battle-07
REDRAWN_CAPTURE_DONE
