PASS godot/assets/redrawn/classic/yaodaoji.png
PASS godot/assets/redrawn/classic/jutun-tongzi.png
PASS godot/assets/redrawn/classic/bingyong.png
PASS godot/assets/redrawn/classic/datiangou.png
PASS godot/assets/redrawn/classic/xuenv.png
PASS godot/assets/redrawn/classic/yingcao.png
PASS godot/assets/redrawn/classic/taohuayao.png
PASS godot/assets/redrawn/classic/guniao.png
PASS godot/assets/redrawn/classic/bailang.png
PASS godot/assets/redrawn/classic/caitongzi.png
PASS godot/assets/redrawn/classic/xuetongzi.png
PASS godot/assets/redrawn/classic/shantong.png
PASS godot/assets/redrawn/classic/tiaotiaodidi.png
PASS godot/assets/redrawn/classic/qingshe.png
PASS godot/assets/redrawn/classic/zhen.png
PASS godot/assets/redrawn/classic/haifangzhu.png
PASS godot/assets/redrawn/classic/yimulian.png
PASS godot/assets/redrawn/classic/shuweng.png
PASS godot/assets/redrawn/classic/jue.png
PASS godot/assets/redrawn/classic/quanshen.png
PASS godot/assets/redrawn/classic/panguan.png
PASS godot/assets/redrawn/classic/yijin-zhentian.png
PASS godot/assets/redrawn/classic/fenghuanghuo.png
PASS godot/assets/redrawn/classic/qingfangzhu.png
PASS godot/assets/redrawn/classic/qingwa-ciqi.png
PASS godot/assets/redrawn/classic/shantu.png
PASS godot/assets/redrawn/classic/yaoginshi.png
PASS godot/assets/redrawn/classic/qingxingdeng.png
PASS godot/assets/redrawn/classic/zuofutongzi.png
PASS godot/assets/redrawn/wave2/yaohu.png
PASS godot/assets/redrawn/wave2/tiaotiaomeimei.png
PASS godot/assets/redrawn/wave2/buzhinhuo.png
PASS godot/assets/redrawn/wave2/xiaolunan.png
PASS godot/assets/redrawn/wave2/yanyanluo.png
PASS godot/assets/redrawn/wave2/rihefang.png
PASS godot/assets/redrawn/wave2/lianyou.png
PASS godot/assets/redrawn/wave2/yatiangou.png
PASS godot/assets/redrawn/wave2/lingyuyuqian.png
PASS godot/assets/redrawn/wave3/biyehua.png
PASS godot/assets/redrawn/wave3/huang.png
PASS godot/assets/redrawn/wave3/jiuciliang.png
PASS godot/assets/redrawn/wave3/huiyeji.png
PASS godot/assets/redrawn/wave3/xixueji.png
PASS godot/assets/redrawn/wave3/tianjingxia.png
PASS godot/assets/redrawn/wave3/longyechaji.png
PASS godot/assets/redrawn/wave3/mengpo.png
PASS godot/assets/redrawn/wave3/shanfeng.png
PASS godot/assets/redrawn/wave3/dayueling.png
PASS godot/assets/redrawn/wave3/guiqie.png
PASS godot/assets/redrawn/wave3/wuguishi.png
PASS godot/assets/redrawn/wave3/yinghuayao.png
PASS godot/assets/redrawn/wave3/xun.png
PASS godot/assets/redrawn/wave3/renmianshu.png
PASS godot/assets/redrawn/wave3/tiaotiaogege.png
PASS godot/assets/redrawn/wave3/shimengmo.png
PASS godot/assets/redrawn/wave3/yujiazhu.png
PASS godot/assets/redrawn/wave3/sanmu.png
PASS godot/assets/redrawn/wave4/jieshen.png
PASS godot/assets/redrawn/wave4/gitongwan.png
PASS godot/assets/redrawn/wave4/banruo.png
PASS godot/assets/redrawn/wave4/tieshu.png
PASS godot/assets/redrawn/wave4/hetong.png
PASS godot/assets/redrawn/wave4/zhuiyueshen.png
PASS godot/assets/redrawn/wave4/baimugui.png
PASS godot/assets/redrawn/wave4/wushizhiling.png
PASS godot/assets/redrawn/wave4/guishiheibai.png
PASS godot/assets/redrawn/wave4/huoqumo.png
PASS godot/assets/redrawn/wave4/yuanjiulanghu.png
PASS godot/assets/redrawn/wave4/yingxueji.png
PASS godot/assets/redrawn/wave4/jingliuliqian.png
PASS godot/assets/redrawn/wave4/egui.png
PASS godot/assets/redrawn/wave4/duyanxiaoseng.png
PASS godot/assets/redrawn/wave4/mianqiling.png
PASS godot/assets/redrawn/wave4/jiumingmao.png
PASS godot/assets/redrawn/wave4/axiuluo.png
PASS godot/assets/redrawn/wave4/bayiqidashe.png
PASS godot/assets/redrawn/wave4/jinyuji.png
PASS godot/assets/redrawn/wave4/huangkulou.png
PASS godot/assets/redrawn/wave4/gouchang.png
PASS godot/assets/redrawn/wave4/dishitian.png
PASS godot/assets/redrawn/wave4/xieji.png
PASS godot/assets/redrawn/wave4/yuzaoqian.png
PASS godot/assets/redrawn/wave4/huibishou.png
PASS godot/assets/redrawn/wave5/tengji.png
PASS godot/assets/redrawn/wave5/huaniajuan.png
PASS godot/assets/redrawn/wave5/yanmo.png
PASS godot/assets/redrawn/wave5/kuileishi.png
PASS godot/assets/redrawn/wave5/baizangzhu.png
PASS godot/assets/redrawn/wave5/rulianshi.png
PASS godot/assets/redrawn/wave5/fengli.png
PASS godot/assets/redrawn/wave5/guanhu.png
PASS godot/assets/redrawn/wave5/song.png
PASS godot/assets/redrawn/wave5/yunwaijing.png
PASS godot/assets/redrawn/wave5/liangmianfo.png
PASS godot/assets/redrawn/wave5/heitongzi.png
PASS godot/assets/redrawn/wave5/baitongzi.png
PASS godot/assets/redrawn/wave5/xiazhongshaonv.png
PASS godot/assets/redrawn/wave5/yi.png
PASS godot/assets/redrawn/wave5/xiaosongwan.png
PASS godot/assets/redrawn/wave5/wuwu.png
PASS godot/assets/redrawn/wave5/qianji.png
PASS godot/assets/redrawn/wave5/shiling.png
PASS godot/assets/redrawn/wave5/maozhanggui.png
PASS godot/assets/redrawn/wave5/xingxiongtongzi.png
PASS godot/assets/redrawn/wave5/yixigong.png
PASS godot/assets/redrawn/wave5/limao.png
PASS godot/assets/redrawn/wave5/tuwan.png
PASS godot/assets/redrawn/wave6/jinnaluo.png
PASS godot/assets/redrawn/wave6/lingyanji.png
PASS godot/assets/redrawn/wave6/rurineque.png
PASS godot/assets/redrawn/wave6/shouwu.png
PASS godot/assets/redrawn/wave6/gunvhongye.png
PASS godot/assets/redrawn/wave6/choushizhinv.png
PASS godot/assets/redrawn/wave6/yifanmumian.png
PASS godot/assets/redrawn/wave6/yecha.png
PASS godot/assets/redrawn/wave6/huangchuanzhizhu.png
PASS godot/assets/redrawn/wave6/wannianzhu.png
PASS godot/assets/redrawn/wave6/shuzhu.png
PASS godot/assets/redrawn/wave6/sanweihu.png
PASS godot/assets/redrawn/wave6/jicanghai.png
PASS godot/assets/redrawn/wave6/wuchen.png
PASS godot/assets/redrawn/wave6/ninghongye.png
PASS godot/assets/redrawn/wave6/tayumenhutao.png
PASS godot/assets/redrawn/wave6/baize.png
PASS godot/assets/redrawn/wave6/hudiejing.png
PASS godot/assets/redrawn/wave6/luoxinfu.png
PASS godot/assets/redrawn/wave6/yitiao.png
PASS godot/assets/redrawn/wave6/jialouluo.png
PASS godot/assets/redrawn/wave6/huajing.png
PASS godot/assets/redrawn/wave6/yinge.png
PASS godot/assets/redrawn/wave6/bujianyue.png
PASS godot/assets/redrawn/wave6/xuzuozhinan.png
PASS godot/assets/redrawn/wave6/liyujing.png
PASS godot/assets/redrawn/wave6/chongshi.png
PASS godot/assets/redrawn/wave6/xieenv.png
PASS godot/assets/redrawn/wave6/xunxiangxing.png
PASS godot/assets/redrawn/wave6/linghaidie.png
PASS godot/assets/redrawn/wave6/yujuchong.png
PASS godot/assets/redrawn/wave6/hainren.png
PASS godot/assets/redrawn/wave7/gulonghuo.png
PASS godot/assets/redrawn/wave7/chuanyuan.png
PASS godot/assets/redrawn/wave7/erkounv.png
PASS godot/assets/redrawn/wave7/xiaoxiuzhishou.png
PASS godot/assets/redrawn/wave7/quanshen-lizhan.png
PASS godot/assets/redrawn/wave7/yaodaoji-zhuren.png
PASS godot/assets/redrawn/wave7/datiangou-gangfeng.png
PASS godot/assets/redrawn/wave7/qingxingdeng-huihuo.png
PASS godot/assets/redrawn/wave7/kongquemingwang.png
PASS godot/assets/redrawn/wave7/fenpopo.png
PASS godot/assets/redrawn/wave7/jiao.png
PASS godot/assets/redrawn/wave7/ji.png
PASS godot/assets/redrawn/wave7/jutun-wangkong.png
PASS godot/assets/redrawn/wave7/caitong-lvli.png
PASS godot/assets/redrawn/wave7/qingfangzhu-fanchen.png
PASS godot/assets/redrawn/wave7/panguan-xuanmo.png
PASS godot/assets/redrawn/wave7/langyazi.png
PASS godot/assets/redrawn/wave7/yanling.png
PASS godot/assets/redrawn/wave7/huimingdeng.png
PASS godot/assets/redrawn/wave7/shifagui.png
PASS godot/assets/redrawn/wave7/tiannimei.png
PASS godot/assets/redrawn/wave7/guniao-yuxiang.png
PASS godot/assets/redrawn/wave7/taohua-luoying.png
PASS godot/assets/redrawn/wave7/yimulian-linglai.png
PASS godot/assets/redrawn/wave7/shantu-zuofu.png
PASS godot/assets/redrawn/wave8/chen.png
PASS godot/assets/redrawn/wave8/tianzhao.png
PASS godot/assets/redrawn/wave8/yuedu.png
PASS godot/assets/redrawn/wave8/gunv.png
PASS godot/assets/redrawn/wave8/yunv.png
PASS godot/assets/redrawn/wave8/huang-qiming.png
PASS godot/assets/redrawn/wave8/zhuiyueshen-shuiyue.png
PASS godot/assets/redrawn/wave8/wushi-maoshi.png
PASS godot/assets/redrawn/wave8/yixienamei.png
PASS godot/assets/redrawn/wave8/guishibai.png
PASS godot/assets/redrawn/wave8/guishihei.png
PASS godot/assets/redrawn/wave8/tongnantongnv.png
PASS godot/assets/redrawn/wave8/zhiwu.png
PASS godot/assets/redrawn/wave8/daorenshen.png
PASS godot/assets/redrawn/wave8/ertong.png
PASS godot/assets/redrawn/wave8/yingcao-pupu.png
PASS godot/assets/redrawn/wave8/mianqiling-xinsu.png
PASS godot/assets/redrawn/wave8/fansi.png
PASS godot/assets/redrawn/wave8/longzi.png
PASS godot/assets/redrawn/wave8/maochuan.png
PASS godot/assets/redrawn/wave8/alaina.png
PASS godot/assets/redrawn/wave8/youning.png
PASS godot/assets/redrawn/wave8/xiaolunan-qianshou.png
PASS godot/assets/redrawn/wave8/rihefang-qingyang.png
PASS godot/assets/redrawn/wave8/yanyanluo-fumiao.png
