jieshen (缘结神) role=216 reference=original size=1024x1536 selected_bytes_match=true sha256=ee5b2308f482f14f3b7f73104e9785f9b7a0d852a3aebe3092adf33673664195
gitongwan (鬼童丸) role=214 reference=original size=1024x1536 selected_bytes_match=true sha256=bcac2be567ff8c17a2b2ad5160b0f7a8f33058b0c2094f07e70fa5278159e25d
banruo (般若) role=215 reference=original size=1024x1536 selected_bytes_match=true sha256=f8b832c79f1996018223df2a6a52f1ebb4e2a7d35d6b97959514f9b4bc9fc54a
tieshu (铁鼠) role=212 reference=original size=1024x1536 selected_bytes_match=true sha256=5a82cc70ab7f9dde53d0dabb90793ef2d3f795bc652a4dad82fc210a24b9b801
hetong (河童) role=213 reference=original size=1024x1536 selected_bytes_match=true sha256=722b82b3c4120ca947f4e88dc908e904cbcb5374a55fad3f649a3a532dc27506
zhuiyueshen (追月神) role=197 reference=original size=1024x1536 selected_bytes_match=true sha256=c78d49a768fd746ebf4017e8ff004a50a86d2a41ca83121e4776738911ca60e5
baimugui (百目鬼) role=196 reference=original size=1024x1536 selected_bytes_match=true sha256=6de77a8274991d526a287b9c423b6ab16e2d74e363e1495269e7341ce5479e8d
wushizhiling (武士之灵) role=193 reference=original size=1024x1536 selected_bytes_match=true sha256=501804d9bdbb8c762c48c1d907481eaca84f034186169e1fb8ce58b3bb892875
guishiheibai (鬼使黑/鬼使白) role=194 reference=original size=1024x1536 selected_bytes_match=true sha256=ad14337991d9fb3b94f48aa0f8b9a7b19d232a4b7b4a381b2ed17a52f77768cc
huoqumo (火取魔) role=204 reference=original size=1024x1536 selected_bytes_match=true sha256=a2ec8a8e9e4d6b9b390357880d1e17b46d8b1ebb61b1eef95964d21fe47ab7b0
yuanjiulanghu (源九郎狐) role=205 reference=original size=1024x1536 selected_bytes_match=true sha256=b9b9086712342e6759b6d3d810b9eed82f39c220bceed46a18b3c61dbda1a970
yingxueji (樱雪姬) role=207 reference=original size=1024x1536 selected_bytes_match=true sha256=a9f251dcd208b06179ef811034fa2d15a2ede3cf15e82b235ba741b7b933d986
jingliuliqian (净琉璃御前) role=206 reference=original size=1024x1536 selected_bytes_match=true sha256=6d721a995d6f36b320d43f223cdd8e4aa90fcbe5f8a38d78aa7b03d6356cac19
egui (饿鬼) role=217 reference=original size=1024x1536 selected_bytes_match=true sha256=ff357c3e6f892e60bc53ad31e4e5ca0df3da3c19326a0252c88e74f0d8e81743
duyanxiaoseng (独眼小僧) role=188 reference=original size=1024x1536 selected_bytes_match=true sha256=84e07f30306972f59028d09e884a4e939da6b576f529a2507f4a173425c34be6
mianqiling (面灵气) role=208 reference=original size=1024x1536 selected_bytes_match=true sha256=073f4f0ce502075ab7d2a9c14110d5662d86965a0f23d0b8b86d1e0c1ab16cff
jiumingmao (九命猫) role=201 reference=original size=1024x1536 selected_bytes_match=true sha256=cbe6c6627891047b3d364fd6a55b0c9cc25e1879674a5c164f97afb1b8b08d24
axiuluo (阿修罗) role=224 reference=original size=1024x1536 selected_bytes_match=true sha256=547a83e449d776bf4b23746d957a05e19fa027d0eb1830454d33304731efdb20
bayiqidashe (八岐大蛇) role=220 reference=original size=1024x1536 selected_bytes_match=true sha256=5ca7d7c4a585f88439a5c77a59f050a7f5cf1256982ae5b65573be1275d33d93
jinyuji (金鱼姬) role=227 reference=original size=1024x1536 selected_bytes_match=true sha256=524bfff7ab2d79256db64a970105786e964d05e4efef8682f4d3355906659ff5
huangkulou (荒骷髅) role=226 reference=original size=1024x1536 selected_bytes_match=true sha256=f11e1a7f639a26ec1c057d4da99369157572f75d31d8d1400706532eb551e093
gouchang (垢尝) role=211 reference=original size=1024x1536 selected_bytes_match=true sha256=40e8038e219b2ac3ebabdb230e8cfe75bde470c902e7ad04f5fd3609584b5b97
dishitian (帝释天) role=225 reference=original size=1024x1536 selected_bytes_match=true sha256=4db04992771cb5bcbe4a17e7a81196da842021c1a27f63aed0b462ba0575382a
xieji (蟹姬) role=210 reference=original size=1024x1536 selected_bytes_match=true sha256=b225e0d33ff4808903a16acbe962200e255d00bbff869d2789fd92e9960030dc
yuzaoqian (玉藻前) role=221 reference=original size=1024x1536 selected_bytes_match=true sha256=57ae015d026584bb40868cd37410e3bf9ec1afe88af30254fe87771ec9a4ea70
huibishou (惠比寿) role=209 reference=original size=1024x1536 selected_bytes_match=true sha256=c580c2a2338762b428bd849b0c946738df187c72eb0dea31fee100ee4ebd4ddb
WAVE4_ASSET_CHECK_OK units=26 independent_images=26 original_reference_only=true
PREVIOUS_MANIFEST_ENTRIES_MATCH count=57
TOTAL_REDRAWN_UNITS 83
