godot/assets/redrawn/classic/yaodaoji.png: OK
godot/assets/redrawn/classic/jutun-tongzi.png: OK
godot/assets/redrawn/classic/bingyong.png: OK
godot/assets/redrawn/classic/datiangou.png: OK
godot/assets/redrawn/classic/xuenv.png: OK
godot/assets/redrawn/classic/yingcao.png: OK
godot/assets/redrawn/classic/taohuayao.png: OK
godot/assets/redrawn/classic/guniao.png: OK
godot/assets/redrawn/classic/bailang.png: OK
godot/assets/redrawn/classic/caitongzi.png: OK
godot/assets/redrawn/classic/xuetongzi.png: OK
godot/assets/redrawn/classic/shantong.png: OK
godot/assets/redrawn/classic/tiaotiaodidi.png: OK
godot/assets/redrawn/classic/qingshe.png: OK
godot/assets/redrawn/classic/zhen.png: OK
godot/assets/redrawn/classic/haifangzhu.png: OK
godot/assets/redrawn/classic/yimulian.png: OK
godot/assets/redrawn/classic/shuweng.png: OK
godot/assets/redrawn/classic/jue.png: OK
godot/assets/redrawn/classic/quanshen.png: OK
godot/assets/redrawn/classic/panguan.png: OK
godot/assets/redrawn/classic/yijin-zhentian.png: OK
godot/assets/redrawn/classic/fenghuanghuo.png: OK
godot/assets/redrawn/classic/qingfangzhu.png: OK
godot/assets/redrawn/classic/qingwa-ciqi.png: OK
godot/assets/redrawn/classic/shantu.png: OK
godot/assets/redrawn/classic/yaoginshi.png: OK
godot/assets/redrawn/classic/qingxingdeng.png: OK
godot/assets/redrawn/classic/zuofutongzi.png: OK
godot/assets/redrawn/wave2/yaohu.png: OK
godot/assets/redrawn/wave2/tiaotiaomeimei.png: OK
godot/assets/redrawn/wave2/buzhinhuo.png: OK
godot/assets/redrawn/wave2/xiaolunan.png: OK
godot/assets/redrawn/wave2/yanyanluo.png: OK
godot/assets/redrawn/wave2/rihefang.png: OK
godot/assets/redrawn/wave2/lianyou.png: OK
godot/assets/redrawn/wave2/yatiangou.png: OK
godot/assets/redrawn/wave2/lingyuyuqian.png: OK
godot/assets/redrawn/wave3/biyehua.png: OK
godot/assets/redrawn/wave3/huang.png: OK
godot/assets/redrawn/wave3/jiuciliang.png: OK
godot/assets/redrawn/wave3/huiyeji.png: OK
godot/assets/redrawn/wave3/xixueji.png: OK
godot/assets/redrawn/wave3/tianjingxia.png: OK
godot/assets/redrawn/wave3/longyechaji.png: OK
godot/assets/redrawn/wave3/mengpo.png: OK
godot/assets/redrawn/wave3/shanfeng.png: OK
godot/assets/redrawn/wave3/dayueling.png: OK
godot/assets/redrawn/wave3/guiqie.png: OK
godot/assets/redrawn/wave3/wuguishi.png: OK
godot/assets/redrawn/wave3/yinghuayao.png: OK
godot/assets/redrawn/wave3/xun.png: OK
godot/assets/redrawn/wave3/renmianshu.png: OK
godot/assets/redrawn/wave3/tiaotiaogege.png: OK
godot/assets/redrawn/wave3/shimengmo.png: OK
godot/assets/redrawn/wave3/yujiazhu.png: OK
godot/assets/redrawn/wave3/sanmu.png: OK
godot/assets/redrawn/wave4/jieshen.png: OK
godot/assets/redrawn/wave4/gitongwan.png: OK
godot/assets/redrawn/wave4/banruo.png: OK
godot/assets/redrawn/wave4/tieshu.png: OK
godot/assets/redrawn/wave4/hetong.png: OK
godot/assets/redrawn/wave4/zhuiyueshen.png: OK
godot/assets/redrawn/wave4/baimugui.png: OK
godot/assets/redrawn/wave4/wushizhiling.png: OK
godot/assets/redrawn/wave4/guishiheibai.png: OK
godot/assets/redrawn/wave4/huoqumo.png: OK
godot/assets/redrawn/wave4/yuanjiulanghu.png: OK
godot/assets/redrawn/wave4/yingxueji.png: OK
godot/assets/redrawn/wave4/jingliuliqian.png: OK
godot/assets/redrawn/wave4/egui.png: OK
godot/assets/redrawn/wave4/duyanxiaoseng.png: OK
godot/assets/redrawn/wave4/mianqiling.png: OK
godot/assets/redrawn/wave4/jiumingmao.png: OK
godot/assets/redrawn/wave4/axiuluo.png: OK
godot/assets/redrawn/wave4/bayiqidashe.png: OK
godot/assets/redrawn/wave4/jinyuji.png: OK
godot/assets/redrawn/wave4/huangkulou.png: OK
godot/assets/redrawn/wave4/gouchang.png: OK
godot/assets/redrawn/wave4/dishitian.png: OK
godot/assets/redrawn/wave4/xieji.png: OK
godot/assets/redrawn/wave4/yuzaoqian.png: OK
godot/assets/redrawn/wave4/huibishou.png: OK
