== export content ==
Exported 250 units / 2114 cards → probe + godot/content; 500 portraits (0 updated)
== godot import assets ==
Godot Engine v4.8.dev5.official.9552dfb68 - https://godotengine.org

[   0% ] [90m[1mfirst_scan_filesystem[22m | Started 项目初始化 (5 steps)[39m[0m
[   0% ] [90m[1mfirst_scan_filesystem[22m | 正在扫描文件结构……[39m[0m
[  16% ] [90m[1mfirst_scan_filesystem[22m | 正在加载全局类名……[39m[0m
[  33% ] [90m[1mfirst_scan_filesystem[22m | 正在校验 GDExtension……[39m[0m
[  50% ] [90m[1mfirst_scan_filesystem[22m | 正在创建自动加载脚本……[39m[0m
[  66% ] [90m[1mfirst_scan_filesystem[22m | 正在初始化插件……[39m[0m
[  83% ] [90m[1mfirst_scan_filesystem[22m | 正在启动文件扫描……[39m[0m
[92m[ DONE ][39m [1mfirst_scan_filesystem[22m
[0m
[   0% ] [90m[1mupdate_scripts_classes[22m | Started 正在注册全局类…… (18 steps)[39m[0m
[   0% ] [90m[1mupdate_scripts_classes[22m | [39m[0m
[   5% ] [90m[1mupdate_scripts_classes[22m | BattleScreen[39m[0m
[  10% ] [90m[1mupdate_scripts_classes[22m | [39m[0m
[  15% ] [90m[1mupdate_scripts_classes[22m | UIWidgets[39m[0m
[  21% ] [90m[1mupdate_scripts_classes[22m | ArmorBreakRules[39m[0m
[  26% ] [90m[1mupdate_scripts_classes[22m | FireflyRules[39m[0m
[  31% ] [90m[1mupdate_scripts_classes[22m | GameAI[39m[0m
[  36% ] [90m[1mupdate_scripts_classes[22m | GameState[39m[0m
[  42% ] [90m[1mupdate_scripts_classes[22m | PeachRules[39m[0m
[  47% ] [90m[1mupdate_scripts_classes[22m | PhoenixRules[39m[0m
[  52% ] [90m[1mupdate_scripts_classes[22m | VerifiedCardRules[39m[0m
[  57% ] [90m[1mupdate_scripts_classes[22m | [39m[0m
[  63% ] [90m[1mupdate_scripts_classes[22m | [39m[0m
[  68% ] [90m[1mupdate_scripts_classes[22m | [39m[0m
[  73% ] [90m[1mupdate_scripts_classes[22m | [39m[0m
[  78% ] [90m[1mupdate_scripts_classes[22m | [39m[0m
[  84% ] [90m[1mupdate_scripts_classes[22m | [39m[0m
[  89% ] [90m[1mupdate_scripts_classes[22m | [39m[0m
[92m[ DONE ][39m [1mupdate_scripts_classes[22m
[0m
[   0% ] [90m[1mloading_editor_layout[22m | Started 正在加载编辑器 (5 steps)[39m[0m
[   0% ] [90m[1mloading_editor_layout[22m | 正在加载编辑器布局……[39m[0m
[  16% ] [90m[1mloading_editor_layout[22m | 正在加载停靠面板……[39m[0m
[  33% ] [90m[1mloading_editor_layout[22m | 正在重新打开场景……[39m[0m
[  50% ] [90m[1mloading_editor_layout[22m | 正在加载中央编辑器布局……[39m[0m
[  66% ] [90m[1mloading_editor_layout[22m | 正在加载插件窗口布局……[39m[0m
[  83% ] [90m[1mloading_editor_layout[22m | 编辑器布局就绪。[39m[0m
[92m[ DONE ][39m [1mloading_editor_layout[22m
[0m
== godot verify ==
Godot Engine v4.8.dev5.official.9552dfb68 - https://godotengine.org

GODOT_CONTENT_OK units=250 playable=250 cards=2114
GODOT_MATCH_OK commands=17 log=59 turn=5 winner=-1 seed=20260920
COMMAND_LOG [{"a":{"unit":1},"c":"level_up","p":0,"r":2987955158,"t":1},{"a":{"card":"flash-thrust","hand":1,"target":null},"c":"play_card","p":0,"r":2987955158,"t":1},{"a":{"bonus":2,"target":null,"unit":0},"c":"assault","p":0,"r":2987955158,"t":1},{"
GODOT_VERT_SLICE_OK
== godot verify_combat ==
Godot Engine v4.8.dev5.official.9552dfb68 - https://godotengine.org

COMBAT_REGRESSION_OK cases=16
== godot verify_growth ==
Godot Engine v4.8.dev5.official.9552dfb68 - https://godotengine.org

GROWTH_REGRESSION_OK checks=24
== godot verify_draw ==
Godot Engine v4.8.dev5.official.9552dfb68 - https://godotengine.org

DRAW_REGRESSION_OK cases=4
== godot verify_resource_effects ==
Godot Engine v4.8.dev5.official.9552dfb68 - https://godotengine.org

RESOURCE_EFFECTS_OK checks=149
== godot verify_self_damage ==
Godot Engine v4.8.dev5.official.9552dfb68 - https://godotengine.org

SELF_DAMAGE_OK checks=39
== godot verify_instant ==
Godot Engine v4.8.dev5.official.9552dfb68 - https://godotengine.org

INSTANT_OK checks=12
== godot verify_auto_targets ==
Godot Engine v4.8.dev5.official.9552dfb68 - https://godotengine.org

AUTO_TARGETS_OK checks=9
== godot verify_signed_debuff ==
Godot Engine v4.8.dev5.official.9552dfb68 - https://godotengine.org

SIGNED_DEBUFF_OK checks=14
== godot verify_bounce ==
Godot Engine v4.8.dev5.official.9552dfb68 - https://godotengine.org

BOUNCE_OK checks=16
== godot verify_team_shield ==
Godot Engine v4.8.dev5.official.9552dfb68 - https://godotengine.org

TEAM_SHIELD_OK checks=22
== godot verify_turn_order ==
Godot Engine v4.8.dev5.official.9552dfb68 - https://godotengine.org

TURN_ORDER_OK checks=7
== godot verify_steel_wind ==
Godot Engine v4.8.dev5.official.9552dfb68 - https://godotengine.org

STEEL_WIND checks=115 failures=0
STEEL_WIND_OK
== godot verify_steel_wind_ui ==
Godot Engine v4.8.dev5.official.9552dfb68 - https://godotengine.org

STEEL_UI checks=44 failures=0
STEEL_UI_OK
== godot verify_yaoginshi ==
Godot Engine v4.8.dev5.official.9552dfb68 - https://godotengine.org

YAOQIN checks=126 failures=0
YAOQIN_OK
== godot verify_yaoginshi_ui ==
Godot Engine v4.8.dev5.official.9552dfb68 - https://godotengine.org

YAOQIN_UI checks=30 failures=0
YAOQIN_UI_OK
== godot verify_datiangou ==
Godot Engine v4.8.dev5.official.9552dfb68 - https://godotengine.org

DATIANGOU checks=115 failures=0
DATIANGOU_OK
== godot verify_datiangou_ui ==
Godot Engine v4.8.dev5.official.9552dfb68 - https://godotengine.org

DATIANGOU_UI checks=38 failures=0
DATIANGOU_UI_OK
== godot verify_yimulian ==
Godot Engine v4.8.dev5.official.9552dfb68 - https://godotengine.org

YIMULIAN checks=128 failures=0
YIMULIAN_OK
== godot verify_yimulian_ui ==
Godot Engine v4.8.dev5.official.9552dfb68 - https://godotengine.org

YIMULIAN_UI checks=52 failures=0
YIMULIAN_UI_OK
== godot verify_zhen ==
Godot Engine v4.8.dev5.official.9552dfb68 - https://godotengine.org

ZHEN checks=122 failures=0
ZHEN_OK
== godot verify_zhen_ui ==
Godot Engine v4.8.dev5.official.9552dfb68 - https://godotengine.org

ZHEN_UI checks=48 failures=0
ZHEN_UI_OK
== godot verify_phoenix ==
Godot Engine v4.8.dev5.official.9552dfb68 - https://godotengine.org

PHOENIX checks=122 failures=0
PHOENIX_OK
== godot verify_phoenix_ui ==
Godot Engine v4.8.dev5.official.9552dfb68 - https://godotengine.org

PHOENIX_UI checks=57 failures=0
PHOENIX_UI_OK
== godot verify_peach ==
Godot Engine v4.8.dev5.official.9552dfb68 - https://godotengine.org

PEACH checks=114 failures=0
PEACH_OK
== godot verify_peach_ui ==
Godot Engine v4.8.dev5.official.9552dfb68 - https://godotengine.org

PEACH_UI checks=48 failures=0
PEACH_UI_OK
== godot verify_firefly ==
Godot Engine v4.8.dev5.official.9552dfb68 - https://godotengine.org

FIREFLY checks=126 failures=0
FIREFLY_OK
== godot verify_firefly_ui ==
Godot Engine v4.8.dev5.official.9552dfb68 - https://godotengine.org

FIREFLY_UI checks=54 failures=0
FIREFLY_UI_OK
== godot verify_parallel_rules ==
Godot Engine v4.8.dev5.official.9552dfb68 - https://godotengine.org

PARALLEL_RULES checks=32 failures=0
PARALLEL_RULES_OK
== godot verify_ui ==
Godot Engine v4.8.dev5.official.9552dfb68 - https://godotengine.org

UI_LOAD_OK 21
== godot verify_save ==
Godot Engine v4.8.dev5.official.9552dfb68 - https://godotengine.org

SAVE_OK lineup=["ember", "basalt", "lumen", "rime"] deck0=8 steps=20
== godot verify_collection ==
Godot Engine v4.8.dev5.official.9552dfb68 - https://godotengine.org

COLLECTION_CHECKS checks=9 failures=0
COLLECTION_OK pack=5 crafted=true reward=300
== godot verify_interactions ==
Godot Engine v4.8.dev5.official.9552dfb68 - https://godotengine.org

INTERACTIONS checks=30 failures=0
INTERACTIONS_OK
== godot verify_reference_workflow ==
Godot Engine v4.8.dev5.official.9552dfb68 - https://godotengine.org

REFERENCE_WORKFLOW checks=187 failures=0
REFERENCE_WORKFLOW_OK
== godot verify_presentation ==
Godot Engine v4.8.dev5.official.9552dfb68 - https://godotengine.org

PRESENTATION checks=120 failures=0
PRESENTATION_OK
== godot verify_spell_effects ==
Godot Engine v4.8.dev5.official.9552dfb68 - https://godotengine.org

SPELL_EFFECT_FAIL viewport card and target clicks start a real fire spell
SPELL_EFFECTS checks=97 failures=1
