ffmpeg version 8.1.1 Copyright (c) 2000-2026 the FFmpeg developers
  built with Apple clang version 21.0.0 (clang-2100.0.123.102)
  configuration: --prefix=/opt/homebrew/Cellar/ffmpeg/8.1.1 --enable-shared --enable-pthreads --enable-version3 --cc=clang --host-cflags= --host-ldflags= --enable-ffplay --enable-gpl --enable-libsvtav1 --enable-libopus --enable-libx264 --enable-libmp3lame --enable-libdav1d --enable-libvmaf --enable-libvpx --enable-libx265 --enable-openssl --enable-videotoolbox --enable-audiotoolbox --enable-neon
  libavutil      60. 26.101 / 60. 26.101
  libavcodec     62. 28.101 / 62. 28.101
  libavformat    62. 12.101 / 62. 12.101
  libavdevice    62.  3.101 / 62.  3.101
  libavfilter    11. 14.101 / 11. 14.101
  libswscale      9.  5.101 /  9.  5.101
  libswresample   6.  3.101 /  6.  3.101
Input #0, mov,mp4,m4a,3gp,3g2,mj2, from 'output/godot-skill-style-20261006/native-spells.mp4':
  Metadata:
    major_brand     : isom
    minor_version   : 512
    compatible_brands: isomiso2avc1mp41
    encoder         : Lavf62.12.101
  Duration: 00:00:27.00, start: 0.000000, bitrate: 917 kb/s
  Stream #0:0[0x1](und): Video: h264 (High) (avc1 / 0x31637661), yuvj420p(pc, bt470bg/unknown/unknown, progressive), 1600x740 [SAR 1:1 DAR 80:37], 751 kb/s, 25 fps, 25 tbr, 12800 tbn (default)
    Metadata:
      handler_name    : VideoHandler
      encoder         : Lavc62.28.101 libx264
  Stream #0:1[0x2](und): Audio: aac (LC) (mp4a / 0x6134706D), 48000 Hz, stereo, fltp, 158 kb/s (default)
    Metadata:
      handler_name    : SoundHandler
[Parsed_volumedetect_0 @ 0x7bfb040600] n_samples: 0
Stream mapping:
  Stream #0:1 -> #0:0 (aac (native) -> pcm_s16le (native))
Press [q] to stop, [?] for help
Output #0, null, to 'pipe:':
  Metadata:
    major_brand     : isom
    minor_version   : 512
    compatible_brands: isomiso2avc1mp41
    encoder         : Lavf62.12.101
  Stream #0:0(und): Audio: pcm_s16le, 48000 Hz, stereo, s16, 1536 kb/s (default)
    Metadata:
      encoder         : Lavc62.28.101 pcm_s16le
      handler_name    : SoundHandler
[Parsed_volumedetect_0 @ 0x7bfb040a80] n_samples: 2592768
[Parsed_volumedetect_0 @ 0x7bfb040a80] mean_volume: -22.1 dB
[Parsed_volumedetect_0 @ 0x7bfb040a80] max_volume: -2.2 dB
[Parsed_volumedetect_0 @ 0x7bfb040a80] histogram_2db: 6
[Parsed_volumedetect_0 @ 0x7bfb040a80] histogram_3db: 27
[Parsed_volumedetect_0 @ 0x7bfb040a80] histogram_4db: 154
[Parsed_volumedetect_0 @ 0x7bfb040a80] histogram_5db: 519
[Parsed_volumedetect_0 @ 0x7bfb040a80] histogram_6db: 1546
[Parsed_volumedetect_0 @ 0x7bfb040a80] histogram_7db: 2837
[out#0/null @ 0x7bfb040300] video:0KiB audio:5064KiB subtitle:0KiB other streams:0KiB global headers:0KiB muxing overhead: unknown
size=N/A time=00:00:27.00 bitrate=N/A speed=1.88e+03x elapsed=0:00:00.01
