ffmpeg version 8.1.1 Copyright (c) 2000-2026 the FFmpeg developers
  built with Apple clang version 21.0.0 (clang-2100.0.123.102)
  configuration: --prefix=/opt/homebrew/Cellar/ffmpeg/8.1.1 --enable-shared --enable-pthreads --enable-version3 --cc=clang --host-cflags= --host-ldflags= --enable-ffplay --enable-gpl --enable-libsvtav1 --enable-libopus --enable-libx264 --enable-libmp3lame --enable-libdav1d --enable-libvmaf --enable-libvpx --enable-libx265 --enable-openssl --enable-videotoolbox --enable-audiotoolbox --enable-neon
  libavutil      60. 26.101 / 60. 26.101
  libavcodec     62. 28.101 / 62. 28.101
  libavformat    62. 12.101 / 62. 12.101
  libavdevice    62.  3.101 / 62.  3.101
  libavfilter    11. 14.101 / 11. 14.101
  libswscale      9.  5.101 /  9.  5.101
  libswresample   6.  3.101 /  6.  3.101
[aist#0:1/pcm_s16le @ 0x7864c18480] Guessed Channel Layout: stereo
Input #0, avi, from 'output/godot-skill-style-20261006/native-spells.avi':
  Duration: 00:00:27.00, start: 0.000000, bitrate: 31522 kb/s
  Stream #0:0: Video: mjpeg (Baseline) (MJPG / 0x47504A4D), yuvj420p(pc, bt470bg/unknown/unknown), 1600x740 [SAR 1:1 DAR 80:37], 30020 kb/s, 25 fps, 25 tbr, 25 tbn
  Stream #0:1: Audio: pcm_s16le ([1][0][0][0] / 0x0001), 48000 Hz, stereo, s16, 1536 kb/s
Stream mapping:
  Stream #0:0 -> #0:0 (mjpeg (native) -> h264 (libx264))
  Stream #0:1 -> #0:1 (pcm_s16le (native) -> aac (native))
Press [q] to stop, [?] for help
[swscaler @ 0x7865410000] deprecated pixel format used, make sure you did set range correctly
[libx264 @ 0x7864c65180] using SAR=1/1
[libx264 @ 0x7864c65180] using cpu capabilities: ARMv8 NEON DotProd I8MM
[libx264 @ 0x7864c65180] profile High, level 3.2, 4:2:0, 8-bit
[libx264 @ 0x7864c65180] 264 - core 165 r3222 b35605a - H.264/MPEG-4 AVC codec - Copyleft 2003-2025 - http://www.videolan.org/x264.html - options: cabac=1 ref=3 deblock=1:0:0 analyse=0x3:0x113 me=hex subme=7 psy=1 psy_rd=1.00:0.00 mixed_ref=1 me_range=16 chroma_me=1 trellis=1 8x8dct=1 cqm=0 deadzone=21,11 fast_pskip=1 chroma_qp_offset=-2 threads=15 lookahead_threads=2 sliced_threads=0 nr=0 decimate=1 interlaced=0 bluray_compat=0 constrained_intra=0 bframes=3 b_pyramid=2 b_adapt=1 b_bias=0 direct=1 weightb=1 open_gop=0 weightp=2 keyint=250 keyint_min=25 scenecut=40 intra_refresh=0 rc_lookahead=40 rc=crf mbtree=1 crf=20.0 qcomp=0.60 qpmin=0 qpmax=69 qpstep=4 ip_ratio=1.40 aq=1:1.00
Output #0, mp4, to 'output/godot-skill-style-20261006/native-spells.mp4':
  Metadata:
    encoder         : Lavf62.12.101
  Stream #0:0: Video: h264 (avc1 / 0x31637661), yuv420p(pc, bt470bg/unknown/unknown, progressive), 1600x740 [SAR 1:1 DAR 80:37], q=2-31, 25 fps, 12800 tbn
    Metadata:
      encoder         : Lavc62.28.101 libx264
    Side data:
      CPB properties: bitrate max/min/avg: 0/0/0 buffer size: 0 vbv_delay: N/A
  Stream #0:1: Audio: aac (LC) (mp4a / 0x6134706D), 48000 Hz, stereo, fltp, 160 kb/s
    Metadata:
      encoder         : Lavc62.28.101 aac
frame=  143 fps=0.0 q=25.0 size=    1024KiB time=00:00:05.64 bitrate=1487.4kbits/s speed=11.2x elapsed=0:00:00.50
frame=  393 fps=389 q=25.0 size=    1792KiB time=00:00:15.64 bitrate= 938.6kbits/s speed=15.5x elapsed=0:00:01.01
frame=  641 fps=424 q=25.0 size=    2816KiB time=N/A bitrate=N/A speed=N/A elapsed=0:00:01.51
[mp4 @ 0x7865014280] Starting second pass: moving the moov atom to the beginning of the file
[out#0/mp4 @ 0x7864c68300] video:2478KiB audio:523KiB subtitle:0KiB other streams:0KiB global headers:0KiB muxing overhead: 0.716383%
frame=  675 fps=435 q=-1.0 Lsize=    3023KiB time=00:00:26.92 bitrate= 919.9kbits/s speed=17.3x elapsed=0:00:01.55
[libx264 @ 0x7864c65180] frame I:3     Avg QP:12.91  size:203657
[libx264 @ 0x7864c65180] frame P:173   Avg QP:15.90  size:  9333
[libx264 @ 0x7864c65180] frame B:499   Avg QP:19.33  size:   625
[libx264 @ 0x7864c65180] consecutive B-frames:  1.0%  0.9%  0.9% 97.2%
[libx264 @ 0x7864c65180] mb I  I16..4:  7.6% 85.8%  6.6%
[libx264 @ 0x7864c65180] mb P  I16..4:  0.2%  1.6%  0.1%  P16..4:  5.4%  0.7%  0.8%  0.0%  0.0%    skip:91.2%
[libx264 @ 0x7864c65180] mb B  I16..4:  0.0%  0.2%  0.0%  B16..8:  1.3%  0.1%  0.0%  direct: 0.4%  skip:97.9%  L0:54.5% L1:39.4% BI: 6.1%
[libx264 @ 0x7864c65180] 8x8 transform intra:83.0% inter:87.6%
[libx264 @ 0x7864c65180] coded y,uvDC,uvAC intra: 69.6% 66.0% 42.9% inter: 1.1% 1.6% 0.4%
[libx264 @ 0x7864c65180] i16 v,h,dc,p: 37% 39% 16%  8%
[libx264 @ 0x7864c65180] i8 v,h,dc,ddl,ddr,vr,hd,vl,hu: 20% 24% 30%  4%  4%  4%  5%  4%  5%
[libx264 @ 0x7864c65180] i4 v,h,dc,ddl,ddr,vr,hd,vl,hu: 34% 22% 13%  5%  5%  5%  5%  5%  6%
[libx264 @ 0x7864c65180] i8c dc,h,v,p: 39% 30% 25%  6%
[libx264 @ 0x7864c65180] Weighted P-Frames: Y:4.0% UV:4.0%
[libx264 @ 0x7864c65180] ref P L0: 70.0%  4.4%  2.6%  5.9% 17.0%
[libx264 @ 0x7864c65180] ref B L0: 76.6% 20.4%  3.0%
[libx264 @ 0x7864c65180] ref B L1: 93.6%  6.4%
[libx264 @ 0x7864c65180] kb/s:751.78
[aac @ 0x7864c65c00] Qavg: 909.158
