PASS tengji original_reference role=228 1024x1536 selected_bytes focus source_only_retries
PASS huaniajuan original_reference role=229 1024x1536 selected_bytes focus source_only_retries
PASS yanmo original_reference role=230 1024x1536 selected_bytes focus source_only_retries
PASS kuileishi original_reference role=231 1024x1536 selected_bytes focus source_only_retries
PASS baizangzhu original_reference role=233 1024x1536 selected_bytes focus source_only_retries
PASS rulianshi original_reference role=236 1024x1536 selected_bytes focus source_only_retries
PASS fengli original_reference role=232 1024x1536 selected_bytes focus source_only_retries
PASS guanhu original_reference role=235 1024x1536 selected_bytes focus source_only_retries
PASS song original_reference role=244 1024x1536 selected_bytes focus source_only_retries
PASS yunwaijing original_reference role=242 1024x1536 selected_bytes focus source_only_retries
PASS liangmianfo original_reference role=238 1024x1536 selected_bytes focus source_only_retries
PASS heitongzi original_reference role=240 1024x1536 selected_bytes focus source_only_retries
PASS baitongzi original_reference role=241 1024x1536 selected_bytes focus source_only_retries
PASS xiazhongshaonv original_reference role=243 1024x1536 selected_bytes focus source_only_retries
PASS yi original_reference role=239 1024x1536 selected_bytes focus source_only_retries
PASS xiaosongwan original_reference role=245 1024x1536 selected_bytes focus source_only_retries
PASS wuwu original_reference role=252 1024x1536 selected_bytes focus source_only_retries
PASS qianji original_reference role=247 1024x1536 selected_bytes focus source_only_retries
PASS shiling original_reference role=253 1024x1536 selected_bytes focus source_only_retries
PASS maozhanggui original_reference role=246 1024x1536 selected_bytes focus source_only_retries
PASS xingxiongtongzi original_reference role=251 1024x1536 selected_bytes focus source_only_retries
PASS yixigong original_reference role=249 1024x1536 selected_bytes focus source_only_retries
PASS limao original_reference role=248 1024x1536 selected_bytes focus source_only_retries
PASS tuwan original_reference role=250 1024x1536 selected_bytes focus source_only_retries
PASS jinnaluo original_reference role=256 1024x1536 selected_bytes focus source_only_retries
PASS lingyanji original_reference role=263 1024x1536 selected_bytes focus source_only_retries
PASS rurineque original_reference role=257 1024x1536 selected_bytes focus source_only_retries
PASS shouwu original_reference role=260 1024x1536 selected_bytes focus source_only_retries
PASS gunvhongye original_reference role=259 1024x1536 selected_bytes focus source_only_retries
PASS choushizhinv original_reference role=258 1024x1536 selected_bytes focus source_only_retries
PASS yifanmumian original_reference role=261 1024x1536 selected_bytes focus source_only_retries
PASS yecha original_reference role=262 1024x1536 selected_bytes focus source_only_retries
PASS huangchuanzhizhu original_reference role=271 1024x1536 selected_bytes focus source_only_retries
PASS wannianzhu original_reference role=268 1024x1536 selected_bytes focus source_only_retries
PASS shuzhu original_reference role=269 1024x1536 selected_bytes focus source_only_retries
PASS sanweihu original_reference role=272 1024x1536 selected_bytes focus source_only_retries
PASS jicanghai original_reference role=264 1024x1536 selected_bytes focus source_only_retries
PASS wuchen original_reference role=265 1024x1536 selected_bytes focus source_only_retries
PASS ninghongye original_reference role=266 1024x1536 selected_bytes focus source_only_retries
PASS tayumenhutao original_reference role=267 1024x1536 selected_bytes focus source_only_retries
PASS baize original_reference role=273 1024x1536 selected_bytes focus source_only_retries
PASS hudiejing original_reference role=274 1024x1536 selected_bytes focus source_only_retries
PASS luoxinfu original_reference role=275 1024x1536 selected_bytes focus source_only_retries
PASS yitiao original_reference role=276 1024x1536 selected_bytes focus source_only_retries
PASS jialouluo original_reference role=277 1024x1536 selected_bytes focus source_only_retries
PASS huajing original_reference role=278 1024x1536 selected_bytes focus source_only_retries
PASS yinge original_reference role=279 1024x1536 selected_bytes focus source_only_retries
PASS bujianyue original_reference role=280 1024x1536 selected_bytes focus source_only_retries
PASS xuzuozhinan original_reference role=281 1024x1536 selected_bytes focus source_only_retries
PASS liyujing original_reference role=282 1024x1536 selected_bytes focus source_only_retries
PASS chongshi original_reference role=283 1024x1536 selected_bytes focus source_only_retries
PASS xieenv original_reference role=284 1024x1536 selected_bytes focus source_only_retries
PASS xunxiangxing original_reference role=288 1024x1536 selected_bytes focus source_only_retries
PASS linghaidie original_reference role=287 1024x1536 selected_bytes focus source_only_retries
PASS yujuchong original_reference role=285 1024x1536 selected_bytes focus source_only_retries
PASS hainren original_reference role=286 1024x1536 selected_bytes focus source_only_retries
PASS gulonghuo original_reference role=293 1024x1536 selected_bytes focus source_only_retries
PASS chuanyuan original_reference role=294 1024x1536 selected_bytes focus source_only_retries
PASS erkounv original_reference role=295 1024x1536 selected_bytes focus source_only_retries
PASS xiaoxiuzhishou original_reference role=296 1024x1536 selected_bytes focus source_only_retries
PASS quanshen-lizhan original_reference role=292 1024x1536 selected_bytes focus source_only_retries
PASS yaodaoji-zhuren original_reference role=289 1024x1536 selected_bytes focus source_only_retries
PASS datiangou-gangfeng original_reference role=290 1024x1536 selected_bytes focus source_only_retries
PASS qingxingdeng-huihuo original_reference role=291 1024x1536 selected_bytes focus source_only_retries
PASS kongquemingwang original_reference role=605 1024x1536 selected_bytes focus source_only_retries
PASS fenpopo original_reference role=603 1024x1536 selected_bytes focus source_only_retries
PASS jiao original_reference role=606 1024x1536 selected_bytes focus source_only_retries
PASS ji original_reference role=604 1024x1536 selected_bytes focus source_only_retries
PASS jutun-wangkong original_reference role=602 1024x1536 selected_bytes focus source_only_retries
PASS caitong-lvli original_reference role=607 1024x1536 selected_bytes focus source_only_retries
PASS qingfangzhu-fanchen original_reference role=299 1024x1536 selected_bytes focus source_only_retries
PASS panguan-xuanmo original_reference role=601 1024x1536 selected_bytes focus source_only_retries
PASS langyazi original_reference role=615 1024x1536 selected_bytes focus source_only_retries
PASS yanling original_reference role=614 1024x1536 selected_bytes focus source_only_retries
PASS huimingdeng original_reference role=608 1024x1536 selected_bytes focus source_only_retries
PASS shifagui original_reference role=609 1024x1536 selected_bytes focus source_only_retries
PASS tiannimei original_reference role=611 1024x1536 selected_bytes focus source_only_retries
PASS guniao-yuxiang original_reference role=610 1024x1536 selected_bytes focus source_only_retries
PASS taohua-luoying original_reference role=612 1024x1536 selected_bytes focus source_only_retries
PASS yimulian-linglai original_reference role=613 1024x1536 selected_bytes focus source_only_retries
PASS shantu-zuofu original_reference role=616 1024x1536 selected_bytes focus source_only_retries
PASS chen original_reference role=621 1024x1536 selected_bytes focus source_only_retries
PASS tianzhao original_reference role=623 1024x1536 selected_bytes focus source_only_retries
PASS yuedu original_reference role=622 1024x1536 selected_bytes focus source_only_retries
PASS gunv original_reference role=619 1024x1536 selected_bytes focus source_only_retries
PASS yunv original_reference role=620 1024x1536 selected_bytes focus source_only_retries
PASS huang-qiming original_reference role=617 1024x1536 selected_bytes focus source_only_retries
PASS zhuiyueshen-shuiyue original_reference role=618 1024x1536 selected_bytes focus source_only_retries
PASS wushi-maoshi original_reference role=624 1024x1536 selected_bytes focus source_only_retries
PASS yixienamei original_reference role=625 1024x1536 selected_bytes focus source_only_retries
PASS guishibai original_reference role=627 1024x1536 selected_bytes focus source_only_retries
PASS guishihei original_reference role=628 1024x1536 selected_bytes focus source_only_retries
PASS tongnantongnv original_reference role=632 1024x1536 selected_bytes focus source_only_retries
PASS zhiwu original_reference role=633 1024x1536 selected_bytes focus source_only_retries
PASS daorenshen original_reference role=626 1024x1536 selected_bytes focus source_only_retries
PASS ertong original_reference role=631 1024x1536 selected_bytes focus source_only_retries
PASS yingcao-pupu original_reference role=630 1024x1536 selected_bytes focus source_only_retries
PASS mianqiling-xinsu original_reference role=629 1024x1536 selected_bytes focus source_only_retries
PASS fansi original_reference role=638 1024x1536 selected_bytes focus source_only_retries
PASS longzi original_reference role=634 1024x1536 selected_bytes focus source_only_retries
PASS maochuan original_reference role=639 1024x1536 selected_bytes focus source_only_retries
PASS alaina original_reference role=641 1024x1536 selected_bytes focus source_only_retries
PASS youning original_reference role=640 1024x1536 selected_bytes focus source_only_retries
PASS xiaolunan-qianshou original_reference role=635 1024x1536 selected_bytes focus source_only_retries
PASS rihefang-qingyang original_reference role=637 1024x1536 selected_bytes focus source_only_retries
PASS yanyanluo-fumiao original_reference role=636 1024x1536 selected_bytes focus source_only_retries
ASSET_OK new=106 total=189 previous=83
