Godot Engine v4.8.dev5.official.9552dfb68 - https://godotengine.org
OpenGL API 4.1 Metal - 91.7 - Compatibility - Using Device: Apple - Apple M5

SHOT 01-wave7-portraits-01
SHOT 01-wave7-portraits-02
SHOT 01-wave7-portraits-03
SHOT 01-wave7-portraits-04
SHOT 02-wave7-formation
SHOT 03-wave7-deck-01
SHOT 04-wave7-battle-01
SHOT 03-wave7-deck-02
SHOT 04-wave7-battle-02
SHOT 03-wave7-deck-03
SHOT 04-wave7-battle-03
SHOT 03-wave7-deck-04
SHOT 04-wave7-battle-04
SHOT 03-wave7-deck-05
SHOT 04-wave7-battle-05
SHOT 03-wave7-deck-06
SHOT 04-wave7-battle-06
SHOT 03-wave7-deck-07
SHOT 04-wave7-battle-07
REDRAWN_CAPTURE_DONE
