Godot Engine v4.8.dev5.official.9552dfb68 - https://godotengine.org

[   0% ] [90m[1mfirst_scan_filesystem[22m | Started 项目初始化 (5 steps)[39m[0m
[   0% ] [90m[1mfirst_scan_filesystem[22m | 正在扫描文件结构……[39m[0m
[  16% ] [90m[1mfirst_scan_filesystem[22m | 正在加载全局类名……[39m[0m
[  33% ] [90m[1mfirst_scan_filesystem[22m | 正在校验 GDExtension……[39m[0m
[  50% ] [90m[1mfirst_scan_filesystem[22m | 正在创建自动加载脚本……[39m[0m
[  66% ] [90m[1mfirst_scan_filesystem[22m | 正在初始化插件……[39m[0m
[  83% ] [90m[1mfirst_scan_filesystem[22m | 正在启动文件扫描……[39m[0m
[92m[ DONE ][39m [1mfirst_scan_filesystem[22m
[0m
[   0% ] [90m[1m_update_scan_actions[22m | Started 正在扫描动作…… (61 steps)[39m[0m
[   0% ] [90m[1m_update_scan_actions[22m | baizangzhu.png[39m[0m
[   1% ] [90m[1m_update_scan_actions[22m | huaniajuan.png[39m[0m
[   3% ] [90m[1m_update_scan_actions[22m | kuileishi.png[39m[0m
[   4% ] [90m[1m_update_scan_actions[22m | maozhanggui.png[39m[0m
[   6% ] [90m[1m_update_scan_actions[22m | qianji.png[39m[0m
[   8% ] [90m[1m_update_scan_actions[22m | rulianshi.png[39m[0m
[   9% ] [90m[1m_update_scan_actions[22m | shiling.png[39m[0m
[  11% ] [90m[1m_update_scan_actions[22m | tengji.png[39m[0m
[  12% ] [90m[1m_update_scan_actions[22m | wuwu.png[39m[0m
[  14% ] [90m[1m_update_scan_actions[22m | xiazhongshaonv.png[39m[0m
[  16% ] [90m[1m_update_scan_actions[22m | xingxiongtongzi.png[39m[0m
[  17% ] [90m[1m_update_scan_actions[22m | yanmo.png[39m[0m
[  19% ] [90m[1m_update_scan_actions[22m | yixigong.png[39m[0m
[  20% ] [90m[1m_update_scan_actions[22m | baize.png[39m[0m
[  22% ] [90m[1m_update_scan_actions[22m | bujianyue.png[39m[0m
[  24% ] [90m[1m_update_scan_actions[22m | chongshi.png[39m[0m
[  25% ] [90m[1m_update_scan_actions[22m | choushizhinv.png[39m[0m
[  27% ] [90m[1m_update_scan_actions[22m | gunvhongye.png[39m[0m
[  29% ] [90m[1m_update_scan_actions[22m | hainren.png[39m[0m
[  30% ] [90m[1m_update_scan_actions[22m | huajing.png[39m[0m
[  32% ] [90m[1m_update_scan_actions[22m | huangchuanzhizhu.png[39m[0m
[  33% ] [90m[1m_update_scan_actions[22m | hudiejing.png[39m[0m
[  35% ] [90m[1m_update_scan_actions[22m | jialouluo.png[39m[0m
[  37% ] [90m[1m_update_scan_actions[22m | jicanghai.png[39m[0m
[  38% ] [90m[1m_update_scan_actions[22m | jinnaluo.png[39m[0m
[  40% ] [90m[1m_update_scan_actions[22m | linghaidie.png[39m[0m
[  41% ] [90m[1m_update_scan_actions[22m | lingyanji.png[39m[0m
[  43% ] [90m[1m_update_scan_actions[22m | liyujing.png[39m[0m
[  45% ] [90m[1m_update_scan_actions[22m | luoxinfu.png[39m[0m
[  46% ] [90m[1m_update_scan_actions[22m | ninghongye.png[39m[0m
[  48% ] [90m[1m_update_scan_actions[22m | rurineque.png[39m[0m
[  50% ] [90m[1m_update_scan_actions[22m | sanweihu.png[39m[0m
[  51% ] [90m[1m_update_scan_actions[22m | shouwu.png[39m[0m
[  53% ] [90m[1m_update_scan_actions[22m | shuzhu.png[39m[0m
[  54% ] [90m[1m_update_scan_actions[22m | tayumenhutao.png[39m[0m
[  56% ] [90m[1m_update_scan_actions[22m | wannianzhu.png[39m[0m
[  58% ] [90m[1m_update_scan_actions[22m | wuchen.png[39m[0m
[  59% ] [90m[1m_update_scan_actions[22m | xieenv.png[39m[0m
[  61% ] [90m[1m_update_scan_actions[22m | xunxiangxing.png[39m[0m
[  62% ] [90m[1m_update_scan_actions[22m | xuzuozhinan.png[39m[0m
[  64% ] [90m[1m_update_scan_actions[22m | yecha.png[39m[0m
[  66% ] [90m[1m_update_scan_actions[22m | yifanmumian.png[39m[0m
[  67% ] [90m[1m_update_scan_actions[22m | yinge.png[39m[0m
[  69% ] [90m[1m_update_scan_actions[22m | yitiao.png[39m[0m
[  70% ] [90m[1m_update_scan_actions[22m | yujuchong.png[39m[0m
[  72% ] [90m[1m_update_scan_actions[22m | caitong-lvli.png[39m[0m
[  74% ] [90m[1m_update_scan_actions[22m | chuanyuan.png[39m[0m
[  75% ] [90m[1m_update_scan_actions[22m | datiangou-gangfeng.png[39m[0m
[  77% ] [90m[1m_update_scan_actions[22m | erkounv.png[39m[0m
[  79% ] [90m[1m_update_scan_actions[22m | fenpopo.png[39m[0m
[  80% ] [90m[1m_update_scan_actions[22m | gulonghuo.png[39m[0m
[  82% ] [90m[1m_update_scan_actions[22m | ji.png[39m[0m
[  83% ] [90m[1m_update_scan_actions[22m | jiao.png[39m[0m
[  85% ] [90m[1m_update_scan_actions[22m | jutun-wangkong.png[39m[0m
[  87% ] [90m[1m_update_scan_actions[22m | kongquemingwang.png[39m[0m
[  88% ] [90m[1m_update_scan_actions[22m | panguan-xuanmo.png[39m[0m
[  90% ] [90m[1m_update_scan_actions[22m | qingfangzhu-fanchen.png[39m[0m
[  91% ] [90m[1m_update_scan_actions[22m | qingxingdeng-huihuo.png[39m[0m
[  93% ] [90m[1m_update_scan_actions[22m | quanshen-lizhan.png[39m[0m
[  95% ] [90m[1m_update_scan_actions[22m | xiaoxiuzhishou.png[39m[0m
[  96% ] [90m[1m_update_scan_actions[22m | yaodaoji-zhuren.png[39m[0m
[92m[ DONE ][39m [1m_update_scan_actions[22m
[0m
[   0% ] [90m[1mreimport[22m | Started 正在导入或重新导入资产 (61 steps)[39m[0m
[   0% ] [90m[1mreimport[22m | 正在准备重新导入文件……[39m[0m
[   1% ] [90m[1mreimport[22m | 正在准备重新导入文件……[39m[0m
[   3% ] [90m[1mreimport[22m | 正在准备重新导入文件……[39m[0m
[   4% ] [90m[1mreimport[22m | 正在准备重新导入文件……[39m[0m
[   6% ] [90m[1mreimport[22m | 正在准备重新导入文件……[39m[0m
[   8% ] [90m[1mreimport[22m | 正在准备重新导入文件……[39m[0m
[   9% ] [90m[1mreimport[22m | 正在准备重新导入文件……[39m[0m
[  11% ] [90m[1mreimport[22m | 正在准备重新导入文件……[39m[0m
[  12% ] [90m[1mreimport[22m | 正在准备重新导入文件……[39m[0m
[  14% ] [90m[1mreimport[22m | 正在准备重新导入文件……[39m[0m
[  16% ] [90m[1mreimport[22m | 正在准备重新导入文件……[39m[0m
[  17% ] [90m[1mreimport[22m | 正在准备重新导入文件……[39m[0m
[  19% ] [90m[1mreimport[22m | 正在准备重新导入文件……[39m[0m
[  20% ] [90m[1mreimport[22m | 正在准备重新导入文件……[39m[0m
[  22% ] [90m[1mreimport[22m | 正在准备重新导入文件……[39m[0m
[  24% ] [90m[1mreimport[22m | 正在准备重新导入文件……[39m[0m
[  25% ] [90m[1mreimport[22m | 正在准备重新导入文件……[39m[0m
[  27% ] [90m[1mreimport[22m | 正在准备重新导入文件……[39m[0m
[  29% ] [90m[1mreimport[22m | 正在准备重新导入文件……[39m[0m
[  30% ] [90m[1mreimport[22m | 正在准备重新导入文件……[39m[0m
[  32% ] [90m[1mreimport[22m | 正在准备重新导入文件……[39m[0m
[  33% ] [90m[1mreimport[22m | 正在准备重新导入文件……[39m[0m
[  35% ] [90m[1mreimport[22m | 正在准备重新导入文件……[39m[0m
[  37% ] [90m[1mreimport[22m | 正在准备重新导入文件……[39m[0m
[  38% ] [90m[1mreimport[22m | 正在准备重新导入文件……[39m[0m
[  40% ] [90m[1mreimport[22m | 正在准备重新导入文件……[39m[0m
[  41% ] [90m[1mreimport[22m | 正在准备重新导入文件……[39m[0m
[  43% ] [90m[1mreimport[22m | 正在准备重新导入文件……[39m[0m
[  45% ] [90m[1mreimport[22m | 正在准备重新导入文件……[39m[0m
[  46% ] [90m[1mreimport[22m | 正在准备重新导入文件……[39m[0m
[  48% ] [90m[1mreimport[22m | 正在准备重新导入文件……[39m[0m
[  50% ] [90m[1mreimport[22m | 正在准备重新导入文件……[39m[0m
[  51% ] [90m[1mreimport[22m | 正在准备重新导入文件……[39m[0m
[  53% ] [90m[1mreimport[22m | 正在准备重新导入文件……[39m[0m
[  54% ] [90m[1mreimport[22m | 正在准备重新导入文件……[39m[0m
[  56% ] [90m[1mreimport[22m | 正在准备重新导入文件……[39m[0m
[  58% ] [90m[1mreimport[22m | 正在准备重新导入文件……[39m[0m
[  59% ] [90m[1mreimport[22m | 正在准备重新导入文件……[39m[0m
[  61% ] [90m[1mreimport[22m | 正在准备重新导入文件……[39m[0m
[  62% ] [90m[1mreimport[22m | 正在准备重新导入文件……[39m[0m
[  64% ] [90m[1mreimport[22m | 正在准备重新导入文件……[39m[0m
[  66% ] [90m[1mreimport[22m | 正在准备重新导入文件……[39m[0m
[  67% ] [90m[1mreimport[22m | 正在准备重新导入文件……[39m[0m
[  69% ] [90m[1mreimport[22m | 正在准备重新导入文件……[39m[0m
[  70% ] [90m[1mreimport[22m | 正在准备重新导入文件……[39m[0m
[  72% ] [90m[1mreimport[22m | 正在准备重新导入文件……[39m[0m
[  74% ] [90m[1mreimport[22m | 正在准备重新导入文件……[39m[0m
[  75% ] [90m[1mreimport[22m | 正在准备重新导入文件……[39m[0m
[  77% ] [90m[1mreimport[22m | 正在准备重新导入文件……[39m[0m
[  79% ] [90m[1mreimport[22m | 正在准备重新导入文件……[39m[0m
[  80% ] [90m[1mreimport[22m | 正在准备重新导入文件……[39m[0m
[  82% ] [90m[1mreimport[22m | 正在准备重新导入文件……[39m[0m
[  83% ] [90m[1mreimport[22m | 正在准备重新导入文件……[39m[0m
[  85% ] [90m[1mreimport[22m | 正在准备重新导入文件……[39m[0m
[  87% ] [90m[1mreimport[22m | 正在准备重新导入文件……[39m[0m
[  88% ] [90m[1mreimport[22m | 正在准备重新导入文件……[39m[0m
[  90% ] [90m[1mreimport[22m | 正在准备重新导入文件……[39m[0m
[  91% ] [90m[1mreimport[22m | 正在准备重新导入文件……[39m[0m
[  93% ] [90m[1mreimport[22m | 正在准备重新导入文件……[39m[0m
[  95% ] [90m[1mreimport[22m | 正在准备重新导入文件……[39m[0m
[  96% ] [90m[1mreimport[22m | 正在准备重新导入文件……[39m[0m
[   0% ] [90m[1mreimport[22m | 正在执行重新导入的前置操作……[39m[0m
[   0% ] [90m[1mreimport[22m | sanweihu.png[39m[0m
[   1% ] [90m[1mreimport[22m | shouwu.png[39m[0m
[   3% ] [90m[1mreimport[22m | shuzhu.png[39m[0m
[   4% ] [90m[1mreimport[22m | tayumenhutao.png[39m[0m
[   6% ] [90m[1mreimport[22m | wannianzhu.png[39m[0m
[   8% ] [90m[1mreimport[22m | wuchen.png[39m[0m
[   9% ] [90m[1mreimport[22m | xieenv.png[39m[0m
[  11% ] [90m[1mreimport[22m | xunxiangxing.png[39m[0m
[  12% ] [90m[1mreimport[22m | xuzuozhinan.png[39m[0m
[  14% ] [90m[1mreimport[22m | yecha.png[39m[0m
[  16% ] [90m[1mreimport[22m | yifanmumian.png[39m[0m
[  17% ] [90m[1mreimport[22m | yinge.png[39m[0m
[  19% ] [90m[1mreimport[22m | yitiao.png[39m[0m
[  20% ] [90m[1mreimport[22m | yujuchong.png[39m[0m
[  22% ] [90m[1mreimport[22m | caitong-lvli.png[39m[0m
[  24% ] [90m[1mreimport[22m | chuanyuan.png[39m[0m
[  25% ] [90m[1mreimport[22m | datiangou-gangfeng.png[39m[0m
[  27% ] [90m[1mreimport[22m | erkounv.png[39m[0m
[  29% ] [90m[1mreimport[22m | fenpopo.png[39m[0m
[  30% ] [90m[1mreimport[22m | gulonghuo.png[39m[0m
[  32% ] [90m[1mreimport[22m | ji.png[39m[0m
[  33% ] [90m[1mreimport[22m | jiao.png[39m[0m
[  35% ] [90m[1mreimport[22m | jutun-wangkong.png[39m[0m
[  37% ] [90m[1mreimport[22m | kongquemingwang.png[39m[0m
[  38% ] [90m[1mreimport[22m | panguan-xuanmo.png[39m[0m
[  40% ] [90m[1mreimport[22m | qingfangzhu-fanchen.png[39m[0m
[  41% ] [90m[1mreimport[22m | qingxingdeng-huihuo.png[39m[0m
[  43% ] [90m[1mreimport[22m | quanshen-lizhan.png[39m[0m
[  45% ] [90m[1mreimport[22m | xiaoxiuzhishou.png[39m[0m
[  46% ] [90m[1mreimport[22m | yaodaoji-zhuren.png[39m[0m
[  48% ] [90m[1mreimport[22m | baizangzhu.png[39m[0m
[  50% ] [90m[1mreimport[22m | huaniajuan.png[39m[0m
[  51% ] [90m[1mreimport[22m | kuileishi.png[39m[0m
[  53% ] [90m[1mreimport[22m | maozhanggui.png[39m[0m
[  54% ] [90m[1mreimport[22m | qianji.png[39m[0m
[  56% ] [90m[1mreimport[22m | rulianshi.png[39m[0m
[  58% ] [90m[1mreimport[22m | shiling.png[39m[0m
[  59% ] [90m[1mreimport[22m | tengji.png[39m[0m
[  61% ] [90m[1mreimport[22m | wuwu.png[39m[0m
[  62% ] [90m[1mreimport[22m | xiazhongshaonv.png[39m[0m
[  64% ] [90m[1mreimport[22m | xingxiongtongzi.png[39m[0m
[  66% ] [90m[1mreimport[22m | yanmo.png[39m[0m
[  67% ] [90m[1mreimport[22m | yixigong.png[39m[0m
[  69% ] [90m[1mreimport[22m | baize.png[39m[0m
[  70% ] [90m[1mreimport[22m | bujianyue.png[39m[0m
[  72% ] [90m[1mreimport[22m | chongshi.png[39m[0m
[  74% ] [90m[1mreimport[22m | choushizhinv.png[39m[0m
[  75% ] [90m[1mreimport[22m | gunvhongye.png[39m[0m
[  77% ] [90m[1mreimport[22m | hainren.png[39m[0m
[  79% ] [90m[1mreimport[22m | huajing.png[39m[0m
[  80% ] [90m[1mreimport[22m | huangchuanzhizhu.png[39m[0m
[  82% ] [90m[1mreimport[22m | hudiejing.png[39m[0m
[  83% ] [90m[1mreimport[22m | jialouluo.png[39m[0m
[  85% ] [90m[1mreimport[22m | jicanghai.png[39m[0m
[  87% ] [90m[1mreimport[22m | jinnaluo.png[39m[0m
[  88% ] [90m[1mreimport[22m | linghaidie.png[39m[0m
[  90% ] [90m[1mreimport[22m | lingyanji.png[39m[0m
[  91% ] [90m[1mreimport[22m | liyujing.png[39m[0m
[  93% ] [90m[1mreimport[22m | luoxinfu.png[39m[0m
[  95% ] [90m[1mreimport[22m | ninghongye.png[39m[0m
[  96% ] [90m[1mreimport[22m | rurineque.png[39m[0m
[  98% ] [90m[1mreimport[22m | 正在结束资产导入……[39m[0m
[92m[ DONE ][39m [1mreimport[22m
[0m
[   0% ] [90m[1mreimport[22m | Started 正在导入或重新导入资产 (61 steps)[39m[0m
[   0% ] [90m[1mreimport[22m | 正在执行重新导入的后置操作……[39m[0m
[92m[ DONE ][39m [1mreimport[22m
[0m
[   0% ] [90m[1mloading_editor_layout[22m | Started 正在加载编辑器 (5 steps)[39m[0m
[   0% ] [90m[1mloading_editor_layout[22m | 正在加载编辑器布局……[39m[0m
[  16% ] [90m[1mloading_editor_layout[22m | 正在加载停靠面板……[39m[0m
[  33% ] [90m[1mloading_editor_layout[22m | 正在重新打开场景……[39m[0m
[  50% ] [90m[1mloading_editor_layout[22m | 正在加载中央编辑器布局……[39m[0m
[  66% ] [90m[1mloading_editor_layout[22m | 正在加载插件窗口布局……[39m[0m
[  83% ] [90m[1mloading_editor_layout[22m | 编辑器布局就绪。[39m[0m
[92m[ DONE ][39m [1mloading_editor_layout[22m
[0m
