Godot Engine v4.8.dev5.official.9552dfb68 - https://godotengine.org

[   0% ] [90m[1mfirst_scan_filesystem[22m | Started 项目初始化 (5 steps)[39m[0m
[   0% ] [90m[1mfirst_scan_filesystem[22m | 正在扫描文件结构……[39m[0m
[  16% ] [90m[1mfirst_scan_filesystem[22m | 正在加载全局类名……[39m[0m
[  33% ] [90m[1mfirst_scan_filesystem[22m | 正在校验 GDExtension……[39m[0m
[  50% ] [90m[1mfirst_scan_filesystem[22m | 正在创建自动加载脚本……[39m[0m
[  66% ] [90m[1mfirst_scan_filesystem[22m | 正在初始化插件……[39m[0m
[  83% ] [90m[1mfirst_scan_filesystem[22m | 正在启动文件扫描……[39m[0m
[92m[ DONE ][39m [1mfirst_scan_filesystem[22m
[0m
[   0% ] [90m[1m_update_scan_actions[22m | Started 正在扫描动作…… (12 steps)[39m[0m
[   0% ] [90m[1m_update_scan_actions[22m | alaina.png[39m[0m
[   7% ] [90m[1m_update_scan_actions[22m | fansi.png[39m[0m
[  15% ] [90m[1m_update_scan_actions[22m | longzi.png[39m[0m
[  23% ] [90m[1m_update_scan_actions[22m | maochuan.png[39m[0m
[  30% ] [90m[1m_update_scan_actions[22m | mianqiling-xinsu.png[39m[0m
[  38% ] [90m[1m_update_scan_actions[22m | rihefang-qingyang.png[39m[0m
[  46% ] [90m[1m_update_scan_actions[22m | xiaolunan-qianshou.png[39m[0m
[  53% ] [90m[1m_update_scan_actions[22m | yanyanluo-fumiao.png[39m[0m
[  61% ] [90m[1m_update_scan_actions[22m | yingcao-pupu.png[39m[0m
[  69% ] [90m[1m_update_scan_actions[22m | yixienamei.png[39m[0m
[  76% ] [90m[1m_update_scan_actions[22m | youning.png[39m[0m
[  84% ] [90m[1m_update_scan_actions[22m | yuedu.png[39m[0m
[92m[ DONE ][39m [1m_update_scan_actions[22m
[0m
[   0% ] [90m[1mreimport[22m | Started 正在导入或重新导入资产 (11 steps)[39m[0m
[   0% ] [90m[1mreimport[22m | 正在准备重新导入文件……[39m[0m
[   8% ] [90m[1mreimport[22m | 正在准备重新导入文件……[39m[0m
[  16% ] [90m[1mreimport[22m | 正在准备重新导入文件……[39m[0m
[  25% ] [90m[1mreimport[22m | 正在准备重新导入文件……[39m[0m
[  33% ] [90m[1mreimport[22m | 正在准备重新导入文件……[39m[0m
[  41% ] [90m[1mreimport[22m | 正在准备重新导入文件……[39m[0m
[  50% ] [90m[1mreimport[22m | 正在准备重新导入文件……[39m[0m
[  58% ] [90m[1mreimport[22m | 正在准备重新导入文件……[39m[0m
[  66% ] [90m[1mreimport[22m | 正在准备重新导入文件……[39m[0m
[  75% ] [90m[1mreimport[22m | 正在准备重新导入文件……[39m[0m
[  83% ] [90m[1mreimport[22m | 正在准备重新导入文件……[39m[0m
[   0% ] [90m[1mreimport[22m | 正在执行重新导入的前置操作……[39m[0m
[   0% ] [90m[1mreimport[22m | alaina.png[39m[0m
[   8% ] [90m[1mreimport[22m | fansi.png[39m[0m
[  16% ] [90m[1mreimport[22m | longzi.png[39m[0m
[  25% ] [90m[1mreimport[22m | maochuan.png[39m[0m
[  33% ] [90m[1mreimport[22m | mianqiling-xinsu.png[39m[0m
[  41% ] [90m[1mreimport[22m | rihefang-qingyang.png[39m[0m
[  50% ] [90m[1mreimport[22m | xiaolunan-qianshou.png[39m[0m
[  58% ] [90m[1mreimport[22m | yanyanluo-fumiao.png[39m[0m
[  66% ] [90m[1mreimport[22m | yixienamei.png[39m[0m
[  75% ] [90m[1mreimport[22m | youning.png[39m[0m
[  83% ] [90m[1mreimport[22m | yuedu.png[39m[0m
[  91% ] [90m[1mreimport[22m | 正在结束资产导入……[39m[0m
[92m[ DONE ][39m [1mreimport[22m
[0m
[   0% ] [90m[1mreimport[22m | Started 正在导入或重新导入资产 (11 steps)[39m[0m
[   0% ] [90m[1mreimport[22m | 正在执行重新导入的后置操作……[39m[0m
[92m[ DONE ][39m [1mreimport[22m
[0m
[   0% ] [90m[1mloading_editor_layout[22m | Started 正在加载编辑器 (5 steps)[39m[0m
[   0% ] [90m[1mloading_editor_layout[22m | 正在加载编辑器布局……[39m[0m
[  16% ] [90m[1mloading_editor_layout[22m | 正在加载停靠面板……[39m[0m
[  33% ] [90m[1mloading_editor_layout[22m | 正在重新打开场景……[39m[0m
[  50% ] [90m[1mloading_editor_layout[22m | 正在加载中央编辑器布局……[39m[0m
[  66% ] [90m[1mloading_editor_layout[22m | 正在加载插件窗口布局……[39m[0m
[  83% ] [90m[1mloading_editor_layout[22m | 编辑器布局就绪。[39m[0m
[92m[ DONE ][39m [1mloading_editor_layout[22m
[0m
