PASS godot/assets/redrawn/classic/yaodaoji.png
PASS godot/assets/redrawn/classic/jutun-tongzi.png
PASS godot/assets/redrawn/classic/bingyong.png
PASS godot/assets/redrawn/classic/datiangou.png
PASS godot/assets/redrawn/classic/xuenv.png
PASS godot/assets/redrawn/classic/yingcao.png
PASS godot/assets/redrawn/classic/taohuayao.png
PASS godot/assets/redrawn/classic/guniao.png
PASS godot/assets/redrawn/classic/bailang.png
PASS godot/assets/redrawn/classic/caitongzi.png
PASS godot/assets/redrawn/classic/xuetongzi.png
PASS godot/assets/redrawn/classic/shantong.png
PASS godot/assets/redrawn/classic/tiaotiaodidi.png
PASS godot/assets/redrawn/classic/qingshe.png
PASS godot/assets/redrawn/classic/zhen.png
PASS godot/assets/redrawn/classic/haifangzhu.png
PASS godot/assets/redrawn/classic/yimulian.png
PASS godot/assets/redrawn/classic/shuweng.png
PASS godot/assets/redrawn/classic/jue.png
PASS godot/assets/redrawn/classic/quanshen.png
PASS godot/assets/redrawn/classic/panguan.png
PASS godot/assets/redrawn/classic/yijin-zhentian.png
PASS godot/assets/redrawn/classic/fenghuanghuo.png
PASS godot/assets/redrawn/classic/qingfangzhu.png
PASS godot/assets/redrawn/classic/qingwa-ciqi.png
PASS godot/assets/redrawn/classic/shantu.png
PASS godot/assets/redrawn/classic/yaoginshi.png
PASS godot/assets/redrawn/classic/qingxingdeng.png
PASS godot/assets/redrawn/classic/zuofutongzi.png
PASS godot/assets/redrawn/wave2/yaohu.png
PASS godot/assets/redrawn/wave2/tiaotiaomeimei.png
PASS godot/assets/redrawn/wave2/buzhinhuo.png
PASS godot/assets/redrawn/wave2/xiaolunan.png
PASS godot/assets/redrawn/wave2/yanyanluo.png
PASS godot/assets/redrawn/wave2/rihefang.png
PASS godot/assets/redrawn/wave2/lianyou.png
PASS godot/assets/redrawn/wave2/yatiangou.png
PASS godot/assets/redrawn/wave2/lingyuyuqian.png
PASS godot/assets/redrawn/wave3/biyehua.png
PASS godot/assets/redrawn/wave3/huang.png
PASS godot/assets/redrawn/wave3/jiuciliang.png
PASS godot/assets/redrawn/wave3/huiyeji.png
PASS godot/assets/redrawn/wave3/xixueji.png
PASS godot/assets/redrawn/wave3/tianjingxia.png
PASS godot/assets/redrawn/wave3/longyechaji.png
PASS godot/assets/redrawn/wave3/mengpo.png
PASS godot/assets/redrawn/wave3/shanfeng.png
PASS godot/assets/redrawn/wave3/dayueling.png
PASS godot/assets/redrawn/wave3/guiqie.png
PASS godot/assets/redrawn/wave3/wuguishi.png
PASS godot/assets/redrawn/wave3/yinghuayao.png
PASS godot/assets/redrawn/wave3/xun.png
PASS godot/assets/redrawn/wave3/renmianshu.png
PASS godot/assets/redrawn/wave3/tiaotiaogege.png
PASS godot/assets/redrawn/wave3/shimengmo.png
PASS godot/assets/redrawn/wave3/yujiazhu.png
PASS godot/assets/redrawn/wave3/sanmu.png
PASS godot/assets/redrawn/wave4/jieshen.png
PASS godot/assets/redrawn/wave4/gitongwan.png
PASS godot/assets/redrawn/wave4/banruo.png
PASS godot/assets/redrawn/wave4/tieshu.png
PASS godot/assets/redrawn/wave4/hetong.png
PASS godot/assets/redrawn/wave4/zhuiyueshen.png
PASS godot/assets/redrawn/wave4/baimugui.png
PASS godot/assets/redrawn/wave4/wushizhiling.png
PASS godot/assets/redrawn/wave4/guishiheibai.png
PASS godot/assets/redrawn/wave4/huoqumo.png
PASS godot/assets/redrawn/wave4/yuanjiulanghu.png
PASS godot/assets/redrawn/wave4/yingxueji.png
PASS godot/assets/redrawn/wave4/jingliuliqian.png
PASS godot/assets/redrawn/wave4/egui.png
PASS godot/assets/redrawn/wave4/duyanxiaoseng.png
PASS godot/assets/redrawn/wave4/mianqiling.png
PASS godot/assets/redrawn/wave4/jiumingmao.png
PASS godot/assets/redrawn/wave4/axiuluo.png
PASS godot/assets/redrawn/wave4/bayiqidashe.png
PASS godot/assets/redrawn/wave4/jinyuji.png
PASS godot/assets/redrawn/wave4/huangkulou.png
PASS godot/assets/redrawn/wave4/gouchang.png
PASS godot/assets/redrawn/wave4/dishitian.png
PASS godot/assets/redrawn/wave4/xieji.png
PASS godot/assets/redrawn/wave4/yuzaoqian.png
PASS godot/assets/redrawn/wave4/huibishou.png
