tengji original_role=228 pack=wave5
huaniajuan original_role=229 pack=wave5
yanmo original_role=230 pack=wave5
kuileishi original_role=231 pack=wave5
baizangzhu original_role=233 pack=wave5
rulianshi original_role=236 pack=wave5
fengli original_role=232 pack=wave5
guanhu original_role=235 pack=wave5
song original_role=244 pack=wave5
yunwaijing original_role=242 pack=wave5
liangmianfo original_role=238 pack=wave5
heitongzi original_role=240 pack=wave5
baitongzi original_role=241 pack=wave5
xiazhongshaonv original_role=243 pack=wave5
yi original_role=239 pack=wave5
xiaosongwan original_role=245 pack=wave5
wuwu original_role=252 pack=wave5
qianji original_role=247 pack=wave5
shiling original_role=253 pack=wave5
maozhanggui original_role=246 pack=wave5
xingxiongtongzi original_role=251 pack=wave5
yixigong original_role=249 pack=wave5
limao original_role=248 pack=wave5
tuwan original_role=250 pack=wave5
jinnaluo original_role=256 pack=wave6
lingyanji original_role=263 pack=wave6
rurineque original_role=257 pack=wave6
shouwu original_role=260 pack=wave6
gunvhongye original_role=259 pack=wave6
choushizhinv original_role=258 pack=wave6
yifanmumian original_role=261 pack=wave6
yecha original_role=262 pack=wave6
huangchuanzhizhu original_role=271 pack=wave6
wannianzhu original_role=268 pack=wave6
shuzhu original_role=269 pack=wave6
sanweihu original_role=272 pack=wave6
jicanghai original_role=264 pack=wave6
wuchen original_role=265 pack=wave6
ninghongye original_role=266 pack=wave6
tayumenhutao original_role=267 pack=wave6
baize original_role=273 pack=wave6
hudiejing original_role=274 pack=wave6
luoxinfu original_role=275 pack=wave6
yitiao original_role=276 pack=wave6
jialouluo original_role=277 pack=wave6
huajing original_role=278 pack=wave6
yinge original_role=279 pack=wave6
bujianyue original_role=280 pack=wave6
xuzuozhinan original_role=281 pack=wave6
liyujing original_role=282 pack=wave6
chongshi original_role=283 pack=wave6
xieenv original_role=284 pack=wave6
xunxiangxing original_role=288 pack=wave6
linghaidie original_role=287 pack=wave6
yujuchong original_role=285 pack=wave6
hainren original_role=286 pack=wave6
gulonghuo original_role=293 pack=wave7
chuanyuan original_role=294 pack=wave7
erkounv original_role=295 pack=wave7
xiaoxiuzhishou original_role=296 pack=wave7
quanshen-lizhan original_role=292 pack=wave7
yaodaoji-zhuren original_role=289 pack=wave7
datiangou-gangfeng original_role=290 pack=wave7
qingxingdeng-huihuo original_role=291 pack=wave7
kongquemingwang original_role=605 pack=wave7
fenpopo original_role=603 pack=wave7
jiao original_role=606 pack=wave7
ji original_role=604 pack=wave7
jutun-wangkong original_role=602 pack=wave7
caitong-lvli original_role=607 pack=wave7
qingfangzhu-fanchen original_role=299 pack=wave7
panguan-xuanmo original_role=601 pack=wave7
langyazi original_role=615 pack=wave7
yanling original_role=614 pack=wave7
huimingdeng original_role=608 pack=wave7
shifagui original_role=609 pack=wave7
tiannimei original_role=611 pack=wave7
guniao-yuxiang original_role=610 pack=wave7
taohua-luoying original_role=612 pack=wave7
yimulian-linglai original_role=613 pack=wave7
shantu-zuofu original_role=616 pack=wave7
chen original_role=621 pack=wave8
tianzhao original_role=623 pack=wave8
yuedu original_role=622 pack=wave8
gunv original_role=619 pack=wave8
yunv original_role=620 pack=wave8
huang-qiming original_role=617 pack=wave8
zhuiyueshen-shuiyue original_role=618 pack=wave8
wushi-maoshi original_role=624 pack=wave8
yixienamei original_role=625 pack=wave8
guishibai original_role=627 pack=wave8
guishihei original_role=628 pack=wave8
tongnantongnv original_role=632 pack=wave8
zhiwu original_role=633 pack=wave8
daorenshen original_role=626 pack=wave8
ertong original_role=631 pack=wave8
yingcao-pupu original_role=630 pack=wave8
mianqiling-xinsu original_role=629 pack=wave8
fansi original_role=638 pack=wave8
longzi original_role=634 pack=wave8
maochuan original_role=639 pack=wave8
alaina original_role=641 pack=wave8
youning original_role=640 pack=wave8
xiaolunan-qianshou original_role=635 pack=wave8
rihefang-qingyang original_role=637 pack=wave8
yanyanluo-fumiao original_role=636 pack=wave8
REFERENCE_PREFLIGHT_OK count=106 independent_ids=106
