Godot Engine v4.8.dev5.official.9552dfb68 - https://godotengine.org

[   0% ] [90m[1mfirst_scan_filesystem[22m | Started 项目初始化 (5 steps)[39m[0m
[   0% ] [90m[1mfirst_scan_filesystem[22m | 正在扫描文件结构……[39m[0m
[  16% ] [90m[1mfirst_scan_filesystem[22m | 正在加载全局类名……[39m[0m
[  33% ] [90m[1mfirst_scan_filesystem[22m | 正在校验 GDExtension……[39m[0m
[  50% ] [90m[1mfirst_scan_filesystem[22m | 正在创建自动加载脚本……[39m[0m
[  66% ] [90m[1mfirst_scan_filesystem[22m | 正在初始化插件……[39m[0m
[  83% ] [90m[1mfirst_scan_filesystem[22m | 正在启动文件扫描……[39m[0m
[92m[ DONE ][39m [1mfirst_scan_filesystem[22m
[0m
[   0% ] [90m[1mupdate_scripts_classes[22m | Started 正在注册全局类…… (2 steps)[39m[0m
[   0% ] [90m[1mupdate_scripts_classes[22m | [39m[0m
[  33% ] [90m[1mupdate_scripts_classes[22m | [39m[0m
[92m[ DONE ][39m [1mupdate_scripts_classes[22m
[0m
[   0% ] [90m[1m_update_scan_actions[22m | Started 正在扫描动作…… (21 steps)[39m[0m
[   0% ] [90m[1m_update_scan_actions[22m | bailang.png[39m[0m
[   4% ] [90m[1m_update_scan_actions[22m | caitongzi.png[39m[0m
[   9% ] [90m[1m_update_scan_actions[22m | fenghuanghuo.png[39m[0m
[  13% ] [90m[1m_update_scan_actions[22m | haifangzhu.png[39m[0m
[  18% ] [90m[1m_update_scan_actions[22m | jue.png[39m[0m
[  22% ] [90m[1m_update_scan_actions[22m | panguan.png[39m[0m
[  27% ] [90m[1m_update_scan_actions[22m | qingfangzhu.png[39m[0m
[  31% ] [90m[1m_update_scan_actions[22m | qingshe.png[39m[0m
[  36% ] [90m[1m_update_scan_actions[22m | qingwa-ciqi.png[39m[0m
[  40% ] [90m[1m_update_scan_actions[22m | qingxingdeng.png[39m[0m
[  45% ] [90m[1m_update_scan_actions[22m | quanshen.png[39m[0m
[  50% ] [90m[1m_update_scan_actions[22m | shantong.png[39m[0m
[  54% ] [90m[1m_update_scan_actions[22m | shantu.png[39m[0m
[  59% ] [90m[1m_update_scan_actions[22m | shuweng.png[39m[0m
[  63% ] [90m[1m_update_scan_actions[22m | tiaotiaodidi.png[39m[0m
[  68% ] [90m[1m_update_scan_actions[22m | xuetongzi.png[39m[0m
[  72% ] [90m[1m_update_scan_actions[22m | yaoginshi.png[39m[0m
[  77% ] [90m[1m_update_scan_actions[22m | yijin-zhentian.png[39m[0m
[  81% ] [90m[1m_update_scan_actions[22m | yimulian.png[39m[0m
[  86% ] [90m[1m_update_scan_actions[22m | zhen.png[39m[0m
[  90% ] [90m[1m_update_scan_actions[22m | zuofutongzi.png[39m[0m
[92m[ DONE ][39m [1m_update_scan_actions[22m
[0m
[   0% ] [90m[1mreimport[22m | Started 正在导入或重新导入资产 (21 steps)[39m[0m
[   0% ] [90m[1mreimport[22m | 正在准备重新导入文件……[39m[0m
[   4% ] [90m[1mreimport[22m | 正在准备重新导入文件……[39m[0m
[   9% ] [90m[1mreimport[22m | 正在准备重新导入文件……[39m[0m
[  13% ] [90m[1mreimport[22m | 正在准备重新导入文件……[39m[0m
[  18% ] [90m[1mreimport[22m | 正在准备重新导入文件……[39m[0m
[  22% ] [90m[1mreimport[22m | 正在准备重新导入文件……[39m[0m
[  27% ] [90m[1mreimport[22m | 正在准备重新导入文件……[39m[0m
[  31% ] [90m[1mreimport[22m | 正在准备重新导入文件……[39m[0m
[  36% ] [90m[1mreimport[22m | 正在准备重新导入文件……[39m[0m
[  40% ] [90m[1mreimport[22m | 正在准备重新导入文件……[39m[0m
[  45% ] [90m[1mreimport[22m | 正在准备重新导入文件……[39m[0m
[  50% ] [90m[1mreimport[22m | 正在准备重新导入文件……[39m[0m
[  54% ] [90m[1mreimport[22m | 正在准备重新导入文件……[39m[0m
[  59% ] [90m[1mreimport[22m | 正在准备重新导入文件……[39m[0m
[  63% ] [90m[1mreimport[22m | 正在准备重新导入文件……[39m[0m
[  68% ] [90m[1mreimport[22m | 正在准备重新导入文件……[39m[0m
[  72% ] [90m[1mreimport[22m | 正在准备重新导入文件……[39m[0m
[  77% ] [90m[1mreimport[22m | 正在准备重新导入文件……[39m[0m
[  81% ] [90m[1mreimport[22m | 正在准备重新导入文件……[39m[0m
[  86% ] [90m[1mreimport[22m | 正在准备重新导入文件……[39m[0m
[  90% ] [90m[1mreimport[22m | 正在准备重新导入文件……[39m[0m
[   0% ] [90m[1mreimport[22m | 正在执行重新导入的前置操作……[39m[0m
[   0% ] [90m[1mreimport[22m | zuofutongzi.png[39m[0m
[   4% ] [90m[1mreimport[22m | zhen.png[39m[0m
[   9% ] [90m[1mreimport[22m | yimulian.png[39m[0m
[  13% ] [90m[1mreimport[22m | yijin-zhentian.png[39m[0m
[  18% ] [90m[1mreimport[22m | yaoginshi.png[39m[0m
[  22% ] [90m[1mreimport[22m | xuetongzi.png[39m[0m
[  27% ] [90m[1mreimport[22m | tiaotiaodidi.png[39m[0m
[  31% ] [90m[1mreimport[22m | shuweng.png[39m[0m
[  36% ] [90m[1mreimport[22m | shantu.png[39m[0m
[  40% ] [90m[1mreimport[22m | shantong.png[39m[0m
[  45% ] [90m[1mreimport[22m | quanshen.png[39m[0m
[  50% ] [90m[1mreimport[22m | qingxingdeng.png[39m[0m
[  54% ] [90m[1mreimport[22m | qingwa-ciqi.png[39m[0m
[  59% ] [90m[1mreimport[22m | qingshe.png[39m[0m
[  63% ] [90m[1mreimport[22m | qingfangzhu.png[39m[0m
[  63% ] [90m[1mreimport[22m | qingfangzhu.png[39m[0m
[  68% ] [90m[1mreimport[22m | panguan.png[39m[0m
[  72% ] [90m[1mreimport[22m | jue.png[39m[0m
[  77% ] [90m[1mreimport[22m | haifangzhu.png[39m[0m
[  81% ] [90m[1mreimport[22m | fenghuanghuo.png[39m[0m
[  86% ] [90m[1mreimport[22m | caitongzi.png[39m[0m
[  90% ] [90m[1mreimport[22m | bailang.png[39m[0m
[  95% ] [90m[1mreimport[22m | 正在结束资产导入……[39m[0m
[92m[ DONE ][39m [1mreimport[22m
[0m
[   0% ] [90m[1mreimport[22m | Started 正在导入或重新导入资产 (21 steps)[39m[0m
[   0% ] [90m[1mreimport[22m | 正在执行重新导入的后置操作……[39m[0m
[92m[ DONE ][39m [1mreimport[22m
[0m
[   0% ] [90m[1mloading_editor_layout[22m | Started 正在加载编辑器 (5 steps)[39m[0m
[   0% ] [90m[1mloading_editor_layout[22m | 正在加载编辑器布局……[39m[0m
[  16% ] [90m[1mloading_editor_layout[22m | 正在加载停靠面板……[39m[0m
[  33% ] [90m[1mloading_editor_layout[22m | 正在重新打开场景……[39m[0m
[  50% ] [90m[1mloading_editor_layout[22m | 正在加载中央编辑器布局……[39m[0m
[  66% ] [90m[1mloading_editor_layout[22m | 正在加载插件窗口布局……[39m[0m
[  83% ] [90m[1mloading_editor_layout[22m | 编辑器布局就绪。[39m[0m
[92m[ DONE ][39m [1mloading_editor_layout[22m
[0m
