ASSET_OK yaohu source=13400_妖狐.png original_only_revisions=0
ASSET_OK tiaotiaomeimei source=14600_跳跳妹妹.png original_only_revisions=0
ASSET_OK buzhinhuo source=16700_不知火.png original_only_revisions=0
ASSET_OK xiaolunan source=16300_小鹿男.png original_only_revisions=0
ASSET_OK yanyanluo source=16400_烟烟罗.png original_only_revisions=0
ASSET_OK rihefang source=16600_日和坊.png original_only_revisions=0
ASSET_OK lianyou source=13300_镰鼬.png original_only_revisions=1
ASSET_OK yatiangou source=13900_鸦天狗.png original_only_revisions=0
ASSET_OK lingyuyuqian source=18000_铃鹿御前.png original_only_revisions=0
ASSET_OK biyehua source=17000_彼岸花.png original_only_revisions=0
ASSET_OK huang source=17800_荒.png original_only_revisions=0
ASSET_OK jiuciliang source=17900_久次良.png original_only_revisions=0
ASSET_OK huiyeji source=17600_辉夜姬.png original_only_revisions=0
ASSET_OK xixueji source=17300_吸血姬.png original_only_revisions=0
ASSET_OK tianjingxia source=16800_天井下.png original_only_revisions=0
ASSET_OK longyechaji source=17700_泷夜叉姬.png original_only_revisions=0
ASSET_OK mengpo source=17100_孟婆.png original_only_revisions=0
ASSET_OK shanfeng source=17500_山风.png original_only_revisions=0
ASSET_OK dayueling source=19000_大岳丸.png original_only_revisions=0
ASSET_OK guiqie source=19100_鬼切.png original_only_revisions=0
ASSET_OK wuguishi source=19200_巫蛊师.png original_only_revisions=0
ASSET_OK yinghuayao source=18400_樱花妖.png original_only_revisions=0
ASSET_OK xun source=18600_薰.png original_only_revisions=0
ASSET_OK renmianshu source=18100_人面树.png original_only_revisions=0
ASSET_OK tiaotiaogege source=18300_跳跳哥哥.png original_only_revisions=0
ASSET_OK shimengmo source=18700_食梦貘.png original_only_revisions=0
ASSET_OK yujiazhu source=18900_御馔津.png original_only_revisions=0
ASSET_OK sanmu source=18500_三目.png original_only_revisions=0
ASSET_PROVENANCE_OK new=28 total=57 source_role_matches=28 runtime_matches_selected=28 original_only_revisions=1
