Godot Engine v4.8.dev5.official.9552dfb68 - https://godotengine.org
OpenGL API 4.1 Metal - 91.7 - Compatibility - Using Device: Apple - Apple M5

SHOT 01-wave23-portraits-01
SHOT 01-wave23-portraits-02
SHOT 01-wave23-portraits-03
SHOT 01-wave23-portraits-04
SHOT 02-wave2-formation
SHOT 02-wave3-formation
SHOT 03-buzhinhuo-deck
SHOT 04-wave23-battle-01
SHOT 04-wave23-battle-02
SHOT 04-wave23-battle-03
SHOT 04-wave23-battle-04
SHOT 04-wave23-battle-05
SHOT 04-wave23-battle-06
SHOT 04-wave23-battle-07
SHOT 05-legal-target-line
SHOT 06-invalid-target-line
SHOT 07-attack-impact
SHOT 08-attack-settled
REDRAWN_CAPTURE_DONE
