Godot Engine v4.8.dev5.official.9552dfb68 - https://godotengine.org

[   0% ] [90m[1mfirst_scan_filesystem[22m | Started 项目初始化 (5 steps)[39m[0m
[   0% ] [90m[1mfirst_scan_filesystem[22m | 正在扫描文件结构……[39m[0m
[  16% ] [90m[1mfirst_scan_filesystem[22m | 正在加载全局类名……[39m[0m
[  33% ] [90m[1mfirst_scan_filesystem[22m | 正在校验 GDExtension……[39m[0m
[  50% ] [90m[1mfirst_scan_filesystem[22m | 正在创建自动加载脚本……[39m[0m
[  66% ] [90m[1mfirst_scan_filesystem[22m | 正在初始化插件……[39m[0m
[  83% ] [90m[1mfirst_scan_filesystem[22m | 正在启动文件扫描……[39m[0m
[92m[ DONE ][39m [1mfirst_scan_filesystem[22m
[0m
[   0% ] [90m[1mupdate_scripts_classes[22m | Started 正在注册全局类…… (2 steps)[39m[0m
[   0% ] [90m[1mupdate_scripts_classes[22m | [39m[0m
[  33% ] [90m[1mupdate_scripts_classes[22m | BattleScreen[39m[0m
[92m[ DONE ][39m [1mupdate_scripts_classes[22m
[0m
[   0% ] [90m[1m_update_scan_actions[22m | Started 正在扫描动作…… (27 steps)[39m[0m
[   0% ] [90m[1m_update_scan_actions[22m | buzhinhuo.png[39m[0m
[   3% ] [90m[1m_update_scan_actions[22m | lingyuyuqian.png[39m[0m
[   7% ] [90m[1m_update_scan_actions[22m | rihefang.png[39m[0m
[  10% ] [90m[1m_update_scan_actions[22m | tiaotiaomeimei.png[39m[0m
[  14% ] [90m[1m_update_scan_actions[22m | xiaolunan.png[39m[0m
[  17% ] [90m[1m_update_scan_actions[22m | yanyanluo.png[39m[0m
[  21% ] [90m[1m_update_scan_actions[22m | yaohu.png[39m[0m
[  25% ] [90m[1m_update_scan_actions[22m | yatiangou.png[39m[0m
[  28% ] [90m[1m_update_scan_actions[22m | biyehua.png[39m[0m
[  32% ] [90m[1m_update_scan_actions[22m | dayueling.png[39m[0m
[  35% ] [90m[1m_update_scan_actions[22m | guiqie.png[39m[0m
[  39% ] [90m[1m_update_scan_actions[22m | huang.png[39m[0m
[  42% ] [90m[1m_update_scan_actions[22m | huiyeji.png[39m[0m
[  46% ] [90m[1m_update_scan_actions[22m | jiuciliang.png[39m[0m
[  50% ] [90m[1m_update_scan_actions[22m | longyechaji.png[39m[0m
[  53% ] [90m[1m_update_scan_actions[22m | mengpo.png[39m[0m
[  57% ] [90m[1m_update_scan_actions[22m | renmianshu.png[39m[0m
[  60% ] [90m[1m_update_scan_actions[22m | sanmu.png[39m[0m
[  64% ] [90m[1m_update_scan_actions[22m | shanfeng.png[39m[0m
[  67% ] [90m[1m_update_scan_actions[22m | shimengmo.png[39m[0m
[  71% ] [90m[1m_update_scan_actions[22m | tianjingxia.png[39m[0m
[  75% ] [90m[1m_update_scan_actions[22m | tiaotiaogege.png[39m[0m
[  78% ] [90m[1m_update_scan_actions[22m | wuguishi.png[39m[0m
[  82% ] [90m[1m_update_scan_actions[22m | xixueji.png[39m[0m
[  85% ] [90m[1m_update_scan_actions[22m | xun.png[39m[0m
[  89% ] [90m[1m_update_scan_actions[22m | yinghuayao.png[39m[0m
[  92% ] [90m[1m_update_scan_actions[22m | yujiazhu.png[39m[0m
[92m[ DONE ][39m [1m_update_scan_actions[22m
[0m
[   0% ] [90m[1mreimport[22m | Started 正在导入或重新导入资产 (27 steps)[39m[0m
[   0% ] [90m[1mreimport[22m | 正在准备重新导入文件……[39m[0m
[   3% ] [90m[1mreimport[22m | 正在准备重新导入文件……[39m[0m
[   7% ] [90m[1mreimport[22m | 正在准备重新导入文件……[39m[0m
[  10% ] [90m[1mreimport[22m | 正在准备重新导入文件……[39m[0m
[  14% ] [90m[1mreimport[22m | 正在准备重新导入文件……[39m[0m
[  17% ] [90m[1mreimport[22m | 正在准备重新导入文件……[39m[0m
[  21% ] [90m[1mreimport[22m | 正在准备重新导入文件……[39m[0m
[  25% ] [90m[1mreimport[22m | 正在准备重新导入文件……[39m[0m
[  28% ] [90m[1mreimport[22m | 正在准备重新导入文件……[39m[0m
[  32% ] [90m[1mreimport[22m | 正在准备重新导入文件……[39m[0m
[  35% ] [90m[1mreimport[22m | 正在准备重新导入文件……[39m[0m
[  39% ] [90m[1mreimport[22m | 正在准备重新导入文件……[39m[0m
[  42% ] [90m[1mreimport[22m | 正在准备重新导入文件……[39m[0m
[  46% ] [90m[1mreimport[22m | 正在准备重新导入文件……[39m[0m
[  50% ] [90m[1mreimport[22m | 正在准备重新导入文件……[39m[0m
[  53% ] [90m[1mreimport[22m | 正在准备重新导入文件……[39m[0m
[  57% ] [90m[1mreimport[22m | 正在准备重新导入文件……[39m[0m
[  60% ] [90m[1mreimport[22m | 正在准备重新导入文件……[39m[0m
[  64% ] [90m[1mreimport[22m | 正在准备重新导入文件……[39m[0m
[  67% ] [90m[1mreimport[22m | 正在准备重新导入文件……[39m[0m
[  71% ] [90m[1mreimport[22m | 正在准备重新导入文件……[39m[0m
[  75% ] [90m[1mreimport[22m | 正在准备重新导入文件……[39m[0m
[  78% ] [90m[1mreimport[22m | 正在准备重新导入文件……[39m[0m
[  82% ] [90m[1mreimport[22m | 正在准备重新导入文件……[39m[0m
[  85% ] [90m[1mreimport[22m | 正在准备重新导入文件……[39m[0m
[  89% ] [90m[1mreimport[22m | 正在准备重新导入文件……[39m[0m
[  92% ] [90m[1mreimport[22m | 正在准备重新导入文件……[39m[0m
[   0% ] [90m[1mreimport[22m | 正在执行重新导入的前置操作……[39m[0m
[   0% ] [90m[1mreimport[22m | yujiazhu.png[39m[0m
[   0% ] [90m[1mreimport[22m | yujiazhu.png[39m[0m
[   3% ] [90m[1mreimport[22m | yinghuayao.png[39m[0m
[   7% ] [90m[1mreimport[22m | xun.png[39m[0m
[  10% ] [90m[1mreimport[22m | xixueji.png[39m[0m
[  14% ] [90m[1mreimport[22m | wuguishi.png[39m[0m
[  17% ] [90m[1mreimport[22m | tiaotiaogege.png[39m[0m
[  21% ] [90m[1mreimport[22m | tianjingxia.png[39m[0m
[  25% ] [90m[1mreimport[22m | shimengmo.png[39m[0m
[  25% ] [90m[1mreimport[22m | shimengmo.png[39m[0m
[  28% ] [90m[1mreimport[22m | shanfeng.png[39m[0m
[  32% ] [90m[1mreimport[22m | sanmu.png[39m[0m
[  35% ] [90m[1mreimport[22m | renmianshu.png[39m[0m
[  39% ] [90m[1mreimport[22m | mengpo.png[39m[0m
[  42% ] [90m[1mreimport[22m | longyechaji.png[39m[0m
[  46% ] [90m[1mreimport[22m | jiuciliang.png[39m[0m
[  50% ] [90m[1mreimport[22m | huiyeji.png[39m[0m
[  50% ] [90m[1mreimport[22m | huiyeji.png[39m[0m
[  53% ] [90m[1mreimport[22m | huang.png[39m[0m
[  57% ] [90m[1mreimport[22m | guiqie.png[39m[0m
[  60% ] [90m[1mreimport[22m | dayueling.png[39m[0m
[  64% ] [90m[1mreimport[22m | biyehua.png[39m[0m
[  67% ] [90m[1mreimport[22m | yatiangou.png[39m[0m
[  71% ] [90m[1mreimport[22m | yaohu.png[39m[0m
[  75% ] [90m[1mreimport[22m | yanyanluo.png[39m[0m
[  75% ] [90m[1mreimport[22m | yanyanluo.png[39m[0m
[  78% ] [90m[1mreimport[22m | xiaolunan.png[39m[0m
[  82% ] [90m[1mreimport[22m | tiaotiaomeimei.png[39m[0m
[  85% ] [90m[1mreimport[22m | rihefang.png[39m[0m
[  89% ] [90m[1mreimport[22m | lingyuyuqian.png[39m[0m
[  92% ] [90m[1mreimport[22m | buzhinhuo.png[39m[0m
[  96% ] [90m[1mreimport[22m | 正在结束资产导入……[39m[0m
[92m[ DONE ][39m [1mreimport[22m
[0m
[   0% ] [90m[1mreimport[22m | Started 正在导入或重新导入资产 (27 steps)[39m[0m
[   0% ] [90m[1mreimport[22m | 正在执行重新导入的后置操作……[39m[0m
[92m[ DONE ][39m [1mreimport[22m
[0m
[   0% ] [90m[1mloading_editor_layout[22m | Started 正在加载编辑器 (5 steps)[39m[0m
[   0% ] [90m[1mloading_editor_layout[22m | 正在加载编辑器布局……[39m[0m
[  16% ] [90m[1mloading_editor_layout[22m | 正在加载停靠面板……[39m[0m
[  33% ] [90m[1mloading_editor_layout[22m | 正在重新打开场景……[39m[0m
[  50% ] [90m[1mloading_editor_layout[22m | 正在加载中央编辑器布局……[39m[0m
[  66% ] [90m[1mloading_editor_layout[22m | 正在加载插件窗口布局……[39m[0m
[  83% ] [90m[1mloading_editor_layout[22m | 编辑器布局就绪。[39m[0m
[92m[ DONE ][39m [1mloading_editor_layout[22m
[0m
